
==========================================================================
floorplan final report_tns
--------------------------------------------------------------------------
tns 0.00

==========================================================================
floorplan final report_wns
--------------------------------------------------------------------------
wns 0.00

==========================================================================
floorplan final report_worst_slack
--------------------------------------------------------------------------
worst slack 0.60

==========================================================================
floorplan final report_checks -path_delay min
--------------------------------------------------------------------------
Startpoint: ready_dash$_SDFF_PP0_
            (rising edge-triggered flip-flop clocked by core_clock)
Endpoint: ready$_DFF_P_ (rising edge-triggered flip-flop clocked by core_clock)
Path Group: core_clock
Path Type: min

Fanout     Cap    Slew   Delay    Time   Description
-----------------------------------------------------------------------------
                  0.00    0.00    0.00   clock core_clock (rise edge)
                          0.00    0.00   clock network delay (ideal)
                  0.00    0.00    0.00 ^ ready_dash$_SDFF_PP0_/CLK (sky130_fd_sc_hd__dfxtp_1)
     1    0.00    0.03    0.27    0.27 ^ ready_dash$_SDFF_PP0_/Q (sky130_fd_sc_hd__dfxtp_1)
                                         ready_dash (net)
                  0.03    0.00    0.27 ^ ready$_DFF_P_/D (sky130_fd_sc_hd__dfxtp_1)
                                  0.27   data arrival time

                  0.00    0.00    0.00   clock core_clock (rise edge)
                          0.00    0.00   clock network delay (ideal)
                          0.00    0.00   clock reconvergence pessimism
                                  0.00 ^ ready$_DFF_P_/CLK (sky130_fd_sc_hd__dfxtp_1)
                         -0.03   -0.03   library hold time
                                 -0.03   data required time
-----------------------------------------------------------------------------
                                 -0.03   data required time
                                 -0.27   data arrival time
-----------------------------------------------------------------------------
                                  0.31   slack (MET)



==========================================================================
floorplan final report_checks -path_delay max
--------------------------------------------------------------------------
Startpoint: hash/p2_cap[11]$_DFF_P_
            (rising edge-triggered flip-flop clocked by core_clock)
Endpoint: hash/p3_cap[31]$_DFF_P_
          (rising edge-triggered flip-flop clocked by core_clock)
Path Group: core_clock
Path Type: max

Fanout     Cap    Slew   Delay    Time   Description
-----------------------------------------------------------------------------
                  0.00    0.00    0.00   clock core_clock (rise edge)
                          0.00    0.00   clock network delay (ideal)
                  0.00    0.00    0.00 ^ hash/p2_cap[11]$_DFF_P_/CLK (sky130_fd_sc_hd__dfxtp_1)
     5    0.01    0.13    0.35    0.35 ^ hash/p2_cap[11]$_DFF_P_/Q (sky130_fd_sc_hd__dfxtp_1)
                                         hash/p2_cap[11] (net)
                  0.13    0.00    0.35 ^ hash/CA2/S1/_00_/A (sky130_fd_sc_hd__xor3_1)
     1    0.00    0.07    0.42    0.77 v hash/CA2/S1/_00_/X (sky130_fd_sc_hd__xor3_1)
                                         hash/CA2/s1[0] (net)
                  0.07    0.00    0.77 v hash/CA2/_2242_/A (sky130_fd_sc_hd__ha_1)
     3    0.01    0.08    0.24    1.01 v hash/CA2/_2242_/COUT (sky130_fd_sc_hd__ha_1)
                                         hash/CA2/_0615_ (net)
                  0.08    0.00    1.01 v hash/CA2/_2147_/B (sky130_fd_sc_hd__fa_1)
     2    0.01    0.09    0.42    1.43 v hash/CA2/_2147_/COUT (sky130_fd_sc_hd__fa_1)
                                         hash/CA2/_0617_ (net)
                  0.09    0.00    1.43 v hash/CA2/_1225_/A2 (sky130_fd_sc_hd__a21o_1)
     1    0.00    0.03    0.19    1.62 v hash/CA2/_1225_/X (sky130_fd_sc_hd__a21o_1)
                                         hash/CA2/_0525_ (net)
                  0.03    0.00    1.62 v hash/CA2/_1226_/A2 (sky130_fd_sc_hd__a21oi_1)
     3    0.01    0.23    0.22    1.83 ^ hash/CA2/_1226_/Y (sky130_fd_sc_hd__a21oi_1)
                                         hash/CA2/_0526_ (net)
                  0.23    0.00    1.83 ^ hash/CA2/_1235_/A2 (sky130_fd_sc_hd__o21ai_0)
     2    0.00    0.10    0.13    1.96 v hash/CA2/_1235_/Y (sky130_fd_sc_hd__o21ai_0)
                                         hash/CA2/_0529_ (net)
                  0.10    0.00    1.96 v hash/CA2/_1240_/A (sky130_fd_sc_hd__and2_4)
     3    0.01    0.04    0.16    2.12 v hash/CA2/_1240_/X (sky130_fd_sc_hd__and2_4)
                                         hash/CA2/_0534_ (net)
                  0.04    0.00    2.12 v hash/CA2/_1257_/A2 (sky130_fd_sc_hd__a21o_1)
     1    0.00    0.03    0.16    2.29 v hash/CA2/_1257_/X (sky130_fd_sc_hd__a21o_1)
                                         hash/CA2/_0545_ (net)
                  0.03    0.00    2.29 v hash/CA2/_1258_/A2 (sky130_fd_sc_hd__a21o_1)
     1    0.00    0.04    0.17    2.46 v hash/CA2/_1258_/X (sky130_fd_sc_hd__a21o_1)
                                         hash/CA2/_0546_ (net)
                  0.04    0.00    2.46 v hash/CA2/_1259_/B (sky130_fd_sc_hd__xor2_1)
     2    0.01    0.06    0.14    2.61 v hash/CA2/_1259_/X (sky130_fd_sc_hd__xor2_1)
                                         hash/CA2/_0982_ (net)
                  0.06    0.00    2.61 v hash/CA2/_2262_/B (sky130_fd_sc_hd__ha_1)
     5    0.01    0.10    0.33    2.93 v hash/CA2/_2262_/SUM (sky130_fd_sc_hd__ha_1)
                                         hash/CA2/_0984_ (net)
                  0.10    0.00    2.93 v hash/CA2/_2025_/A1 (sky130_fd_sc_hd__a21o_1)
     1    0.00    0.03    0.17    3.10 v hash/CA2/_2025_/X (sky130_fd_sc_hd__a21o_1)
                                         hash/CA2/_0427_ (net)
                  0.03    0.00    3.10 v hash/CA2/_2026_/A2 (sky130_fd_sc_hd__a21oi_1)
     1    0.00    0.09    0.11    3.22 ^ hash/CA2/_2026_/Y (sky130_fd_sc_hd__a21oi_1)
                                         hash/CA2/_0428_ (net)
                  0.09    0.00    3.22 ^ hash/CA2/_2028_/A2 (sky130_fd_sc_hd__o21ai_0)
     2    0.00    0.08    0.09    3.31 v hash/CA2/_2028_/Y (sky130_fd_sc_hd__o21ai_0)
                                         hash/CA2/_0430_ (net)
                  0.08    0.00    3.31 v hash/CA2/_2050_/A1 (sky130_fd_sc_hd__a31oi_1)
     2    0.00    0.17    0.17    3.48 ^ hash/CA2/_2050_/Y (sky130_fd_sc_hd__a31oi_1)
                                         hash/CA2/_0448_ (net)
                  0.17    0.00    3.48 ^ hash/CA2/_2063_/A2 (sky130_fd_sc_hd__a21oi_1)
     1    0.00    0.07    0.10    3.58 v hash/CA2/_2063_/Y (sky130_fd_sc_hd__a21oi_1)
                                         hash/CA2/_0459_ (net)
                  0.07    0.00    3.58 v hash/CA2/_2064_/C1 (sky130_fd_sc_hd__a211o_4)
     4    0.01    0.06    0.28    3.86 v hash/CA2/_2064_/X (sky130_fd_sc_hd__a211o_4)
                                         hash/CA2/_0460_ (net)
                  0.06    0.00    3.86 v hash/CA2/_2086_/A1 (sky130_fd_sc_hd__a311o_1)
     1    0.00    0.05    0.26    4.12 v hash/CA2/_2086_/X (sky130_fd_sc_hd__a311o_1)
                                         hash/CA2/_0478_ (net)
                  0.05    0.00    4.12 v hash/CA2/_2087_/A2 (sky130_fd_sc_hd__a21oi_1)
     1    0.00    0.14    0.16    4.28 ^ hash/CA2/_2087_/Y (sky130_fd_sc_hd__a21oi_1)
                                         hash/CA2/_0479_ (net)
                  0.14    0.00    4.28 ^ hash/CA2/_2088_/B (sky130_fd_sc_hd__xnor2_1)
     1    0.00    0.06    0.09    4.37 v hash/CA2/_2088_/Y (sky130_fd_sc_hd__xnor2_1)
                                         hash/e_new[25] (net)
                  0.06    0.00    4.37 v hash/_3540_/A0 (sky130_fd_sc_hd__mux2_8)
     6    0.03    0.09    0.33    4.70 v hash/_3540_/X (sky130_fd_sc_hd__mux2_8)
                                         hash/e[25] (net)
                  0.09    0.00    4.70 v hash/CA1/S1/_00_/C (sky130_fd_sc_hd__xor3_1)
     1    0.00    0.06    0.21    4.91 ^ hash/CA1/S1/_00_/X (sky130_fd_sc_hd__xor3_1)
                                         hash/CA1/s1[0] (net)
                  0.06    0.00    4.91 ^ hash/CA1/_3621_/A (sky130_fd_sc_hd__ha_1)
     3    0.01    0.09    0.17    5.08 ^ hash/CA1/_3621_/COUT (sky130_fd_sc_hd__ha_1)
                                         hash/CA1/_1631_ (net)
                  0.09    0.00    5.08 ^ hash/CA1/_2333_/A (sky130_fd_sc_hd__inv_1)
     1    0.01    0.04    0.06    5.14 v hash/CA1/_2333_/Y (sky130_fd_sc_hd__inv_1)
                                         hash/CA1/_1056_ (net)
                  0.04    0.00    5.14 v hash/CA1/_3433_/B (sky130_fd_sc_hd__fa_1)
     2    0.01    0.09    0.41    5.55 v hash/CA1/_3433_/COUT (sky130_fd_sc_hd__fa_1)
                                         hash/CA1/_1058_ (net)
                  0.09    0.00    5.55 v hash/CA1/_1984_/A (sky130_fd_sc_hd__nor2b_1)
     1    0.00    0.07    0.11    5.66 ^ hash/CA1/_1984_/Y (sky130_fd_sc_hd__nor2b_1)
                                         hash/CA1/_0005_ (net)
                  0.07    0.00    5.66 ^ hash/CA1/_1985_/A2 (sky130_fd_sc_hd__o21ai_0)
     1    0.00    0.06    0.07    5.73 v hash/CA1/_1985_/Y (sky130_fd_sc_hd__o21ai_0)
                                         hash/CA1/_0006_ (net)
                  0.06    0.00    5.73 v hash/CA1/_1986_/B (sky130_fd_sc_hd__nand2b_1)
     2    0.01    0.09    0.10    5.83 ^ hash/CA1/_1986_/Y (sky130_fd_sc_hd__nand2b_1)
                                         hash/CA1/_0007_ (net)
                  0.09    0.00    5.83 ^ hash/CA1/_2009_/A2 (sky130_fd_sc_hd__a21oi_1)
     3    0.01    0.07    0.09    5.92 v hash/CA1/_2009_/Y (sky130_fd_sc_hd__a21oi_1)
                                         hash/CA1/_0021_ (net)
                  0.07    0.00    5.92 v hash/CA1/_2071_/A1 (sky130_fd_sc_hd__o211a_1)
     1    0.00    0.05    0.23    6.15 v hash/CA1/_2071_/X (sky130_fd_sc_hd__o211a_1)
                                         hash/CA1/_0065_ (net)
                  0.05    0.00    6.15 v hash/CA1/_2074_/A (sky130_fd_sc_hd__nor2_2)
     4    0.01    0.15    0.16    6.31 ^ hash/CA1/_2074_/Y (sky130_fd_sc_hd__nor2_2)
                                         hash/CA1/_0068_ (net)
                  0.15    0.00    6.31 ^ hash/CA1/_2133_/A3 (sky130_fd_sc_hd__a41oi_1)
     2    0.01    0.13    0.17    6.48 v hash/CA1/_2133_/Y (sky130_fd_sc_hd__a41oi_1)
                                         hash/CA1/_0111_ (net)
                  0.13    0.00    6.48 v hash/CA1/_2134_/B (sky130_fd_sc_hd__xnor2_1)
     2    0.01    0.24    0.25    6.73 ^ hash/CA1/_2134_/Y (sky130_fd_sc_hd__xnor2_1)
                                         hash/CA1/_1311_ (net)
                  0.24    0.00    6.73 ^ hash/CA1/_2135_/A (sky130_fd_sc_hd__inv_1)
     1    0.01    0.07    0.09    6.82 v hash/CA1/_2135_/Y (sky130_fd_sc_hd__inv_1)
                                         hash/CA1/_1133_ (net)
                  0.07    0.00    6.82 v hash/CA1/_3449_/B (sky130_fd_sc_hd__fa_1)
     1    0.00    0.05    0.50    7.31 ^ hash/CA1/_3449_/SUM (sky130_fd_sc_hd__fa_1)
                                         hash/CA1/_1136_ (net)
                  0.05    0.00    7.31 ^ hash/CA1/_2380_/A (sky130_fd_sc_hd__inv_1)
     1    0.00    0.02    0.04    7.35 v hash/CA1/_2380_/Y (sky130_fd_sc_hd__inv_1)
                                         hash/CA1/_1755_ (net)
                  0.02    0.00    7.35 v hash/CA1/_3668_/A (sky130_fd_sc_hd__ha_1)
     6    0.01    0.11    0.34    7.69 v hash/CA1/_3668_/SUM (sky130_fd_sc_hd__ha_1)
                                         hash/CA1/_1757_ (net)
                  0.11    0.00    7.69 v hash/CA1/_3125_/A1 (sky130_fd_sc_hd__a21oi_1)
     2    0.00    0.15    0.17    7.86 ^ hash/CA1/_3125_/Y (sky130_fd_sc_hd__a21oi_1)
                                         hash/CA1/_0762_ (net)
                  0.15    0.00    7.86 ^ hash/CA1/_3132_/A2 (sky130_fd_sc_hd__o21bai_1)
     1    0.00    0.05    0.07    7.94 v hash/CA1/_3132_/Y (sky130_fd_sc_hd__o21bai_1)
                                         hash/CA1/_0767_ (net)
                  0.05    0.00    7.94 v hash/CA1/_3133_/A2 (sky130_fd_sc_hd__a21o_1)
     2    0.00    0.04    0.18    8.12 v hash/CA1/_3133_/X (sky130_fd_sc_hd__a21o_1)
                                         hash/CA1/_0768_ (net)
                  0.04    0.00    8.12 v hash/CA1/_3143_/A2 (sky130_fd_sc_hd__a21o_1)
     1    0.00    0.03    0.17    8.28 v hash/CA1/_3143_/X (sky130_fd_sc_hd__a21o_1)
                                         hash/CA1/_0776_ (net)
                  0.03    0.00    8.28 v hash/CA1/_3144_/A2 (sky130_fd_sc_hd__a21oi_1)
     2    0.00    0.14    0.15    8.43 ^ hash/CA1/_3144_/Y (sky130_fd_sc_hd__a21oi_1)
                                         hash/CA1/_0777_ (net)
                  0.14    0.00    8.43 ^ hash/CA1/_3172_/A1 (sky130_fd_sc_hd__o21ai_0)
     1    0.00    0.06    0.10    8.53 v hash/CA1/_3172_/Y (sky130_fd_sc_hd__o21ai_0)
                                         hash/CA1/_0801_ (net)
                  0.06    0.00    8.53 v hash/CA1/_3173_/B1 (sky130_fd_sc_hd__a21oi_1)
     2    0.01    0.24    0.21    8.74 ^ hash/CA1/_3173_/Y (sky130_fd_sc_hd__a21oi_1)
                                         hash/CA1/_0802_ (net)
                  0.24    0.00    8.74 ^ hash/CA1/_3188_/A1 (sky130_fd_sc_hd__o21ai_2)
     4    0.01    0.08    0.12    8.87 v hash/CA1/_3188_/Y (sky130_fd_sc_hd__o21ai_2)
                                         hash/CA1/_0815_ (net)
                  0.08    0.00    8.87 v hash/CA1/_3212_/A1 (sky130_fd_sc_hd__a221oi_1)
     1    0.00    0.28    0.31    9.17 ^ hash/CA1/_3212_/Y (sky130_fd_sc_hd__a221oi_1)
                                         hash/CA1/_0835_ (net)
                  0.28    0.00    9.17 ^ hash/CA1/_3214_/A (sky130_fd_sc_hd__xnor2_1)
     1    0.00    0.06    0.10    9.28 v hash/CA1/_3214_/Y (sky130_fd_sc_hd__xnor2_1)
                                         hash/p3[31] (net)
                  0.06    0.00    9.28 v hash/p3_cap[31]$_DFF_P_/D (sky130_fd_sc_hd__dfxtp_1)
                                  9.28   data arrival time

                  0.00   10.00   10.00   clock core_clock (rise edge)
                          0.00   10.00   clock network delay (ideal)
                          0.00   10.00   clock reconvergence pessimism
                                 10.00 ^ hash/p3_cap[31]$_DFF_P_/CLK (sky130_fd_sc_hd__dfxtp_1)
                         -0.13    9.87   library setup time
                                  9.87   data required time
-----------------------------------------------------------------------------
                                  9.87   data required time
                                 -9.28   data arrival time
-----------------------------------------------------------------------------
                                  0.60   slack (MET)



==========================================================================
floorplan final report_checks -unconstrained
--------------------------------------------------------------------------
Startpoint: hash/p2_cap[11]$_DFF_P_
            (rising edge-triggered flip-flop clocked by core_clock)
Endpoint: hash/p3_cap[31]$_DFF_P_
          (rising edge-triggered flip-flop clocked by core_clock)
Path Group: core_clock
Path Type: max

Fanout     Cap    Slew   Delay    Time   Description
-----------------------------------------------------------------------------
                  0.00    0.00    0.00   clock core_clock (rise edge)
                          0.00    0.00   clock network delay (ideal)
                  0.00    0.00    0.00 ^ hash/p2_cap[11]$_DFF_P_/CLK (sky130_fd_sc_hd__dfxtp_1)
     5    0.01    0.13    0.35    0.35 ^ hash/p2_cap[11]$_DFF_P_/Q (sky130_fd_sc_hd__dfxtp_1)
                                         hash/p2_cap[11] (net)
                  0.13    0.00    0.35 ^ hash/CA2/S1/_00_/A (sky130_fd_sc_hd__xor3_1)
     1    0.00    0.07    0.42    0.77 v hash/CA2/S1/_00_/X (sky130_fd_sc_hd__xor3_1)
                                         hash/CA2/s1[0] (net)
                  0.07    0.00    0.77 v hash/CA2/_2242_/A (sky130_fd_sc_hd__ha_1)
     3    0.01    0.08    0.24    1.01 v hash/CA2/_2242_/COUT (sky130_fd_sc_hd__ha_1)
                                         hash/CA2/_0615_ (net)
                  0.08    0.00    1.01 v hash/CA2/_2147_/B (sky130_fd_sc_hd__fa_1)
     2    0.01    0.09    0.42    1.43 v hash/CA2/_2147_/COUT (sky130_fd_sc_hd__fa_1)
                                         hash/CA2/_0617_ (net)
                  0.09    0.00    1.43 v hash/CA2/_1225_/A2 (sky130_fd_sc_hd__a21o_1)
     1    0.00    0.03    0.19    1.62 v hash/CA2/_1225_/X (sky130_fd_sc_hd__a21o_1)
                                         hash/CA2/_0525_ (net)
                  0.03    0.00    1.62 v hash/CA2/_1226_/A2 (sky130_fd_sc_hd__a21oi_1)
     3    0.01    0.23    0.22    1.83 ^ hash/CA2/_1226_/Y (sky130_fd_sc_hd__a21oi_1)
                                         hash/CA2/_0526_ (net)
                  0.23    0.00    1.83 ^ hash/CA2/_1235_/A2 (sky130_fd_sc_hd__o21ai_0)
     2    0.00    0.10    0.13    1.96 v hash/CA2/_1235_/Y (sky130_fd_sc_hd__o21ai_0)
                                         hash/CA2/_0529_ (net)
                  0.10    0.00    1.96 v hash/CA2/_1240_/A (sky130_fd_sc_hd__and2_4)
     3    0.01    0.04    0.16    2.12 v hash/CA2/_1240_/X (sky130_fd_sc_hd__and2_4)
                                         hash/CA2/_0534_ (net)
                  0.04    0.00    2.12 v hash/CA2/_1257_/A2 (sky130_fd_sc_hd__a21o_1)
     1    0.00    0.03    0.16    2.29 v hash/CA2/_1257_/X (sky130_fd_sc_hd__a21o_1)
                                         hash/CA2/_0545_ (net)
                  0.03    0.00    2.29 v hash/CA2/_1258_/A2 (sky130_fd_sc_hd__a21o_1)
     1    0.00    0.04    0.17    2.46 v hash/CA2/_1258_/X (sky130_fd_sc_hd__a21o_1)
                                         hash/CA2/_0546_ (net)
                  0.04    0.00    2.46 v hash/CA2/_1259_/B (sky130_fd_sc_hd__xor2_1)
     2    0.01    0.06    0.14    2.61 v hash/CA2/_1259_/X (sky130_fd_sc_hd__xor2_1)
                                         hash/CA2/_0982_ (net)
                  0.06    0.00    2.61 v hash/CA2/_2262_/B (sky130_fd_sc_hd__ha_1)
     5    0.01    0.10    0.33    2.93 v hash/CA2/_2262_/SUM (sky130_fd_sc_hd__ha_1)
                                         hash/CA2/_0984_ (net)
                  0.10    0.00    2.93 v hash/CA2/_2025_/A1 (sky130_fd_sc_hd__a21o_1)
     1    0.00    0.03    0.17    3.10 v hash/CA2/_2025_/X (sky130_fd_sc_hd__a21o_1)
                                         hash/CA2/_0427_ (net)
                  0.03    0.00    3.10 v hash/CA2/_2026_/A2 (sky130_fd_sc_hd__a21oi_1)
     1    0.00    0.09    0.11    3.22 ^ hash/CA2/_2026_/Y (sky130_fd_sc_hd__a21oi_1)
                                         hash/CA2/_0428_ (net)
                  0.09    0.00    3.22 ^ hash/CA2/_2028_/A2 (sky130_fd_sc_hd__o21ai_0)
     2    0.00    0.08    0.09    3.31 v hash/CA2/_2028_/Y (sky130_fd_sc_hd__o21ai_0)
                                         hash/CA2/_0430_ (net)
                  0.08    0.00    3.31 v hash/CA2/_2050_/A1 (sky130_fd_sc_hd__a31oi_1)
     2    0.00    0.17    0.17    3.48 ^ hash/CA2/_2050_/Y (sky130_fd_sc_hd__a31oi_1)
                                         hash/CA2/_0448_ (net)
                  0.17    0.00    3.48 ^ hash/CA2/_2063_/A2 (sky130_fd_sc_hd__a21oi_1)
     1    0.00    0.07    0.10    3.58 v hash/CA2/_2063_/Y (sky130_fd_sc_hd__a21oi_1)
                                         hash/CA2/_0459_ (net)
                  0.07    0.00    3.58 v hash/CA2/_2064_/C1 (sky130_fd_sc_hd__a211o_4)
     4    0.01    0.06    0.28    3.86 v hash/CA2/_2064_/X (sky130_fd_sc_hd__a211o_4)
                                         hash/CA2/_0460_ (net)
                  0.06    0.00    3.86 v hash/CA2/_2086_/A1 (sky130_fd_sc_hd__a311o_1)
     1    0.00    0.05    0.26    4.12 v hash/CA2/_2086_/X (sky130_fd_sc_hd__a311o_1)
                                         hash/CA2/_0478_ (net)
                  0.05    0.00    4.12 v hash/CA2/_2087_/A2 (sky130_fd_sc_hd__a21oi_1)
     1    0.00    0.14    0.16    4.28 ^ hash/CA2/_2087_/Y (sky130_fd_sc_hd__a21oi_1)
                                         hash/CA2/_0479_ (net)
                  0.14    0.00    4.28 ^ hash/CA2/_2088_/B (sky130_fd_sc_hd__xnor2_1)
     1    0.00    0.06    0.09    4.37 v hash/CA2/_2088_/Y (sky130_fd_sc_hd__xnor2_1)
                                         hash/e_new[25] (net)
                  0.06    0.00    4.37 v hash/_3540_/A0 (sky130_fd_sc_hd__mux2_8)
     6    0.03    0.09    0.33    4.70 v hash/_3540_/X (sky130_fd_sc_hd__mux2_8)
                                         hash/e[25] (net)
                  0.09    0.00    4.70 v hash/CA1/S1/_00_/C (sky130_fd_sc_hd__xor3_1)
     1    0.00    0.06    0.21    4.91 ^ hash/CA1/S1/_00_/X (sky130_fd_sc_hd__xor3_1)
                                         hash/CA1/s1[0] (net)
                  0.06    0.00    4.91 ^ hash/CA1/_3621_/A (sky130_fd_sc_hd__ha_1)
     3    0.01    0.09    0.17    5.08 ^ hash/CA1/_3621_/COUT (sky130_fd_sc_hd__ha_1)
                                         hash/CA1/_1631_ (net)
                  0.09    0.00    5.08 ^ hash/CA1/_2333_/A (sky130_fd_sc_hd__inv_1)
     1    0.01    0.04    0.06    5.14 v hash/CA1/_2333_/Y (sky130_fd_sc_hd__inv_1)
                                         hash/CA1/_1056_ (net)
                  0.04    0.00    5.14 v hash/CA1/_3433_/B (sky130_fd_sc_hd__fa_1)
     2    0.01    0.09    0.41    5.55 v hash/CA1/_3433_/COUT (sky130_fd_sc_hd__fa_1)
                                         hash/CA1/_1058_ (net)
                  0.09    0.00    5.55 v hash/CA1/_1984_/A (sky130_fd_sc_hd__nor2b_1)
     1    0.00    0.07    0.11    5.66 ^ hash/CA1/_1984_/Y (sky130_fd_sc_hd__nor2b_1)
                                         hash/CA1/_0005_ (net)
                  0.07    0.00    5.66 ^ hash/CA1/_1985_/A2 (sky130_fd_sc_hd__o21ai_0)
     1    0.00    0.06    0.07    5.73 v hash/CA1/_1985_/Y (sky130_fd_sc_hd__o21ai_0)
                                         hash/CA1/_0006_ (net)
                  0.06    0.00    5.73 v hash/CA1/_1986_/B (sky130_fd_sc_hd__nand2b_1)
     2    0.01    0.09    0.10    5.83 ^ hash/CA1/_1986_/Y (sky130_fd_sc_hd__nand2b_1)
                                         hash/CA1/_0007_ (net)
                  0.09    0.00    5.83 ^ hash/CA1/_2009_/A2 (sky130_fd_sc_hd__a21oi_1)
     3    0.01    0.07    0.09    5.92 v hash/CA1/_2009_/Y (sky130_fd_sc_hd__a21oi_1)
                                         hash/CA1/_0021_ (net)
                  0.07    0.00    5.92 v hash/CA1/_2071_/A1 (sky130_fd_sc_hd__o211a_1)
     1    0.00    0.05    0.23    6.15 v hash/CA1/_2071_/X (sky130_fd_sc_hd__o211a_1)
                                         hash/CA1/_0065_ (net)
                  0.05    0.00    6.15 v hash/CA1/_2074_/A (sky130_fd_sc_hd__nor2_2)
     4    0.01    0.15    0.16    6.31 ^ hash/CA1/_2074_/Y (sky130_fd_sc_hd__nor2_2)
                                         hash/CA1/_0068_ (net)
                  0.15    0.00    6.31 ^ hash/CA1/_2133_/A3 (sky130_fd_sc_hd__a41oi_1)
     2    0.01    0.13    0.17    6.48 v hash/CA1/_2133_/Y (sky130_fd_sc_hd__a41oi_1)
                                         hash/CA1/_0111_ (net)
                  0.13    0.00    6.48 v hash/CA1/_2134_/B (sky130_fd_sc_hd__xnor2_1)
     2    0.01    0.24    0.25    6.73 ^ hash/CA1/_2134_/Y (sky130_fd_sc_hd__xnor2_1)
                                         hash/CA1/_1311_ (net)
                  0.24    0.00    6.73 ^ hash/CA1/_2135_/A (sky130_fd_sc_hd__inv_1)
     1    0.01    0.07    0.09    6.82 v hash/CA1/_2135_/Y (sky130_fd_sc_hd__inv_1)
                                         hash/CA1/_1133_ (net)
                  0.07    0.00    6.82 v hash/CA1/_3449_/B (sky130_fd_sc_hd__fa_1)
     1    0.00    0.05    0.50    7.31 ^ hash/CA1/_3449_/SUM (sky130_fd_sc_hd__fa_1)
                                         hash/CA1/_1136_ (net)
                  0.05    0.00    7.31 ^ hash/CA1/_2380_/A (sky130_fd_sc_hd__inv_1)
     1    0.00    0.02    0.04    7.35 v hash/CA1/_2380_/Y (sky130_fd_sc_hd__inv_1)
                                         hash/CA1/_1755_ (net)
                  0.02    0.00    7.35 v hash/CA1/_3668_/A (sky130_fd_sc_hd__ha_1)
     6    0.01    0.11    0.34    7.69 v hash/CA1/_3668_/SUM (sky130_fd_sc_hd__ha_1)
                                         hash/CA1/_1757_ (net)
                  0.11    0.00    7.69 v hash/CA1/_3125_/A1 (sky130_fd_sc_hd__a21oi_1)
     2    0.00    0.15    0.17    7.86 ^ hash/CA1/_3125_/Y (sky130_fd_sc_hd__a21oi_1)
                                         hash/CA1/_0762_ (net)
                  0.15    0.00    7.86 ^ hash/CA1/_3132_/A2 (sky130_fd_sc_hd__o21bai_1)
     1    0.00    0.05    0.07    7.94 v hash/CA1/_3132_/Y (sky130_fd_sc_hd__o21bai_1)
                                         hash/CA1/_0767_ (net)
                  0.05    0.00    7.94 v hash/CA1/_3133_/A2 (sky130_fd_sc_hd__a21o_1)
     2    0.00    0.04    0.18    8.12 v hash/CA1/_3133_/X (sky130_fd_sc_hd__a21o_1)
                                         hash/CA1/_0768_ (net)
                  0.04    0.00    8.12 v hash/CA1/_3143_/A2 (sky130_fd_sc_hd__a21o_1)
     1    0.00    0.03    0.17    8.28 v hash/CA1/_3143_/X (sky130_fd_sc_hd__a21o_1)
                                         hash/CA1/_0776_ (net)
                  0.03    0.00    8.28 v hash/CA1/_3144_/A2 (sky130_fd_sc_hd__a21oi_1)
     2    0.00    0.14    0.15    8.43 ^ hash/CA1/_3144_/Y (sky130_fd_sc_hd__a21oi_1)
                                         hash/CA1/_0777_ (net)
                  0.14    0.00    8.43 ^ hash/CA1/_3172_/A1 (sky130_fd_sc_hd__o21ai_0)
     1    0.00    0.06    0.10    8.53 v hash/CA1/_3172_/Y (sky130_fd_sc_hd__o21ai_0)
                                         hash/CA1/_0801_ (net)
                  0.06    0.00    8.53 v hash/CA1/_3173_/B1 (sky130_fd_sc_hd__a21oi_1)
     2    0.01    0.24    0.21    8.74 ^ hash/CA1/_3173_/Y (sky130_fd_sc_hd__a21oi_1)
                                         hash/CA1/_0802_ (net)
                  0.24    0.00    8.74 ^ hash/CA1/_3188_/A1 (sky130_fd_sc_hd__o21ai_2)
     4    0.01    0.08    0.12    8.87 v hash/CA1/_3188_/Y (sky130_fd_sc_hd__o21ai_2)
                                         hash/CA1/_0815_ (net)
                  0.08    0.00    8.87 v hash/CA1/_3212_/A1 (sky130_fd_sc_hd__a221oi_1)
     1    0.00    0.28    0.31    9.17 ^ hash/CA1/_3212_/Y (sky130_fd_sc_hd__a221oi_1)
                                         hash/CA1/_0835_ (net)
                  0.28    0.00    9.17 ^ hash/CA1/_3214_/A (sky130_fd_sc_hd__xnor2_1)
     1    0.00    0.06    0.10    9.28 v hash/CA1/_3214_/Y (sky130_fd_sc_hd__xnor2_1)
                                         hash/p3[31] (net)
                  0.06    0.00    9.28 v hash/p3_cap[31]$_DFF_P_/D (sky130_fd_sc_hd__dfxtp_1)
                                  9.28   data arrival time

                  0.00   10.00   10.00   clock core_clock (rise edge)
                          0.00   10.00   clock network delay (ideal)
                          0.00   10.00   clock reconvergence pessimism
                                 10.00 ^ hash/p3_cap[31]$_DFF_P_/CLK (sky130_fd_sc_hd__dfxtp_1)
                         -0.13    9.87   library setup time
                                  9.87   data required time
-----------------------------------------------------------------------------
                                  9.87   data required time
                                 -9.28   data arrival time
-----------------------------------------------------------------------------
                                  0.60   slack (MET)



==========================================================================
floorplan final report_power
--------------------------------------------------------------------------
Group                  Internal  Switching    Leakage      Total
                          Power      Power      Power      Power (Watts)
----------------------------------------------------------------
Sequential             1.97e-02   1.57e-03   2.80e-08   2.13e-02   9.2%
Combinational          1.15e-01   9.57e-02   5.65e-08   2.10e-01  90.8%
Clock                  0.00e+00   0.00e+00   0.00e+00   0.00e+00   0.0%
Macro                  0.00e+00   0.00e+00   0.00e+00   0.00e+00   0.0%
Pad                    0.00e+00   0.00e+00   0.00e+00   0.00e+00   0.0%
----------------------------------------------------------------
Total                  1.34e-01   9.73e-02   8.45e-08   2.32e-01 100.0%
                          58.0%      42.0%       0.0%
