
==========================================================================
cts final report_tns
--------------------------------------------------------------------------
tns 0.00

==========================================================================
cts final report_wns
--------------------------------------------------------------------------
wns 0.00

==========================================================================
cts final report_worst_slack
--------------------------------------------------------------------------
worst slack 0.00

==========================================================================
cts final report_clock_skew
--------------------------------------------------------------------------
Clock core_clock
   1.16 source latency w[59][5]$_SDFFCE_PN0P_/CLK ^
  -1.01 target latency w_value2[5]$_DFF_P_/CLK ^
   0.00 CRPR
--------------
   0.15 setup skew


==========================================================================
cts final report_checks -path_delay min
--------------------------------------------------------------------------
Startpoint: ready_dash$_SDFF_PP0_
            (rising edge-triggered flip-flop clocked by core_clock)
Endpoint: ready$_DFF_P_ (rising edge-triggered flip-flop clocked by core_clock)
Path Group: core_clock
Path Type: min

Fanout     Cap    Slew   Delay    Time   Description
-----------------------------------------------------------------------------
                          0.00    0.00   clock core_clock (rise edge)
                          0.00    0.00   clock source latency
     1    0.17    0.00    0.00    0.00 ^ clk (in)
                                         clk (net)
                  0.01    0.01    0.01 ^ clkbuf_0_clk/A (sky130_fd_sc_hd__clkbuf_16)
     4    0.22    0.23    0.26    0.26 ^ clkbuf_0_clk/X (sky130_fd_sc_hd__clkbuf_16)
                                         clknet_0_clk (net)
                  0.23    0.00    0.27 ^ clkbuf_2_1_0_clk/A (sky130_fd_sc_hd__clkbuf_16)
     8    0.21    0.22    0.33    0.59 ^ clkbuf_2_1_0_clk/X (sky130_fd_sc_hd__clkbuf_16)
                                         clknet_2_1_0_clk (net)
                  0.22    0.00    0.59 ^ clkbuf_5_8__f_clk/A (sky130_fd_sc_hd__clkbuf_16)
     9    0.14    0.16    0.28    0.87 ^ clkbuf_5_8__f_clk/X (sky130_fd_sc_hd__clkbuf_16)
                                         clknet_5_8__leaf_clk (net)
                  0.16    0.00    0.87 ^ clkbuf_leaf_232_clk/A (sky130_fd_sc_hd__clkbuf_16)
    13    0.04    0.06    0.18    1.05 ^ clkbuf_leaf_232_clk/X (sky130_fd_sc_hd__clkbuf_16)
                                         clknet_leaf_232_clk (net)
                  0.06    0.00    1.05 ^ ready_dash$_SDFF_PP0_/CLK (sky130_fd_sc_hd__dfxtp_1)
     1    0.01    0.04    0.31    1.36 v ready_dash$_SDFF_PP0_/Q (sky130_fd_sc_hd__dfxtp_1)
                                         ready_dash (net)
                  0.04    0.00    1.36 v ready$_DFF_P_/D (sky130_fd_sc_hd__dfxtp_1)
                                  1.36   data arrival time

                          0.00    0.00   clock core_clock (rise edge)
                          0.00    0.00   clock source latency
     1    0.17    0.00    0.00    0.00 ^ clk (in)
                                         clk (net)
                  0.01    0.01    0.01 ^ clkbuf_0_clk/A (sky130_fd_sc_hd__clkbuf_16)
     4    0.22    0.23    0.26    0.26 ^ clkbuf_0_clk/X (sky130_fd_sc_hd__clkbuf_16)
                                         clknet_0_clk (net)
                  0.23    0.00    0.27 ^ clkbuf_2_1_0_clk/A (sky130_fd_sc_hd__clkbuf_16)
     8    0.21    0.22    0.33    0.59 ^ clkbuf_2_1_0_clk/X (sky130_fd_sc_hd__clkbuf_16)
                                         clknet_2_1_0_clk (net)
                  0.22    0.00    0.59 ^ clkbuf_5_10__f_clk/A (sky130_fd_sc_hd__clkbuf_16)
     7    0.12    0.14    0.26    0.85 ^ clkbuf_5_10__f_clk/X (sky130_fd_sc_hd__clkbuf_16)
                                         clknet_5_10__leaf_clk (net)
                  0.14    0.00    0.85 ^ clkbuf_leaf_234_clk/A (sky130_fd_sc_hd__clkbuf_16)
    10    0.03    0.05    0.17    1.02 ^ clkbuf_leaf_234_clk/X (sky130_fd_sc_hd__clkbuf_16)
                                         clknet_leaf_234_clk (net)
                  0.05    0.00    1.02 ^ ready$_DFF_P_/CLK (sky130_fd_sc_hd__dfxtp_1)
                          0.00    1.02   clock reconvergence pessimism
                         -0.05    0.97   library hold time
                                  0.97   data required time
-----------------------------------------------------------------------------
                                  0.97   data required time
                                 -1.36   data arrival time
-----------------------------------------------------------------------------
                                  0.39   slack (MET)



==========================================================================
cts final report_checks -path_delay max
--------------------------------------------------------------------------
Startpoint: hash/p2_cap[25]$_DFF_P_
            (rising edge-triggered flip-flop clocked by core_clock)
Endpoint: hash/p2_cap[30]$_DFF_P_
          (rising edge-triggered flip-flop clocked by core_clock)
Path Group: core_clock
Path Type: max

Fanout     Cap    Slew   Delay    Time   Description
-----------------------------------------------------------------------------
                          0.00    0.00   clock core_clock (rise edge)
                          0.00    0.00   clock source latency
     1    0.17    0.00    0.00    0.00 ^ clk (in)
                                         clk (net)
                  0.01    0.01    0.01 ^ clkbuf_0_clk/A (sky130_fd_sc_hd__clkbuf_16)
     4    0.22    0.23    0.26    0.26 ^ clkbuf_0_clk/X (sky130_fd_sc_hd__clkbuf_16)
                                         clknet_0_clk (net)
                  0.23    0.00    0.27 ^ clkbuf_2_1_0_clk/A (sky130_fd_sc_hd__clkbuf_16)
     8    0.21    0.22    0.33    0.59 ^ clkbuf_2_1_0_clk/X (sky130_fd_sc_hd__clkbuf_16)
                                         clknet_2_1_0_clk (net)
                  0.22    0.00    0.59 ^ clkbuf_5_13__f_clk/A (sky130_fd_sc_hd__clkbuf_16)
     8    0.16    0.17    0.29    0.88 ^ clkbuf_5_13__f_clk/X (sky130_fd_sc_hd__clkbuf_16)
                                         clknet_5_13__leaf_clk (net)
                  0.17    0.00    0.88 ^ clkbuf_leaf_193_clk/A (sky130_fd_sc_hd__clkbuf_16)
    12    0.04    0.06    0.18    1.06 ^ clkbuf_leaf_193_clk/X (sky130_fd_sc_hd__clkbuf_16)
                                         clknet_leaf_193_clk (net)
                  0.06    0.00    1.06 ^ hash/p2_cap[25]$_DFF_P_/CLK (sky130_fd_sc_hd__dfxtp_4)
     4    0.02    0.08    0.37    1.44 ^ hash/p2_cap[25]$_DFF_P_/Q (sky130_fd_sc_hd__dfxtp_4)
                                         hash/p2_cap[25] (net)
                  0.08    0.00    1.44 ^ hash/CA2/S1/_00_/A (sky130_fd_sc_hd__xor3_1)
     1    0.01    0.10    0.45    1.89 v hash/CA2/S1/_00_/X (sky130_fd_sc_hd__xor3_1)
                                         hash/CA2/s1[0] (net)
                  0.10    0.00    1.89 v hash/CA2/_2242_/A (sky130_fd_sc_hd__ha_4)
     3    0.02    0.04    0.20    2.09 v hash/CA2/_2242_/COUT (sky130_fd_sc_hd__ha_4)
                                         hash/CA2/_0615_ (net)
                  0.04    0.00    2.09 v hash/CA2/_2147_/B (sky130_fd_sc_hd__fa_1)
     2    0.01    0.10    0.42    2.51 v hash/CA2/_2147_/COUT (sky130_fd_sc_hd__fa_1)
                                         hash/CA2/_0617_ (net)
                  0.10    0.00    2.51 v hash/CA2/_1225_/A2 (sky130_fd_sc_hd__a21o_1)
     1    0.00    0.04    0.20    2.71 v hash/CA2/_1225_/X (sky130_fd_sc_hd__a21o_1)
                                         hash/CA2/_0525_ (net)
                  0.04    0.00    2.71 v hash/CA2/_1226_/A1 (sky130_fd_sc_hd__a21oi_2)
     3    0.01    0.18    0.19    2.90 ^ hash/CA2/_1226_/Y (sky130_fd_sc_hd__a21oi_2)
                                         hash/CA2/_0526_ (net)
                  0.18    0.00    2.90 ^ hash/CA2/_1758_/A2 (sky130_fd_sc_hd__o21bai_1)
     1    0.01    0.07    0.10    2.99 v hash/CA2/_1758_/Y (sky130_fd_sc_hd__o21bai_1)
                                         hash/CA2/_0231_ (net)
                  0.07    0.00    2.99 v hash/CA2/_1759_/A1 (sky130_fd_sc_hd__a21oi_2)
     1    0.01    0.15    0.17    3.16 ^ hash/CA2/_1759_/Y (sky130_fd_sc_hd__a21oi_2)
                                         hash/CA2/_0232_ (net)
                  0.15    0.00    3.16 ^ hash/CA2/_1760_/B (sky130_fd_sc_hd__xnor2_2)
     2    0.02    0.09    0.11    3.28 v hash/CA2/_1760_/Y (sky130_fd_sc_hd__xnor2_2)
                                         hash/CA2/_0669_ (net)
                  0.09    0.00    3.28 v hash/CA2/_2254_/B (sky130_fd_sc_hd__ha_1)
     3    0.01    0.07    0.22    3.50 v hash/CA2/_2254_/COUT (sky130_fd_sc_hd__ha_1)
                                         hash/CA2/_0961_ (net)
                  0.07    0.00    3.50 v hash/CA2/_2003_/C (sky130_fd_sc_hd__or4_1)
     1    0.01    0.10    0.50    4.00 v hash/CA2/_2003_/X (sky130_fd_sc_hd__or4_1)
                                         hash/CA2/_0409_ (net)
                  0.10    0.00    4.00 v hash/CA2/_2004_/B1 (sky130_fd_sc_hd__a311oi_2)
     1    0.01    0.27    0.32    4.32 ^ hash/CA2/_2004_/Y (sky130_fd_sc_hd__a311oi_2)
                                         hash/CA2/_0410_ (net)
                  0.27    0.00    4.32 ^ hash/CA2/_2005_/C1 (sky130_fd_sc_hd__a211oi_2)
     3    0.02    0.10    0.11    4.43 v hash/CA2/_2005_/Y (sky130_fd_sc_hd__a211oi_2)
                                         hash/CA2/_0411_ (net)
                  0.10    0.00    4.43 v hash/CA2/_2047_/A1 (sky130_fd_sc_hd__o211ai_1)
     2    0.01    0.30    0.31    4.74 ^ hash/CA2/_2047_/Y (sky130_fd_sc_hd__o211ai_1)
                                         hash/CA2/_0445_ (net)
                  0.30    0.00    4.74 ^ hash/CA2/_2063_/A2 (sky130_fd_sc_hd__a21oi_1)
     1    0.00    0.08    0.13    4.87 v hash/CA2/_2063_/Y (sky130_fd_sc_hd__a21oi_1)
                                         hash/CA2/_0459_ (net)
                  0.08    0.00    4.87 v hash/CA2/_2064_/C1 (sky130_fd_sc_hd__a211o_4)
     4    0.03    0.08    0.32    5.19 v hash/CA2/_2064_/X (sky130_fd_sc_hd__a211o_4)
                                         hash/CA2/_0460_ (net)
                  0.08    0.00    5.19 v hash/CA2/_2086_/A1 (sky130_fd_sc_hd__a311o_1)
     1    0.01    0.07    0.29    5.48 v hash/CA2/_2086_/X (sky130_fd_sc_hd__a311o_1)
                                         hash/CA2/_0478_ (net)
                  0.07    0.00    5.48 v hash/CA2/_2087_/A2 (sky130_fd_sc_hd__a21oi_2)
     1    0.01    0.11    0.15    5.63 ^ hash/CA2/_2087_/Y (sky130_fd_sc_hd__a21oi_2)
                                         hash/CA2/_0479_ (net)
                  0.11    0.00    5.63 ^ hash/CA2/_2088_/B (sky130_fd_sc_hd__xnor2_1)
     1    0.01    0.07    0.09    5.73 v hash/CA2/_2088_/Y (sky130_fd_sc_hd__xnor2_1)
                                         hash/e_new[25] (net)
                  0.07    0.00    5.73 v hash/_3540_/A0 (sky130_fd_sc_hd__mux2_8)
     6    0.07    0.11    0.38    6.10 v hash/_3540_/X (sky130_fd_sc_hd__mux2_8)
                                         hash/e[25] (net)
                  0.11    0.01    6.11 v hash/CA1/S1/_00_/C (sky130_fd_sc_hd__xor3_1)
     1    0.00    0.07    0.22    6.33 ^ hash/CA1/S1/_00_/X (sky130_fd_sc_hd__xor3_1)
                                         hash/CA1/s1[0] (net)
                  0.07    0.00    6.33 ^ hash/CA1/_3621_/A (sky130_fd_sc_hd__ha_2)
     3    0.01    0.08    0.20    6.53 ^ hash/CA1/_3621_/COUT (sky130_fd_sc_hd__ha_2)
                                         hash/CA1/_1631_ (net)
                  0.08    0.00    6.53 ^ hash/CA1/_2333_/A (sky130_fd_sc_hd__inv_1)
     1    0.01    0.04    0.06    6.59 v hash/CA1/_2333_/Y (sky130_fd_sc_hd__inv_1)
                                         hash/CA1/_1056_ (net)
                  0.04    0.00    6.59 v hash/CA1/_3433_/B (sky130_fd_sc_hd__fa_2)
     2    0.01    0.09    0.38    6.97 v hash/CA1/_3433_/COUT (sky130_fd_sc_hd__fa_2)
                                         hash/CA1/_1058_ (net)
                  0.09    0.00    6.97 v hash/CA1/_1984_/A (sky130_fd_sc_hd__nor2b_1)
     1    0.01    0.14    0.16    7.13 ^ hash/CA1/_1984_/Y (sky130_fd_sc_hd__nor2b_1)
                                         hash/CA1/_0005_ (net)
                  0.14    0.00    7.13 ^ hash/CA1/_1985_/A2 (sky130_fd_sc_hd__o21ai_2)
     1    0.01    0.07    0.08    7.22 v hash/CA1/_1985_/Y (sky130_fd_sc_hd__o21ai_2)
                                         hash/CA1/_0006_ (net)
                  0.07    0.00    7.22 v hash/CA1/_1986_/B (sky130_fd_sc_hd__nand2b_4)
     2    0.02    0.07    0.09    7.31 ^ hash/CA1/_1986_/Y (sky130_fd_sc_hd__nand2b_4)
                                         hash/CA1/_0007_ (net)
                  0.07    0.00    7.31 ^ hash/CA1/_2009_/A2 (sky130_fd_sc_hd__a21oi_2)
     3    0.01    0.07    0.08    7.39 v hash/CA1/_2009_/Y (sky130_fd_sc_hd__a21oi_2)
                                         hash/CA1/_0021_ (net)
                  0.07    0.00    7.39 v hash/CA1/_2071_/A1 (sky130_fd_sc_hd__o211a_4)
     1    0.01    0.04    0.26    7.65 v hash/CA1/_2071_/X (sky130_fd_sc_hd__o211a_4)
                                         hash/CA1/_0065_ (net)
                  0.04    0.00    7.65 v hash/CA1/_2074_/B (sky130_fd_sc_hd__nor2_4)
     4    0.03    0.20    0.18    7.83 ^ hash/CA1/_2074_/Y (sky130_fd_sc_hd__nor2_4)
                                         hash/CA1/_0068_ (net)
                  0.20    0.00    7.83 ^ hash/CA1/_2193_/A2 (sky130_fd_sc_hd__a31oi_4)
     4    0.03    0.13    0.16    8.00 v hash/CA1/_2193_/Y (sky130_fd_sc_hd__a31oi_4)
                                         hash/CA1/_0154_ (net)
                  0.13    0.00    8.00 v hash/CA1/_2248_/A1 (sky130_fd_sc_hd__o211ai_1)
     1    0.01    0.23    0.26    8.26 ^ hash/CA1/_2248_/Y (sky130_fd_sc_hd__o211ai_1)
                                         hash/CA1/_0194_ (net)
                  0.23    0.00    8.26 ^ hash/CA1/_2249_/A2 (sky130_fd_sc_hd__a21oi_2)
     2    0.02    0.09    0.13    8.40 v hash/CA1/_2249_/Y (sky130_fd_sc_hd__a21oi_2)
                                         hash/CA1/_0195_ (net)
                  0.09    0.00    8.40 v hash/CA1/_2658_/B (sky130_fd_sc_hd__xnor2_1)
     1    0.01    0.08    0.16    8.56 v hash/CA1/_2658_/Y (sky130_fd_sc_hd__xnor2_1)
                                         hash/CA1/_1364_ (net)
                  0.08    0.00    8.56 v hash/CA1/_3512_/A (sky130_fd_sc_hd__fa_1)
     1    0.01    0.09    0.50    9.06 v hash/CA1/_3512_/SUM (sky130_fd_sc_hd__fa_1)
                                         hash/CA1/_1366_ (net)
                  0.09    0.00    9.06 v hash/CA1/_3733_/B (sky130_fd_sc_hd__ha_1)
     4    0.02    0.13    0.38    9.44 v hash/CA1/_3733_/SUM (sky130_fd_sc_hd__ha_1)
                                         hash/CA1/_1945_ (net)
                  0.13    0.00    9.44 v hash/CA1/_2975_/B (sky130_fd_sc_hd__and2_4)
     3    0.02    0.05    0.22    9.65 v hash/CA1/_2975_/X (sky130_fd_sc_hd__and2_4)
                                         hash/CA1/_0633_ (net)
                  0.05    0.00    9.65 v hash/CA1/_2976_/B1 (sky130_fd_sc_hd__a221oi_4)
     3    0.01    0.27    0.28    9.94 ^ hash/CA1/_2976_/Y (sky130_fd_sc_hd__a221oi_4)
                                         hash/CA1/_0634_ (net)
                  0.27    0.00    9.94 ^ hash/CA1/_2982_/A (sky130_fd_sc_hd__inv_1)
     1    0.01    0.07    0.09   10.03 v hash/CA1/_2982_/Y (sky130_fd_sc_hd__inv_1)
                                         hash/CA1/_0639_ (net)
                  0.07    0.00   10.03 v hash/CA1/_2983_/A2 (sky130_fd_sc_hd__a21oi_2)
     2    0.01    0.16    0.20   10.23 ^ hash/CA1/_2983_/Y (sky130_fd_sc_hd__a21oi_2)
                                         hash/CA1/_0640_ (net)
                  0.16    0.00   10.23 ^ hash/CA1/_2984_/B (sky130_fd_sc_hd__nand2_1)
     1    0.00    0.06    0.09   10.31 v hash/CA1/_2984_/Y (sky130_fd_sc_hd__nand2_1)
                                         hash/CA1/_0641_ (net)
                  0.06    0.00   10.31 v hash/CA1/_2985_/C (sky130_fd_sc_hd__nor3_2)
     3    0.01    0.24    0.20   10.51 ^ hash/CA1/_2985_/Y (sky130_fd_sc_hd__nor3_2)
                                         hash/CA1/_0642_ (net)
                  0.24    0.00   10.51 ^ hash/CA1/_3017_/A1 (sky130_fd_sc_hd__o31ai_1)
     1    0.00    0.07    0.12   10.63 v hash/CA1/_3017_/Y (sky130_fd_sc_hd__o31ai_1)
                                         hash/CA1/_0670_ (net)
                  0.07    0.00   10.63 v hash/CA1/_3018_/A2 (sky130_fd_sc_hd__a21oi_1)
     1    0.01    0.15    0.18   10.81 ^ hash/CA1/_3018_/Y (sky130_fd_sc_hd__a21oi_1)
                                         hash/CA1/_0671_ (net)
                  0.15    0.00   10.81 ^ hash/CA1/_3019_/B (sky130_fd_sc_hd__xnor2_1)
     1    0.01    0.18    0.16   10.98 ^ hash/CA1/_3019_/Y (sky130_fd_sc_hd__xnor2_1)
                                         hash/p2[30] (net)
                  0.18    0.00   10.98 ^ hash/p2_cap[30]$_DFF_P_/D (sky130_fd_sc_hd__dfxtp_1)
                                 10.98   data arrival time

                         10.00   10.00   clock core_clock (rise edge)
                          0.00   10.00   clock source latency
     1    0.17    0.00    0.00   10.00 ^ clk (in)
                                         clk (net)
                  0.01    0.01   10.01 ^ clkbuf_0_clk/A (sky130_fd_sc_hd__clkbuf_16)
     4    0.22    0.23    0.26   10.26 ^ clkbuf_0_clk/X (sky130_fd_sc_hd__clkbuf_16)
                                         clknet_0_clk (net)
                  0.23    0.00   10.27 ^ clkbuf_2_1_0_clk/A (sky130_fd_sc_hd__clkbuf_16)
     8    0.21    0.22    0.33   10.59 ^ clkbuf_2_1_0_clk/X (sky130_fd_sc_hd__clkbuf_16)
                                         clknet_2_1_0_clk (net)
                  0.22    0.00   10.59 ^ clkbuf_5_13__f_clk/A (sky130_fd_sc_hd__clkbuf_16)
     8    0.16    0.17    0.29   10.88 ^ clkbuf_5_13__f_clk/X (sky130_fd_sc_hd__clkbuf_16)
                                         clknet_5_13__leaf_clk (net)
                  0.17    0.00   10.88 ^ clkbuf_leaf_194_clk/A (sky130_fd_sc_hd__clkbuf_16)
     7    0.04    0.06    0.18   11.06 ^ clkbuf_leaf_194_clk/X (sky130_fd_sc_hd__clkbuf_16)
                                         clknet_leaf_194_clk (net)
                  0.06    0.00   11.06 ^ hash/p2_cap[30]$_DFF_P_/CLK (sky130_fd_sc_hd__dfxtp_1)
                          0.00   11.06   clock reconvergence pessimism
                         -0.08   10.98   library setup time
                                 10.98   data required time
-----------------------------------------------------------------------------
                                 10.98   data required time
                                -10.98   data arrival time
-----------------------------------------------------------------------------
                                  0.00   slack (MET)



==========================================================================
cts final report_checks -unconstrained
--------------------------------------------------------------------------
Startpoint: hash/p2_cap[25]$_DFF_P_
            (rising edge-triggered flip-flop clocked by core_clock)
Endpoint: hash/p2_cap[30]$_DFF_P_
          (rising edge-triggered flip-flop clocked by core_clock)
Path Group: core_clock
Path Type: max

Fanout     Cap    Slew   Delay    Time   Description
-----------------------------------------------------------------------------
                          0.00    0.00   clock core_clock (rise edge)
                          0.00    0.00   clock source latency
     1    0.17    0.00    0.00    0.00 ^ clk (in)
                                         clk (net)
                  0.01    0.01    0.01 ^ clkbuf_0_clk/A (sky130_fd_sc_hd__clkbuf_16)
     4    0.22    0.23    0.26    0.26 ^ clkbuf_0_clk/X (sky130_fd_sc_hd__clkbuf_16)
                                         clknet_0_clk (net)
                  0.23    0.00    0.27 ^ clkbuf_2_1_0_clk/A (sky130_fd_sc_hd__clkbuf_16)
     8    0.21    0.22    0.33    0.59 ^ clkbuf_2_1_0_clk/X (sky130_fd_sc_hd__clkbuf_16)
                                         clknet_2_1_0_clk (net)
                  0.22    0.00    0.59 ^ clkbuf_5_13__f_clk/A (sky130_fd_sc_hd__clkbuf_16)
     8    0.16    0.17    0.29    0.88 ^ clkbuf_5_13__f_clk/X (sky130_fd_sc_hd__clkbuf_16)
                                         clknet_5_13__leaf_clk (net)
                  0.17    0.00    0.88 ^ clkbuf_leaf_193_clk/A (sky130_fd_sc_hd__clkbuf_16)
    12    0.04    0.06    0.18    1.06 ^ clkbuf_leaf_193_clk/X (sky130_fd_sc_hd__clkbuf_16)
                                         clknet_leaf_193_clk (net)
                  0.06    0.00    1.06 ^ hash/p2_cap[25]$_DFF_P_/CLK (sky130_fd_sc_hd__dfxtp_4)
     4    0.02    0.08    0.37    1.44 ^ hash/p2_cap[25]$_DFF_P_/Q (sky130_fd_sc_hd__dfxtp_4)
                                         hash/p2_cap[25] (net)
                  0.08    0.00    1.44 ^ hash/CA2/S1/_00_/A (sky130_fd_sc_hd__xor3_1)
     1    0.01    0.10    0.45    1.89 v hash/CA2/S1/_00_/X (sky130_fd_sc_hd__xor3_1)
                                         hash/CA2/s1[0] (net)
                  0.10    0.00    1.89 v hash/CA2/_2242_/A (sky130_fd_sc_hd__ha_4)
     3    0.02    0.04    0.20    2.09 v hash/CA2/_2242_/COUT (sky130_fd_sc_hd__ha_4)
                                         hash/CA2/_0615_ (net)
                  0.04    0.00    2.09 v hash/CA2/_2147_/B (sky130_fd_sc_hd__fa_1)
     2    0.01    0.10    0.42    2.51 v hash/CA2/_2147_/COUT (sky130_fd_sc_hd__fa_1)
                                         hash/CA2/_0617_ (net)
                  0.10    0.00    2.51 v hash/CA2/_1225_/A2 (sky130_fd_sc_hd__a21o_1)
     1    0.00    0.04    0.20    2.71 v hash/CA2/_1225_/X (sky130_fd_sc_hd__a21o_1)
                                         hash/CA2/_0525_ (net)
                  0.04    0.00    2.71 v hash/CA2/_1226_/A1 (sky130_fd_sc_hd__a21oi_2)
     3    0.01    0.18    0.19    2.90 ^ hash/CA2/_1226_/Y (sky130_fd_sc_hd__a21oi_2)
                                         hash/CA2/_0526_ (net)
                  0.18    0.00    2.90 ^ hash/CA2/_1758_/A2 (sky130_fd_sc_hd__o21bai_1)
     1    0.01    0.07    0.10    2.99 v hash/CA2/_1758_/Y (sky130_fd_sc_hd__o21bai_1)
                                         hash/CA2/_0231_ (net)
                  0.07    0.00    2.99 v hash/CA2/_1759_/A1 (sky130_fd_sc_hd__a21oi_2)
     1    0.01    0.15    0.17    3.16 ^ hash/CA2/_1759_/Y (sky130_fd_sc_hd__a21oi_2)
                                         hash/CA2/_0232_ (net)
                  0.15    0.00    3.16 ^ hash/CA2/_1760_/B (sky130_fd_sc_hd__xnor2_2)
     2    0.02    0.09    0.11    3.28 v hash/CA2/_1760_/Y (sky130_fd_sc_hd__xnor2_2)
                                         hash/CA2/_0669_ (net)
                  0.09    0.00    3.28 v hash/CA2/_2254_/B (sky130_fd_sc_hd__ha_1)
     3    0.01    0.07    0.22    3.50 v hash/CA2/_2254_/COUT (sky130_fd_sc_hd__ha_1)
                                         hash/CA2/_0961_ (net)
                  0.07    0.00    3.50 v hash/CA2/_2003_/C (sky130_fd_sc_hd__or4_1)
     1    0.01    0.10    0.50    4.00 v hash/CA2/_2003_/X (sky130_fd_sc_hd__or4_1)
                                         hash/CA2/_0409_ (net)
                  0.10    0.00    4.00 v hash/CA2/_2004_/B1 (sky130_fd_sc_hd__a311oi_2)
     1    0.01    0.27    0.32    4.32 ^ hash/CA2/_2004_/Y (sky130_fd_sc_hd__a311oi_2)
                                         hash/CA2/_0410_ (net)
                  0.27    0.00    4.32 ^ hash/CA2/_2005_/C1 (sky130_fd_sc_hd__a211oi_2)
     3    0.02    0.10    0.11    4.43 v hash/CA2/_2005_/Y (sky130_fd_sc_hd__a211oi_2)
                                         hash/CA2/_0411_ (net)
                  0.10    0.00    4.43 v hash/CA2/_2047_/A1 (sky130_fd_sc_hd__o211ai_1)
     2    0.01    0.30    0.31    4.74 ^ hash/CA2/_2047_/Y (sky130_fd_sc_hd__o211ai_1)
                                         hash/CA2/_0445_ (net)
                  0.30    0.00    4.74 ^ hash/CA2/_2063_/A2 (sky130_fd_sc_hd__a21oi_1)
     1    0.00    0.08    0.13    4.87 v hash/CA2/_2063_/Y (sky130_fd_sc_hd__a21oi_1)
                                         hash/CA2/_0459_ (net)
                  0.08    0.00    4.87 v hash/CA2/_2064_/C1 (sky130_fd_sc_hd__a211o_4)
     4    0.03    0.08    0.32    5.19 v hash/CA2/_2064_/X (sky130_fd_sc_hd__a211o_4)
                                         hash/CA2/_0460_ (net)
                  0.08    0.00    5.19 v hash/CA2/_2086_/A1 (sky130_fd_sc_hd__a311o_1)
     1    0.01    0.07    0.29    5.48 v hash/CA2/_2086_/X (sky130_fd_sc_hd__a311o_1)
                                         hash/CA2/_0478_ (net)
                  0.07    0.00    5.48 v hash/CA2/_2087_/A2 (sky130_fd_sc_hd__a21oi_2)
     1    0.01    0.11    0.15    5.63 ^ hash/CA2/_2087_/Y (sky130_fd_sc_hd__a21oi_2)
                                         hash/CA2/_0479_ (net)
                  0.11    0.00    5.63 ^ hash/CA2/_2088_/B (sky130_fd_sc_hd__xnor2_1)
     1    0.01    0.07    0.09    5.73 v hash/CA2/_2088_/Y (sky130_fd_sc_hd__xnor2_1)
                                         hash/e_new[25] (net)
                  0.07    0.00    5.73 v hash/_3540_/A0 (sky130_fd_sc_hd__mux2_8)
     6    0.07    0.11    0.38    6.10 v hash/_3540_/X (sky130_fd_sc_hd__mux2_8)
                                         hash/e[25] (net)
                  0.11    0.01    6.11 v hash/CA1/S1/_00_/C (sky130_fd_sc_hd__xor3_1)
     1    0.00    0.07    0.22    6.33 ^ hash/CA1/S1/_00_/X (sky130_fd_sc_hd__xor3_1)
                                         hash/CA1/s1[0] (net)
                  0.07    0.00    6.33 ^ hash/CA1/_3621_/A (sky130_fd_sc_hd__ha_2)
     3    0.01    0.08    0.20    6.53 ^ hash/CA1/_3621_/COUT (sky130_fd_sc_hd__ha_2)
                                         hash/CA1/_1631_ (net)
                  0.08    0.00    6.53 ^ hash/CA1/_2333_/A (sky130_fd_sc_hd__inv_1)
     1    0.01    0.04    0.06    6.59 v hash/CA1/_2333_/Y (sky130_fd_sc_hd__inv_1)
                                         hash/CA1/_1056_ (net)
                  0.04    0.00    6.59 v hash/CA1/_3433_/B (sky130_fd_sc_hd__fa_2)
     2    0.01    0.09    0.38    6.97 v hash/CA1/_3433_/COUT (sky130_fd_sc_hd__fa_2)
                                         hash/CA1/_1058_ (net)
                  0.09    0.00    6.97 v hash/CA1/_1984_/A (sky130_fd_sc_hd__nor2b_1)
     1    0.01    0.14    0.16    7.13 ^ hash/CA1/_1984_/Y (sky130_fd_sc_hd__nor2b_1)
                                         hash/CA1/_0005_ (net)
                  0.14    0.00    7.13 ^ hash/CA1/_1985_/A2 (sky130_fd_sc_hd__o21ai_2)
     1    0.01    0.07    0.08    7.22 v hash/CA1/_1985_/Y (sky130_fd_sc_hd__o21ai_2)
                                         hash/CA1/_0006_ (net)
                  0.07    0.00    7.22 v hash/CA1/_1986_/B (sky130_fd_sc_hd__nand2b_4)
     2    0.02    0.07    0.09    7.31 ^ hash/CA1/_1986_/Y (sky130_fd_sc_hd__nand2b_4)
                                         hash/CA1/_0007_ (net)
                  0.07    0.00    7.31 ^ hash/CA1/_2009_/A2 (sky130_fd_sc_hd__a21oi_2)
     3    0.01    0.07    0.08    7.39 v hash/CA1/_2009_/Y (sky130_fd_sc_hd__a21oi_2)
                                         hash/CA1/_0021_ (net)
                  0.07    0.00    7.39 v hash/CA1/_2071_/A1 (sky130_fd_sc_hd__o211a_4)
     1    0.01    0.04    0.26    7.65 v hash/CA1/_2071_/X (sky130_fd_sc_hd__o211a_4)
                                         hash/CA1/_0065_ (net)
                  0.04    0.00    7.65 v hash/CA1/_2074_/B (sky130_fd_sc_hd__nor2_4)
     4    0.03    0.20    0.18    7.83 ^ hash/CA1/_2074_/Y (sky130_fd_sc_hd__nor2_4)
                                         hash/CA1/_0068_ (net)
                  0.20    0.00    7.83 ^ hash/CA1/_2193_/A2 (sky130_fd_sc_hd__a31oi_4)
     4    0.03    0.13    0.16    8.00 v hash/CA1/_2193_/Y (sky130_fd_sc_hd__a31oi_4)
                                         hash/CA1/_0154_ (net)
                  0.13    0.00    8.00 v hash/CA1/_2248_/A1 (sky130_fd_sc_hd__o211ai_1)
     1    0.01    0.23    0.26    8.26 ^ hash/CA1/_2248_/Y (sky130_fd_sc_hd__o211ai_1)
                                         hash/CA1/_0194_ (net)
                  0.23    0.00    8.26 ^ hash/CA1/_2249_/A2 (sky130_fd_sc_hd__a21oi_2)
     2    0.02    0.09    0.13    8.40 v hash/CA1/_2249_/Y (sky130_fd_sc_hd__a21oi_2)
                                         hash/CA1/_0195_ (net)
                  0.09    0.00    8.40 v hash/CA1/_2658_/B (sky130_fd_sc_hd__xnor2_1)
     1    0.01    0.08    0.16    8.56 v hash/CA1/_2658_/Y (sky130_fd_sc_hd__xnor2_1)
                                         hash/CA1/_1364_ (net)
                  0.08    0.00    8.56 v hash/CA1/_3512_/A (sky130_fd_sc_hd__fa_1)
     1    0.01    0.09    0.50    9.06 v hash/CA1/_3512_/SUM (sky130_fd_sc_hd__fa_1)
                                         hash/CA1/_1366_ (net)
                  0.09    0.00    9.06 v hash/CA1/_3733_/B (sky130_fd_sc_hd__ha_1)
     4    0.02    0.13    0.38    9.44 v hash/CA1/_3733_/SUM (sky130_fd_sc_hd__ha_1)
                                         hash/CA1/_1945_ (net)
                  0.13    0.00    9.44 v hash/CA1/_2975_/B (sky130_fd_sc_hd__and2_4)
     3    0.02    0.05    0.22    9.65 v hash/CA1/_2975_/X (sky130_fd_sc_hd__and2_4)
                                         hash/CA1/_0633_ (net)
                  0.05    0.00    9.65 v hash/CA1/_2976_/B1 (sky130_fd_sc_hd__a221oi_4)
     3    0.01    0.27    0.28    9.94 ^ hash/CA1/_2976_/Y (sky130_fd_sc_hd__a221oi_4)
                                         hash/CA1/_0634_ (net)
                  0.27    0.00    9.94 ^ hash/CA1/_2982_/A (sky130_fd_sc_hd__inv_1)
     1    0.01    0.07    0.09   10.03 v hash/CA1/_2982_/Y (sky130_fd_sc_hd__inv_1)
                                         hash/CA1/_0639_ (net)
                  0.07    0.00   10.03 v hash/CA1/_2983_/A2 (sky130_fd_sc_hd__a21oi_2)
     2    0.01    0.16    0.20   10.23 ^ hash/CA1/_2983_/Y (sky130_fd_sc_hd__a21oi_2)
                                         hash/CA1/_0640_ (net)
                  0.16    0.00   10.23 ^ hash/CA1/_2984_/B (sky130_fd_sc_hd__nand2_1)
     1    0.00    0.06    0.09   10.31 v hash/CA1/_2984_/Y (sky130_fd_sc_hd__nand2_1)
                                         hash/CA1/_0641_ (net)
                  0.06    0.00   10.31 v hash/CA1/_2985_/C (sky130_fd_sc_hd__nor3_2)
     3    0.01    0.24    0.20   10.51 ^ hash/CA1/_2985_/Y (sky130_fd_sc_hd__nor3_2)
                                         hash/CA1/_0642_ (net)
                  0.24    0.00   10.51 ^ hash/CA1/_3017_/A1 (sky130_fd_sc_hd__o31ai_1)
     1    0.00    0.07    0.12   10.63 v hash/CA1/_3017_/Y (sky130_fd_sc_hd__o31ai_1)
                                         hash/CA1/_0670_ (net)
                  0.07    0.00   10.63 v hash/CA1/_3018_/A2 (sky130_fd_sc_hd__a21oi_1)
     1    0.01    0.15    0.18   10.81 ^ hash/CA1/_3018_/Y (sky130_fd_sc_hd__a21oi_1)
                                         hash/CA1/_0671_ (net)
                  0.15    0.00   10.81 ^ hash/CA1/_3019_/B (sky130_fd_sc_hd__xnor2_1)
     1    0.01    0.18    0.16   10.98 ^ hash/CA1/_3019_/Y (sky130_fd_sc_hd__xnor2_1)
                                         hash/p2[30] (net)
                  0.18    0.00   10.98 ^ hash/p2_cap[30]$_DFF_P_/D (sky130_fd_sc_hd__dfxtp_1)
                                 10.98   data arrival time

                         10.00   10.00   clock core_clock (rise edge)
                          0.00   10.00   clock source latency
     1    0.17    0.00    0.00   10.00 ^ clk (in)
                                         clk (net)
                  0.01    0.01   10.01 ^ clkbuf_0_clk/A (sky130_fd_sc_hd__clkbuf_16)
     4    0.22    0.23    0.26   10.26 ^ clkbuf_0_clk/X (sky130_fd_sc_hd__clkbuf_16)
                                         clknet_0_clk (net)
                  0.23    0.00   10.27 ^ clkbuf_2_1_0_clk/A (sky130_fd_sc_hd__clkbuf_16)
     8    0.21    0.22    0.33   10.59 ^ clkbuf_2_1_0_clk/X (sky130_fd_sc_hd__clkbuf_16)
                                         clknet_2_1_0_clk (net)
                  0.22    0.00   10.59 ^ clkbuf_5_13__f_clk/A (sky130_fd_sc_hd__clkbuf_16)
     8    0.16    0.17    0.29   10.88 ^ clkbuf_5_13__f_clk/X (sky130_fd_sc_hd__clkbuf_16)
                                         clknet_5_13__leaf_clk (net)
                  0.17    0.00   10.88 ^ clkbuf_leaf_194_clk/A (sky130_fd_sc_hd__clkbuf_16)
     7    0.04    0.06    0.18   11.06 ^ clkbuf_leaf_194_clk/X (sky130_fd_sc_hd__clkbuf_16)
                                         clknet_leaf_194_clk (net)
                  0.06    0.00   11.06 ^ hash/p2_cap[30]$_DFF_P_/CLK (sky130_fd_sc_hd__dfxtp_1)
                          0.00   11.06   clock reconvergence pessimism
                         -0.08   10.98   library setup time
                                 10.98   data required time
-----------------------------------------------------------------------------
                                 10.98   data required time
                                -10.98   data arrival time
-----------------------------------------------------------------------------
                                  0.00   slack (MET)



==========================================================================
cts final report_check_types -max_slew -max_cap -max_fanout -violators
--------------------------------------------------------------------------

==========================================================================
cts final max_slew_check_slack
--------------------------------------------------------------------------
0.01881561614573002

==========================================================================
cts final max_slew_check_limit
--------------------------------------------------------------------------
1.4979510307312012

==========================================================================
cts final max_slew_check_slack_limit
--------------------------------------------------------------------------
0.0126

==========================================================================
cts final max_fanout_check_slack
--------------------------------------------------------------------------
1.0000000150474662e+30

==========================================================================
cts final max_fanout_check_limit
--------------------------------------------------------------------------
1.0000000150474662e+30

==========================================================================
cts final max_capacitance_check_slack
--------------------------------------------------------------------------
0.001469053328037262

==========================================================================
cts final max_capacitance_check_limit
--------------------------------------------------------------------------
0.1620579957962036

==========================================================================
cts final max_capacitance_check_slack_limit
--------------------------------------------------------------------------
0.0091

==========================================================================
cts final max_slew_violation_count
--------------------------------------------------------------------------
max slew violation count 0

==========================================================================
cts final max_fanout_violation_count
--------------------------------------------------------------------------
max fanout violation count 0

==========================================================================
cts final max_cap_violation_count
--------------------------------------------------------------------------
max cap violation count 0

==========================================================================
cts final setup_violation_count
--------------------------------------------------------------------------
setup violation count 0

==========================================================================
cts final hold_violation_count
--------------------------------------------------------------------------
hold violation count 0

==========================================================================
cts final report_checks -path_delay max reg to reg
--------------------------------------------------------------------------
Startpoint: hash/p2_cap[25]$_DFF_P_
            (rising edge-triggered flip-flop clocked by core_clock)
Endpoint: hash/p2_cap[30]$_DFF_P_
          (rising edge-triggered flip-flop clocked by core_clock)
Path Group: core_clock
Path Type: max

  Delay    Time   Description
---------------------------------------------------------
   0.00    0.00   clock core_clock (rise edge)
   0.00    0.00   clock source latency
   0.00    0.00 ^ clk (in)
   0.26    0.26 ^ clkbuf_0_clk/X (sky130_fd_sc_hd__clkbuf_16)
   0.33    0.59 ^ clkbuf_2_1_0_clk/X (sky130_fd_sc_hd__clkbuf_16)
   0.29    0.88 ^ clkbuf_5_13__f_clk/X (sky130_fd_sc_hd__clkbuf_16)
   0.18    1.06 ^ clkbuf_leaf_193_clk/X (sky130_fd_sc_hd__clkbuf_16)
   0.00    1.06 ^ hash/p2_cap[25]$_DFF_P_/CLK (sky130_fd_sc_hd__dfxtp_4)
   0.37    1.44 ^ hash/p2_cap[25]$_DFF_P_/Q (sky130_fd_sc_hd__dfxtp_4)
   0.45    1.89 v hash/CA2/S1/_00_/X (sky130_fd_sc_hd__xor3_1)
   0.20    2.09 v hash/CA2/_2242_/COUT (sky130_fd_sc_hd__ha_4)
   0.42    2.51 v hash/CA2/_2147_/COUT (sky130_fd_sc_hd__fa_1)
   0.20    2.71 v hash/CA2/_1225_/X (sky130_fd_sc_hd__a21o_1)
   0.19    2.90 ^ hash/CA2/_1226_/Y (sky130_fd_sc_hd__a21oi_2)
   0.10    2.99 v hash/CA2/_1758_/Y (sky130_fd_sc_hd__o21bai_1)
   0.17    3.16 ^ hash/CA2/_1759_/Y (sky130_fd_sc_hd__a21oi_2)
   0.12    3.28 v hash/CA2/_1760_/Y (sky130_fd_sc_hd__xnor2_2)
   0.22    3.50 v hash/CA2/_2254_/COUT (sky130_fd_sc_hd__ha_1)
   0.50    4.00 v hash/CA2/_2003_/X (sky130_fd_sc_hd__or4_1)
   0.32    4.32 ^ hash/CA2/_2004_/Y (sky130_fd_sc_hd__a311oi_2)
   0.11    4.43 v hash/CA2/_2005_/Y (sky130_fd_sc_hd__a211oi_2)
   0.31    4.74 ^ hash/CA2/_2047_/Y (sky130_fd_sc_hd__o211ai_1)
   0.13    4.87 v hash/CA2/_2063_/Y (sky130_fd_sc_hd__a21oi_1)
   0.32    5.19 v hash/CA2/_2064_/X (sky130_fd_sc_hd__a211o_4)
   0.29    5.48 v hash/CA2/_2086_/X (sky130_fd_sc_hd__a311o_1)
   0.15    5.63 ^ hash/CA2/_2087_/Y (sky130_fd_sc_hd__a21oi_2)
   0.09    5.73 v hash/CA2/_2088_/Y (sky130_fd_sc_hd__xnor2_1)
   0.38    6.10 v hash/_3540_/X (sky130_fd_sc_hd__mux2_8)
   0.23    6.33 ^ hash/CA1/S1/_00_/X (sky130_fd_sc_hd__xor3_1)
   0.20    6.53 ^ hash/CA1/_3621_/COUT (sky130_fd_sc_hd__ha_2)
   0.06    6.59 v hash/CA1/_2333_/Y (sky130_fd_sc_hd__inv_1)
   0.38    6.97 v hash/CA1/_3433_/COUT (sky130_fd_sc_hd__fa_2)
   0.16    7.13 ^ hash/CA1/_1984_/Y (sky130_fd_sc_hd__nor2b_1)
   0.08    7.22 v hash/CA1/_1985_/Y (sky130_fd_sc_hd__o21ai_2)
   0.09    7.31 ^ hash/CA1/_1986_/Y (sky130_fd_sc_hd__nand2b_4)
   0.08    7.39 v hash/CA1/_2009_/Y (sky130_fd_sc_hd__a21oi_2)
   0.26    7.65 v hash/CA1/_2071_/X (sky130_fd_sc_hd__o211a_4)
   0.18    7.83 ^ hash/CA1/_2074_/Y (sky130_fd_sc_hd__nor2_4)
   0.16    8.00 v hash/CA1/_2193_/Y (sky130_fd_sc_hd__a31oi_4)
   0.26    8.26 ^ hash/CA1/_2248_/Y (sky130_fd_sc_hd__o211ai_1)
   0.13    8.40 v hash/CA1/_2249_/Y (sky130_fd_sc_hd__a21oi_2)
   0.16    8.56 v hash/CA1/_2658_/Y (sky130_fd_sc_hd__xnor2_1)
   0.50    9.06 v hash/CA1/_3512_/SUM (sky130_fd_sc_hd__fa_1)
   0.38    9.44 v hash/CA1/_3733_/SUM (sky130_fd_sc_hd__ha_1)
   0.22    9.65 v hash/CA1/_2975_/X (sky130_fd_sc_hd__and2_4)
   0.28    9.94 ^ hash/CA1/_2976_/Y (sky130_fd_sc_hd__a221oi_4)
   0.09   10.03 v hash/CA1/_2982_/Y (sky130_fd_sc_hd__inv_1)
   0.20   10.23 ^ hash/CA1/_2983_/Y (sky130_fd_sc_hd__a21oi_2)
   0.09   10.31 v hash/CA1/_2984_/Y (sky130_fd_sc_hd__nand2_1)
   0.20   10.51 ^ hash/CA1/_2985_/Y (sky130_fd_sc_hd__nor3_2)
   0.12   10.63 v hash/CA1/_3017_/Y (sky130_fd_sc_hd__o31ai_1)
   0.18   10.81 ^ hash/CA1/_3018_/Y (sky130_fd_sc_hd__a21oi_1)
   0.16   10.98 ^ hash/CA1/_3019_/Y (sky130_fd_sc_hd__xnor2_1)
   0.00   10.98 ^ hash/p2_cap[30]$_DFF_P_/D (sky130_fd_sc_hd__dfxtp_1)
          10.98   data arrival time

  10.00   10.00   clock core_clock (rise edge)
   0.00   10.00   clock source latency
   0.00   10.00 ^ clk (in)
   0.26   10.26 ^ clkbuf_0_clk/X (sky130_fd_sc_hd__clkbuf_16)
   0.33   10.59 ^ clkbuf_2_1_0_clk/X (sky130_fd_sc_hd__clkbuf_16)
   0.29   10.88 ^ clkbuf_5_13__f_clk/X (sky130_fd_sc_hd__clkbuf_16)
   0.18   11.06 ^ clkbuf_leaf_194_clk/X (sky130_fd_sc_hd__clkbuf_16)
   0.00   11.06 ^ hash/p2_cap[30]$_DFF_P_/CLK (sky130_fd_sc_hd__dfxtp_1)
   0.00   11.06   clock reconvergence pessimism
  -0.08   10.98   library setup time
          10.98   data required time
---------------------------------------------------------
          10.98   data required time
         -10.98   data arrival time
---------------------------------------------------------
           0.00   slack (MET)



==========================================================================
cts final report_checks -path_delay min reg to reg
--------------------------------------------------------------------------
Startpoint: ready_dash$_SDFF_PP0_
            (rising edge-triggered flip-flop clocked by core_clock)
Endpoint: ready$_DFF_P_ (rising edge-triggered flip-flop clocked by core_clock)
Path Group: core_clock
Path Type: min

  Delay    Time   Description
---------------------------------------------------------
   0.00    0.00   clock core_clock (rise edge)
   0.00    0.00   clock source latency
   0.00    0.00 ^ clk (in)
   0.26    0.26 ^ clkbuf_0_clk/X (sky130_fd_sc_hd__clkbuf_16)
   0.33    0.59 ^ clkbuf_2_1_0_clk/X (sky130_fd_sc_hd__clkbuf_16)
   0.28    0.87 ^ clkbuf_5_8__f_clk/X (sky130_fd_sc_hd__clkbuf_16)
   0.18    1.05 ^ clkbuf_leaf_232_clk/X (sky130_fd_sc_hd__clkbuf_16)
   0.00    1.05 ^ ready_dash$_SDFF_PP0_/CLK (sky130_fd_sc_hd__dfxtp_1)
   0.31    1.36 v ready_dash$_SDFF_PP0_/Q (sky130_fd_sc_hd__dfxtp_1)
   0.00    1.36 v ready$_DFF_P_/D (sky130_fd_sc_hd__dfxtp_1)
           1.36   data arrival time

   0.00    0.00   clock core_clock (rise edge)
   0.00    0.00   clock source latency
   0.00    0.00 ^ clk (in)
   0.26    0.26 ^ clkbuf_0_clk/X (sky130_fd_sc_hd__clkbuf_16)
   0.33    0.59 ^ clkbuf_2_1_0_clk/X (sky130_fd_sc_hd__clkbuf_16)
   0.26    0.85 ^ clkbuf_5_10__f_clk/X (sky130_fd_sc_hd__clkbuf_16)
   0.17    1.02 ^ clkbuf_leaf_234_clk/X (sky130_fd_sc_hd__clkbuf_16)
   0.00    1.02 ^ ready$_DFF_P_/CLK (sky130_fd_sc_hd__dfxtp_1)
   0.00    1.02   clock reconvergence pessimism
  -0.05    0.97   library hold time
           0.97   data required time
---------------------------------------------------------
           0.97   data required time
          -1.36   data arrival time
---------------------------------------------------------
           0.39   slack (MET)



==========================================================================
cts final critical path target clock latency max path
--------------------------------------------------------------------------
1.0300

==========================================================================
cts final critical path target clock latency min path
--------------------------------------------------------------------------
1.1200

==========================================================================
cts final critical path source clock latency min path
--------------------------------------------------------------------------
0.0000

==========================================================================
cts final critical path delay
--------------------------------------------------------------------------
10.9751

==========================================================================
cts final critical path slack
--------------------------------------------------------------------------
0.0033

==========================================================================
cts final slack div critical path delay
--------------------------------------------------------------------------
0.030068

==========================================================================
cts final report_power
--------------------------------------------------------------------------
Group                  Internal  Switching    Leakage      Total
                          Power      Power      Power      Power (Watts)
----------------------------------------------------------------
Sequential             1.88e-02   2.40e-03   2.80e-08   2.12e-02   5.7%
Combinational          1.45e-01   1.93e-01   6.57e-08   3.39e-01  90.9%
Clock                  7.20e-03   5.63e-03   5.42e-09   1.28e-02   3.4%
Macro                  0.00e+00   0.00e+00   0.00e+00   0.00e+00   0.0%
Pad                    0.00e+00   0.00e+00   0.00e+00   0.00e+00   0.0%
----------------------------------------------------------------
Total                  1.71e-01   2.02e-01   9.91e-08   3.73e-01 100.0%
                          45.9%      54.1%       0.0%
