
==========================================================================
resizer report_tns
--------------------------------------------------------------------------
tns -11.32

==========================================================================
resizer report_wns
--------------------------------------------------------------------------
wns -0.76

==========================================================================
resizer report_worst_slack
--------------------------------------------------------------------------
worst slack -0.76

==========================================================================
resizer report_checks -path_delay min
--------------------------------------------------------------------------
Startpoint: ready_dash$_SDFF_PP0_
            (rising edge-triggered flip-flop clocked by core_clock)
Endpoint: ready$_DFF_P_ (rising edge-triggered flip-flop clocked by core_clock)
Path Group: core_clock
Path Type: min

Fanout     Cap    Slew   Delay    Time   Description
-----------------------------------------------------------------------------
                  0.00    0.00    0.00   clock core_clock (rise edge)
                          0.00    0.00   clock network delay (ideal)
                  0.00    0.00    0.00 ^ ready_dash$_SDFF_PP0_/CLK (sky130_fd_sc_hd__dfxtp_1)
     1    0.01    0.07    0.31    0.31 ^ ready_dash$_SDFF_PP0_/Q (sky130_fd_sc_hd__dfxtp_1)
                                         ready_dash (net)
                  0.07    0.00    0.31 ^ ready$_DFF_P_/D (sky130_fd_sc_hd__dfxtp_1)
                                  0.31   data arrival time

                  0.00    0.00    0.00   clock core_clock (rise edge)
                          0.00    0.00   clock network delay (ideal)
                          0.00    0.00   clock reconvergence pessimism
                                  0.00 ^ ready$_DFF_P_/CLK (sky130_fd_sc_hd__dfxtp_1)
                         -0.04   -0.04   library hold time
                                 -0.04   data required time
-----------------------------------------------------------------------------
                                 -0.04   data required time
                                 -0.31   data arrival time
-----------------------------------------------------------------------------
                                  0.35   slack (MET)



==========================================================================
resizer report_checks -path_delay max
--------------------------------------------------------------------------
Startpoint: hash/p2_cap[7]$_DFF_P_
            (rising edge-triggered flip-flop clocked by core_clock)
Endpoint: hash/p3_cap[28]$_DFF_P_
          (rising edge-triggered flip-flop clocked by core_clock)
Path Group: core_clock
Path Type: max

Fanout     Cap    Slew   Delay    Time   Description
-----------------------------------------------------------------------------
                  0.00    0.00    0.00   clock core_clock (rise edge)
                          0.00    0.00   clock network delay (ideal)
                  0.00    0.00    0.00 ^ hash/p2_cap[7]$_DFF_P_/CLK (sky130_fd_sc_hd__dfxtp_1)
     5    0.04    0.36    0.52    0.52 ^ hash/p2_cap[7]$_DFF_P_/Q (sky130_fd_sc_hd__dfxtp_1)
                                         hash/p2_cap[7] (net)
                  0.36    0.00    0.52 ^ hash/CA2/S1/_11_/B (sky130_fd_sc_hd__xor3_1)
     2    0.01    0.11    0.43    0.95 v hash/CA2/S1/_11_/X (sky130_fd_sc_hd__xor3_1)
                                         hash/CA2/s1[1] (net)
                  0.11    0.00    0.95 v hash/CA2/_2243_/A (sky130_fd_sc_hd__ha_1)
     2    0.01    0.08    0.34    1.29 v hash/CA2/_2243_/SUM (sky130_fd_sc_hd__ha_1)
                                         hash/CA2/_0935_ (net)
                  0.08    0.00    1.29 v hash/CA2/_1246_/A2 (sky130_fd_sc_hd__a211oi_2)
     2    0.01    0.26    0.31    1.60 ^ hash/CA2/_1246_/Y (sky130_fd_sc_hd__a211oi_2)
                                         hash/CA2/_0537_ (net)
                  0.26    0.00    1.60 ^ hash/CA2/_1249_/A1 (sky130_fd_sc_hd__o21ai_2)
     2    0.01    0.08    0.12    1.72 v hash/CA2/_1249_/Y (sky130_fd_sc_hd__o21ai_2)
                                         hash/CA2/_0540_ (net)
                  0.08    0.00    1.72 v hash/CA2/_1263_/C (sky130_fd_sc_hd__and4_4)
     2    0.01    0.04    0.20    1.92 v hash/CA2/_1263_/X (sky130_fd_sc_hd__and4_4)
                                         hash/CA2/_0548_ (net)
                  0.04    0.00    1.92 v hash/CA2/_1310_/A1 (sky130_fd_sc_hd__o21ai_2)
     3    0.01    0.20    0.21    2.13 ^ hash/CA2/_1310_/Y (sky130_fd_sc_hd__o21ai_2)
                                         hash/CA2/_0577_ (net)
                  0.20    0.00    2.13 ^ hash/CA2/_1312_/A1 (sky130_fd_sc_hd__a21oi_1)
     1    0.00    0.07    0.09    2.22 v hash/CA2/_1312_/Y (sky130_fd_sc_hd__a21oi_1)
                                         hash/CA2/_0579_ (net)
                  0.07    0.00    2.22 v hash/CA2/_1313_/A2 (sky130_fd_sc_hd__o21ai_0)
     2    0.01    0.25    0.23    2.46 ^ hash/CA2/_1313_/Y (sky130_fd_sc_hd__o21ai_0)
                                         hash/CA2/_0580_ (net)
                  0.25    0.00    2.46 ^ hash/CA2/_1325_/A2 (sky130_fd_sc_hd__a21oi_1)
     2    0.01    0.09    0.15    2.60 v hash/CA2/_1325_/Y (sky130_fd_sc_hd__a21oi_1)
                                         hash/CA2/_0586_ (net)
                  0.09    0.00    2.60 v hash/CA2/_1345_/A1 (sky130_fd_sc_hd__o31ai_2)
     2    0.02    0.36    0.40    3.00 ^ hash/CA2/_1345_/Y (sky130_fd_sc_hd__o31ai_2)
                                         hash/CA2/_0600_ (net)
                  0.36    0.00    3.00 ^ hash/CA2/_1346_/B (sky130_fd_sc_hd__xnor2_1)
     2    0.01    0.34    0.25    3.25 ^ hash/CA2/_1346_/Y (sky130_fd_sc_hd__xnor2_1)
                                         hash/CA2/_1047_ (net)
                  0.34    0.00    3.25 ^ hash/CA2/_2284_/B (sky130_fd_sc_hd__ha_1)
     4    0.02    0.12    0.36    3.62 v hash/CA2/_2284_/SUM (sky130_fd_sc_hd__ha_1)
                                         hash/CA2/_1049_ (net)
                  0.12    0.00    3.62 v hash/CA2/_2068_/A1 (sky130_fd_sc_hd__a21oi_2)
     5    0.02    0.24    0.26    3.88 ^ hash/CA2/_2068_/Y (sky130_fd_sc_hd__a21oi_2)
                                         hash/CA2/_0463_ (net)
                  0.24    0.00    3.88 ^ hash/CA2/_2097_/A1 (sky130_fd_sc_hd__o21ai_0)
     1    0.00    0.10    0.15    4.03 v hash/CA2/_2097_/Y (sky130_fd_sc_hd__o21ai_0)
                                         hash/CA2/_0487_ (net)
                  0.10    0.00    4.03 v hash/CA2/_2098_/A2 (sky130_fd_sc_hd__a21o_1)
     1    0.00    0.03    0.19    4.22 v hash/CA2/_2098_/X (sky130_fd_sc_hd__a21o_1)
                                         hash/CA2/_0488_ (net)
                  0.03    0.00    4.22 v hash/CA2/_2099_/A2 (sky130_fd_sc_hd__a21o_1)
     1    0.00    0.04    0.17    4.39 v hash/CA2/_2099_/X (sky130_fd_sc_hd__a21o_1)
                                         hash/CA2/_0489_ (net)
                  0.04    0.00    4.39 v hash/CA2/_2100_/A2 (sky130_fd_sc_hd__a21oi_1)
     1    0.01    0.15    0.17    4.56 ^ hash/CA2/_2100_/Y (sky130_fd_sc_hd__a21oi_1)
                                         hash/CA2/_0490_ (net)
                  0.15    0.00    4.56 ^ hash/CA2/_2101_/A (sky130_fd_sc_hd__inv_1)
     2    0.01    0.06    0.09    4.65 v hash/CA2/_2101_/Y (sky130_fd_sc_hd__inv_1)
                                         hash/CA2/_0491_ (net)
                  0.06    0.00    4.65 v hash/CA2/_2102_/B1 (sky130_fd_sc_hd__a41o_4)
     4    0.02    0.06    0.27    4.92 v hash/CA2/_2102_/X (sky130_fd_sc_hd__a41o_4)
                                         hash/CA2/_0492_ (net)
                  0.06    0.00    4.92 v hash/CA2/_2127_/A1 (sky130_fd_sc_hd__o211ai_1)
     1    0.01    0.21    0.22    5.14 ^ hash/CA2/_2127_/Y (sky130_fd_sc_hd__o211ai_1)
                                         hash/CA2/_0512_ (net)
                  0.21    0.00    5.14 ^ hash/CA2/_2128_/B (sky130_fd_sc_hd__xor2_1)
     2    0.01    0.27    0.28    5.41 ^ hash/CA2/_2128_/X (sky130_fd_sc_hd__xor2_1)
                                         hash/e_new[31] (net)
                  0.27    0.00    5.41 ^ hash/_2830_/A0 (sky130_fd_sc_hd__mux2_8)
     5    0.05    0.11    0.27    5.69 ^ hash/_2830_/X (sky130_fd_sc_hd__mux2_8)
                                         hash/e[31] (net)
                  0.11    0.00    5.69 ^ hash/CA1/S1/_28_/C (sky130_fd_sc_hd__xor3_1)
     1    0.01    0.08    0.24    5.93 v hash/CA1/S1/_28_/X (sky130_fd_sc_hd__xor3_1)
                                         hash/CA1/s1[6] (net)
                  0.08    0.00    5.93 v hash/CA1/_3637_/A (sky130_fd_sc_hd__ha_1)
     5    0.02    0.21    0.41    6.35 ^ hash/CA1/_3637_/SUM (sky130_fd_sc_hd__ha_1)
                                         hash/CA1/_1672_ (net)
                  0.21    0.00    6.35 ^ hash/CA1/_2029_/B1 (sky130_fd_sc_hd__o21ai_0)
     1    0.00    0.10    0.14    6.49 v hash/CA1/_2029_/Y (sky130_fd_sc_hd__o21ai_0)
                                         hash/CA1/_0036_ (net)
                  0.10    0.00    6.49 v hash/CA1/_2032_/A2 (sky130_fd_sc_hd__a221oi_1)
     2    0.01    0.38    0.41    6.90 ^ hash/CA1/_2032_/Y (sky130_fd_sc_hd__a221oi_1)
                                         hash/CA1/_0039_ (net)
                  0.38    0.00    6.90 ^ hash/CA1/_2033_/B (sky130_fd_sc_hd__nand2_1)
     1    0.01    0.10    0.14    7.04 v hash/CA1/_2033_/Y (sky130_fd_sc_hd__nand2_1)
                                         hash/CA1/_0040_ (net)
                  0.10    0.00    7.04 v hash/CA1/_2035_/A (sky130_fd_sc_hd__nand2_2)
     2    0.01    0.08    0.11    7.14 ^ hash/CA1/_2035_/Y (sky130_fd_sc_hd__nand2_2)
                                         hash/CA1/_0042_ (net)
                  0.08    0.00    7.14 ^ hash/CA1/_2056_/A2 (sky130_fd_sc_hd__a21o_1)
     1    0.00    0.05    0.12    7.27 ^ hash/CA1/_2056_/X (sky130_fd_sc_hd__a21o_1)
                                         hash/CA1/_0055_ (net)
                  0.05    0.00    7.27 ^ hash/CA1/_2057_/A2 (sky130_fd_sc_hd__a21oi_1)
     1    0.01    0.06    0.07    7.34 v hash/CA1/_2057_/Y (sky130_fd_sc_hd__a21oi_1)
                                         hash/CA1/_0056_ (net)
                  0.06    0.00    7.34 v hash/CA1/_2058_/B (sky130_fd_sc_hd__xnor2_1)
     2    0.01    0.35    0.31    7.64 ^ hash/CA1/_2058_/Y (sky130_fd_sc_hd__xnor2_1)
                                         hash/CA1/_1280_ (net)
                  0.35    0.00    7.64 ^ hash/CA1/_2059_/A (sky130_fd_sc_hd__clkinvlp_2)
     1    0.02    0.22    0.31    7.96 v hash/CA1/_2059_/Y (sky130_fd_sc_hd__clkinvlp_2)
                                         hash/CA1/_1107_ (net)
                  0.22    0.00    7.96 v hash/CA1/_3444_/B (sky130_fd_sc_hd__fa_1)
     1    0.01    0.08    0.46    8.42 v hash/CA1/_3444_/COUT (sky130_fd_sc_hd__fa_1)
                                         hash/CA1/_1109_ (net)
                  0.08    0.00    8.42 v hash/CA1/_2376_/A (sky130_fd_sc_hd__clkinv_1)
     1    0.00    0.04    0.06    8.49 ^ hash/CA1/_2376_/Y (sky130_fd_sc_hd__clkinv_1)
                                         hash/CA1/_1720_ (net)
                  0.04    0.00    8.49 ^ hash/CA1/_3656_/A (sky130_fd_sc_hd__ha_1)
     6    0.02    0.14    0.30    8.78 v hash/CA1/_3656_/SUM (sky130_fd_sc_hd__ha_1)
                                         hash/CA1/_1723_ (net)
                  0.14    0.00    8.79 v hash/CA1/_3119_/A1 (sky130_fd_sc_hd__a41oi_1)
     1    0.01    0.20    0.22    9.01 ^ hash/CA1/_3119_/Y (sky130_fd_sc_hd__a41oi_1)
                                         hash/CA1/_0757_ (net)
                  0.20    0.00    9.01 ^ hash/CA1/_3120_/B1 (sky130_fd_sc_hd__o21ai_0)
     1    0.01    0.11    0.15    9.16 v hash/CA1/_3120_/Y (sky130_fd_sc_hd__o21ai_0)
                                         hash/CA1/_0758_ (net)
                  0.11    0.00    9.16 v hash/CA1/_3121_/A2 (sky130_fd_sc_hd__a21oi_1)
     1    0.01    0.16    0.20    9.36 ^ hash/CA1/_3121_/Y (sky130_fd_sc_hd__a21oi_1)
                                         hash/CA1/_0759_ (net)
                  0.16    0.00    9.36 ^ hash/CA1/_3122_/B1 (sky130_fd_sc_hd__o31ai_2)
     3    0.02    0.12    0.14    9.50 v hash/CA1/_3122_/Y (sky130_fd_sc_hd__o31ai_2)
                                         hash/CA1/_0760_ (net)
                  0.12    0.00    9.50 v hash/CA1/_3183_/A1 (sky130_fd_sc_hd__a2111oi_1)
     1    0.01    0.58    0.57   10.08 ^ hash/CA1/_3183_/Y (sky130_fd_sc_hd__a2111oi_1)
                                         hash/CA1/_0811_ (net)
                  0.58    0.00   10.08 ^ hash/CA1/_3184_/C1 (sky130_fd_sc_hd__a211oi_2)
     3    0.01    0.13    0.12   10.20 v hash/CA1/_3184_/Y (sky130_fd_sc_hd__a211oi_2)
                                         hash/CA1/_0812_ (net)
                  0.13    0.00   10.20 v hash/CA1/_3190_/A2 (sky130_fd_sc_hd__a21o_1)
     1    0.00    0.03    0.21   10.40 v hash/CA1/_3190_/X (sky130_fd_sc_hd__a21o_1)
                                         hash/CA1/_0816_ (net)
                  0.03    0.00   10.40 v hash/CA1/_3191_/A2 (sky130_fd_sc_hd__a21oi_1)
     1    0.01    0.15    0.16   10.57 ^ hash/CA1/_3191_/Y (sky130_fd_sc_hd__a21oi_1)
                                         hash/CA1/_0817_ (net)
                  0.15    0.00   10.57 ^ hash/CA1/_3192_/B (sky130_fd_sc_hd__xnor2_1)
     1    0.00    0.10    0.12   10.69 ^ hash/CA1/_3192_/Y (sky130_fd_sc_hd__xnor2_1)
                                         hash/p3[28] (net)
                  0.10    0.00   10.69 ^ hash/p3_cap[28]$_DFF_P_/D (sky130_fd_sc_hd__dfxtp_1)
                                 10.69   data arrival time

                  0.00   10.00   10.00   clock core_clock (rise edge)
                          0.00   10.00   clock network delay (ideal)
                          0.00   10.00   clock reconvergence pessimism
                                 10.00 ^ hash/p3_cap[28]$_DFF_P_/CLK (sky130_fd_sc_hd__dfxtp_1)
                         -0.07    9.93   library setup time
                                  9.93   data required time
-----------------------------------------------------------------------------
                                  9.93   data required time
                                -10.69   data arrival time
-----------------------------------------------------------------------------
                                 -0.76   slack (VIOLATED)



==========================================================================
resizer report_checks -unconstrained
--------------------------------------------------------------------------
Startpoint: hash/p2_cap[7]$_DFF_P_
            (rising edge-triggered flip-flop clocked by core_clock)
Endpoint: hash/p3_cap[28]$_DFF_P_
          (rising edge-triggered flip-flop clocked by core_clock)
Path Group: core_clock
Path Type: max

Fanout     Cap    Slew   Delay    Time   Description
-----------------------------------------------------------------------------
                  0.00    0.00    0.00   clock core_clock (rise edge)
                          0.00    0.00   clock network delay (ideal)
                  0.00    0.00    0.00 ^ hash/p2_cap[7]$_DFF_P_/CLK (sky130_fd_sc_hd__dfxtp_1)
     5    0.04    0.36    0.52    0.52 ^ hash/p2_cap[7]$_DFF_P_/Q (sky130_fd_sc_hd__dfxtp_1)
                                         hash/p2_cap[7] (net)
                  0.36    0.00    0.52 ^ hash/CA2/S1/_11_/B (sky130_fd_sc_hd__xor3_1)
     2    0.01    0.11    0.43    0.95 v hash/CA2/S1/_11_/X (sky130_fd_sc_hd__xor3_1)
                                         hash/CA2/s1[1] (net)
                  0.11    0.00    0.95 v hash/CA2/_2243_/A (sky130_fd_sc_hd__ha_1)
     2    0.01    0.08    0.34    1.29 v hash/CA2/_2243_/SUM (sky130_fd_sc_hd__ha_1)
                                         hash/CA2/_0935_ (net)
                  0.08    0.00    1.29 v hash/CA2/_1246_/A2 (sky130_fd_sc_hd__a211oi_2)
     2    0.01    0.26    0.31    1.60 ^ hash/CA2/_1246_/Y (sky130_fd_sc_hd__a211oi_2)
                                         hash/CA2/_0537_ (net)
                  0.26    0.00    1.60 ^ hash/CA2/_1249_/A1 (sky130_fd_sc_hd__o21ai_2)
     2    0.01    0.08    0.12    1.72 v hash/CA2/_1249_/Y (sky130_fd_sc_hd__o21ai_2)
                                         hash/CA2/_0540_ (net)
                  0.08    0.00    1.72 v hash/CA2/_1263_/C (sky130_fd_sc_hd__and4_4)
     2    0.01    0.04    0.20    1.92 v hash/CA2/_1263_/X (sky130_fd_sc_hd__and4_4)
                                         hash/CA2/_0548_ (net)
                  0.04    0.00    1.92 v hash/CA2/_1310_/A1 (sky130_fd_sc_hd__o21ai_2)
     3    0.01    0.20    0.21    2.13 ^ hash/CA2/_1310_/Y (sky130_fd_sc_hd__o21ai_2)
                                         hash/CA2/_0577_ (net)
                  0.20    0.00    2.13 ^ hash/CA2/_1312_/A1 (sky130_fd_sc_hd__a21oi_1)
     1    0.00    0.07    0.09    2.22 v hash/CA2/_1312_/Y (sky130_fd_sc_hd__a21oi_1)
                                         hash/CA2/_0579_ (net)
                  0.07    0.00    2.22 v hash/CA2/_1313_/A2 (sky130_fd_sc_hd__o21ai_0)
     2    0.01    0.25    0.23    2.46 ^ hash/CA2/_1313_/Y (sky130_fd_sc_hd__o21ai_0)
                                         hash/CA2/_0580_ (net)
                  0.25    0.00    2.46 ^ hash/CA2/_1325_/A2 (sky130_fd_sc_hd__a21oi_1)
     2    0.01    0.09    0.15    2.60 v hash/CA2/_1325_/Y (sky130_fd_sc_hd__a21oi_1)
                                         hash/CA2/_0586_ (net)
                  0.09    0.00    2.60 v hash/CA2/_1345_/A1 (sky130_fd_sc_hd__o31ai_2)
     2    0.02    0.36    0.40    3.00 ^ hash/CA2/_1345_/Y (sky130_fd_sc_hd__o31ai_2)
                                         hash/CA2/_0600_ (net)
                  0.36    0.00    3.00 ^ hash/CA2/_1346_/B (sky130_fd_sc_hd__xnor2_1)
     2    0.01    0.34    0.25    3.25 ^ hash/CA2/_1346_/Y (sky130_fd_sc_hd__xnor2_1)
                                         hash/CA2/_1047_ (net)
                  0.34    0.00    3.25 ^ hash/CA2/_2284_/B (sky130_fd_sc_hd__ha_1)
     4    0.02    0.12    0.36    3.62 v hash/CA2/_2284_/SUM (sky130_fd_sc_hd__ha_1)
                                         hash/CA2/_1049_ (net)
                  0.12    0.00    3.62 v hash/CA2/_2068_/A1 (sky130_fd_sc_hd__a21oi_2)
     5    0.02    0.24    0.26    3.88 ^ hash/CA2/_2068_/Y (sky130_fd_sc_hd__a21oi_2)
                                         hash/CA2/_0463_ (net)
                  0.24    0.00    3.88 ^ hash/CA2/_2097_/A1 (sky130_fd_sc_hd__o21ai_0)
     1    0.00    0.10    0.15    4.03 v hash/CA2/_2097_/Y (sky130_fd_sc_hd__o21ai_0)
                                         hash/CA2/_0487_ (net)
                  0.10    0.00    4.03 v hash/CA2/_2098_/A2 (sky130_fd_sc_hd__a21o_1)
     1    0.00    0.03    0.19    4.22 v hash/CA2/_2098_/X (sky130_fd_sc_hd__a21o_1)
                                         hash/CA2/_0488_ (net)
                  0.03    0.00    4.22 v hash/CA2/_2099_/A2 (sky130_fd_sc_hd__a21o_1)
     1    0.00    0.04    0.17    4.39 v hash/CA2/_2099_/X (sky130_fd_sc_hd__a21o_1)
                                         hash/CA2/_0489_ (net)
                  0.04    0.00    4.39 v hash/CA2/_2100_/A2 (sky130_fd_sc_hd__a21oi_1)
     1    0.01    0.15    0.17    4.56 ^ hash/CA2/_2100_/Y (sky130_fd_sc_hd__a21oi_1)
                                         hash/CA2/_0490_ (net)
                  0.15    0.00    4.56 ^ hash/CA2/_2101_/A (sky130_fd_sc_hd__inv_1)
     2    0.01    0.06    0.09    4.65 v hash/CA2/_2101_/Y (sky130_fd_sc_hd__inv_1)
                                         hash/CA2/_0491_ (net)
                  0.06    0.00    4.65 v hash/CA2/_2102_/B1 (sky130_fd_sc_hd__a41o_4)
     4    0.02    0.06    0.27    4.92 v hash/CA2/_2102_/X (sky130_fd_sc_hd__a41o_4)
                                         hash/CA2/_0492_ (net)
                  0.06    0.00    4.92 v hash/CA2/_2127_/A1 (sky130_fd_sc_hd__o211ai_1)
     1    0.01    0.21    0.22    5.14 ^ hash/CA2/_2127_/Y (sky130_fd_sc_hd__o211ai_1)
                                         hash/CA2/_0512_ (net)
                  0.21    0.00    5.14 ^ hash/CA2/_2128_/B (sky130_fd_sc_hd__xor2_1)
     2    0.01    0.27    0.28    5.41 ^ hash/CA2/_2128_/X (sky130_fd_sc_hd__xor2_1)
                                         hash/e_new[31] (net)
                  0.27    0.00    5.41 ^ hash/_2830_/A0 (sky130_fd_sc_hd__mux2_8)
     5    0.05    0.11    0.27    5.69 ^ hash/_2830_/X (sky130_fd_sc_hd__mux2_8)
                                         hash/e[31] (net)
                  0.11    0.00    5.69 ^ hash/CA1/S1/_28_/C (sky130_fd_sc_hd__xor3_1)
     1    0.01    0.08    0.24    5.93 v hash/CA1/S1/_28_/X (sky130_fd_sc_hd__xor3_1)
                                         hash/CA1/s1[6] (net)
                  0.08    0.00    5.93 v hash/CA1/_3637_/A (sky130_fd_sc_hd__ha_1)
     5    0.02    0.21    0.41    6.35 ^ hash/CA1/_3637_/SUM (sky130_fd_sc_hd__ha_1)
                                         hash/CA1/_1672_ (net)
                  0.21    0.00    6.35 ^ hash/CA1/_2029_/B1 (sky130_fd_sc_hd__o21ai_0)
     1    0.00    0.10    0.14    6.49 v hash/CA1/_2029_/Y (sky130_fd_sc_hd__o21ai_0)
                                         hash/CA1/_0036_ (net)
                  0.10    0.00    6.49 v hash/CA1/_2032_/A2 (sky130_fd_sc_hd__a221oi_1)
     2    0.01    0.38    0.41    6.90 ^ hash/CA1/_2032_/Y (sky130_fd_sc_hd__a221oi_1)
                                         hash/CA1/_0039_ (net)
                  0.38    0.00    6.90 ^ hash/CA1/_2033_/B (sky130_fd_sc_hd__nand2_1)
     1    0.01    0.10    0.14    7.04 v hash/CA1/_2033_/Y (sky130_fd_sc_hd__nand2_1)
                                         hash/CA1/_0040_ (net)
                  0.10    0.00    7.04 v hash/CA1/_2035_/A (sky130_fd_sc_hd__nand2_2)
     2    0.01    0.08    0.11    7.14 ^ hash/CA1/_2035_/Y (sky130_fd_sc_hd__nand2_2)
                                         hash/CA1/_0042_ (net)
                  0.08    0.00    7.14 ^ hash/CA1/_2056_/A2 (sky130_fd_sc_hd__a21o_1)
     1    0.00    0.05    0.12    7.27 ^ hash/CA1/_2056_/X (sky130_fd_sc_hd__a21o_1)
                                         hash/CA1/_0055_ (net)
                  0.05    0.00    7.27 ^ hash/CA1/_2057_/A2 (sky130_fd_sc_hd__a21oi_1)
     1    0.01    0.06    0.07    7.34 v hash/CA1/_2057_/Y (sky130_fd_sc_hd__a21oi_1)
                                         hash/CA1/_0056_ (net)
                  0.06    0.00    7.34 v hash/CA1/_2058_/B (sky130_fd_sc_hd__xnor2_1)
     2    0.01    0.35    0.31    7.64 ^ hash/CA1/_2058_/Y (sky130_fd_sc_hd__xnor2_1)
                                         hash/CA1/_1280_ (net)
                  0.35    0.00    7.64 ^ hash/CA1/_2059_/A (sky130_fd_sc_hd__clkinvlp_2)
     1    0.02    0.22    0.31    7.96 v hash/CA1/_2059_/Y (sky130_fd_sc_hd__clkinvlp_2)
                                         hash/CA1/_1107_ (net)
                  0.22    0.00    7.96 v hash/CA1/_3444_/B (sky130_fd_sc_hd__fa_1)
     1    0.01    0.08    0.46    8.42 v hash/CA1/_3444_/COUT (sky130_fd_sc_hd__fa_1)
                                         hash/CA1/_1109_ (net)
                  0.08    0.00    8.42 v hash/CA1/_2376_/A (sky130_fd_sc_hd__clkinv_1)
     1    0.00    0.04    0.06    8.49 ^ hash/CA1/_2376_/Y (sky130_fd_sc_hd__clkinv_1)
                                         hash/CA1/_1720_ (net)
                  0.04    0.00    8.49 ^ hash/CA1/_3656_/A (sky130_fd_sc_hd__ha_1)
     6    0.02    0.14    0.30    8.78 v hash/CA1/_3656_/SUM (sky130_fd_sc_hd__ha_1)
                                         hash/CA1/_1723_ (net)
                  0.14    0.00    8.79 v hash/CA1/_3119_/A1 (sky130_fd_sc_hd__a41oi_1)
     1    0.01    0.20    0.22    9.01 ^ hash/CA1/_3119_/Y (sky130_fd_sc_hd__a41oi_1)
                                         hash/CA1/_0757_ (net)
                  0.20    0.00    9.01 ^ hash/CA1/_3120_/B1 (sky130_fd_sc_hd__o21ai_0)
     1    0.01    0.11    0.15    9.16 v hash/CA1/_3120_/Y (sky130_fd_sc_hd__o21ai_0)
                                         hash/CA1/_0758_ (net)
                  0.11    0.00    9.16 v hash/CA1/_3121_/A2 (sky130_fd_sc_hd__a21oi_1)
     1    0.01    0.16    0.20    9.36 ^ hash/CA1/_3121_/Y (sky130_fd_sc_hd__a21oi_1)
                                         hash/CA1/_0759_ (net)
                  0.16    0.00    9.36 ^ hash/CA1/_3122_/B1 (sky130_fd_sc_hd__o31ai_2)
     3    0.02    0.12    0.14    9.50 v hash/CA1/_3122_/Y (sky130_fd_sc_hd__o31ai_2)
                                         hash/CA1/_0760_ (net)
                  0.12    0.00    9.50 v hash/CA1/_3183_/A1 (sky130_fd_sc_hd__a2111oi_1)
     1    0.01    0.58    0.57   10.08 ^ hash/CA1/_3183_/Y (sky130_fd_sc_hd__a2111oi_1)
                                         hash/CA1/_0811_ (net)
                  0.58    0.00   10.08 ^ hash/CA1/_3184_/C1 (sky130_fd_sc_hd__a211oi_2)
     3    0.01    0.13    0.12   10.20 v hash/CA1/_3184_/Y (sky130_fd_sc_hd__a211oi_2)
                                         hash/CA1/_0812_ (net)
                  0.13    0.00   10.20 v hash/CA1/_3190_/A2 (sky130_fd_sc_hd__a21o_1)
     1    0.00    0.03    0.21   10.40 v hash/CA1/_3190_/X (sky130_fd_sc_hd__a21o_1)
                                         hash/CA1/_0816_ (net)
                  0.03    0.00   10.40 v hash/CA1/_3191_/A2 (sky130_fd_sc_hd__a21oi_1)
     1    0.01    0.15    0.16   10.57 ^ hash/CA1/_3191_/Y (sky130_fd_sc_hd__a21oi_1)
                                         hash/CA1/_0817_ (net)
                  0.15    0.00   10.57 ^ hash/CA1/_3192_/B (sky130_fd_sc_hd__xnor2_1)
     1    0.00    0.10    0.12   10.69 ^ hash/CA1/_3192_/Y (sky130_fd_sc_hd__xnor2_1)
                                         hash/p3[28] (net)
                  0.10    0.00   10.69 ^ hash/p3_cap[28]$_DFF_P_/D (sky130_fd_sc_hd__dfxtp_1)
                                 10.69   data arrival time

                  0.00   10.00   10.00   clock core_clock (rise edge)
                          0.00   10.00   clock network delay (ideal)
                          0.00   10.00   clock reconvergence pessimism
                                 10.00 ^ hash/p3_cap[28]$_DFF_P_/CLK (sky130_fd_sc_hd__dfxtp_1)
                         -0.07    9.93   library setup time
                                  9.93   data required time
-----------------------------------------------------------------------------
                                  9.93   data required time
                                -10.69   data arrival time
-----------------------------------------------------------------------------
                                 -0.76   slack (VIOLATED)



==========================================================================
resizer report_check_types -max_slew -max_cap -max_fanout -violators
--------------------------------------------------------------------------

==========================================================================
resizer max_slew_check_slack
--------------------------------------------------------------------------
0.0156323853880167

==========================================================================
resizer max_slew_check_limit
--------------------------------------------------------------------------
1.4979510307312012

==========================================================================
resizer max_slew_check_slack_limit
--------------------------------------------------------------------------
0.0104

==========================================================================
resizer max_fanout_check_slack
--------------------------------------------------------------------------
1.0000000150474662e+30

==========================================================================
resizer max_fanout_check_limit
--------------------------------------------------------------------------
1.0000000150474662e+30

==========================================================================
resizer max_capacitance_check_slack
--------------------------------------------------------------------------
0.0013056369498372078

==========================================================================
resizer max_capacitance_check_limit
--------------------------------------------------------------------------
0.1620579957962036

==========================================================================
resizer max_capacitance_check_slack_limit
--------------------------------------------------------------------------
0.0081

==========================================================================
resizer max_slew_violation_count
--------------------------------------------------------------------------
max slew violation count 0

==========================================================================
resizer max_fanout_violation_count
--------------------------------------------------------------------------
max fanout violation count 0

==========================================================================
resizer max_cap_violation_count
--------------------------------------------------------------------------
max cap violation count 0

==========================================================================
resizer setup_violation_count
--------------------------------------------------------------------------
setup violation count 32

==========================================================================
resizer hold_violation_count
--------------------------------------------------------------------------
hold violation count 0

==========================================================================
resizer report_checks -path_delay max reg to reg
--------------------------------------------------------------------------
Startpoint: hash/p2_cap[7]$_DFF_P_
            (rising edge-triggered flip-flop clocked by core_clock)
Endpoint: hash/p3_cap[28]$_DFF_P_
          (rising edge-triggered flip-flop clocked by core_clock)
Path Group: core_clock
Path Type: max

  Delay    Time   Description
---------------------------------------------------------
   0.00    0.00   clock core_clock (rise edge)
   0.00    0.00   clock network delay (ideal)
   0.00    0.00 ^ hash/p2_cap[7]$_DFF_P_/CLK (sky130_fd_sc_hd__dfxtp_1)
   0.52    0.52 ^ hash/p2_cap[7]$_DFF_P_/Q (sky130_fd_sc_hd__dfxtp_1)
   0.43    0.95 v hash/CA2/S1/_11_/X (sky130_fd_sc_hd__xor3_1)
   0.34    1.29 v hash/CA2/_2243_/SUM (sky130_fd_sc_hd__ha_1)
   0.31    1.60 ^ hash/CA2/_1246_/Y (sky130_fd_sc_hd__a211oi_2)
   0.12    1.72 v hash/CA2/_1249_/Y (sky130_fd_sc_hd__o21ai_2)
   0.20    1.92 v hash/CA2/_1263_/X (sky130_fd_sc_hd__and4_4)
   0.21    2.13 ^ hash/CA2/_1310_/Y (sky130_fd_sc_hd__o21ai_2)
   0.09    2.22 v hash/CA2/_1312_/Y (sky130_fd_sc_hd__a21oi_1)
   0.23    2.46 ^ hash/CA2/_1313_/Y (sky130_fd_sc_hd__o21ai_0)
   0.15    2.60 v hash/CA2/_1325_/Y (sky130_fd_sc_hd__a21oi_1)
   0.40    3.00 ^ hash/CA2/_1345_/Y (sky130_fd_sc_hd__o31ai_2)
   0.25    3.25 ^ hash/CA2/_1346_/Y (sky130_fd_sc_hd__xnor2_1)
   0.36    3.62 v hash/CA2/_2284_/SUM (sky130_fd_sc_hd__ha_1)
   0.26    3.88 ^ hash/CA2/_2068_/Y (sky130_fd_sc_hd__a21oi_2)
   0.15    4.03 v hash/CA2/_2097_/Y (sky130_fd_sc_hd__o21ai_0)
   0.19    4.22 v hash/CA2/_2098_/X (sky130_fd_sc_hd__a21o_1)
   0.17    4.39 v hash/CA2/_2099_/X (sky130_fd_sc_hd__a21o_1)
   0.17    4.56 ^ hash/CA2/_2100_/Y (sky130_fd_sc_hd__a21oi_1)
   0.09    4.65 v hash/CA2/_2101_/Y (sky130_fd_sc_hd__inv_1)
   0.27    4.92 v hash/CA2/_2102_/X (sky130_fd_sc_hd__a41o_4)
   0.22    5.14 ^ hash/CA2/_2127_/Y (sky130_fd_sc_hd__o211ai_1)
   0.28    5.41 ^ hash/CA2/_2128_/X (sky130_fd_sc_hd__xor2_1)
   0.27    5.69 ^ hash/_2830_/X (sky130_fd_sc_hd__mux2_8)
   0.25    5.93 v hash/CA1/S1/_28_/X (sky130_fd_sc_hd__xor3_1)
   0.41    6.35 ^ hash/CA1/_3637_/SUM (sky130_fd_sc_hd__ha_1)
   0.14    6.49 v hash/CA1/_2029_/Y (sky130_fd_sc_hd__o21ai_0)
   0.41    6.90 ^ hash/CA1/_2032_/Y (sky130_fd_sc_hd__a221oi_1)
   0.14    7.04 v hash/CA1/_2033_/Y (sky130_fd_sc_hd__nand2_1)
   0.11    7.14 ^ hash/CA1/_2035_/Y (sky130_fd_sc_hd__nand2_2)
   0.12    7.27 ^ hash/CA1/_2056_/X (sky130_fd_sc_hd__a21o_1)
   0.07    7.34 v hash/CA1/_2057_/Y (sky130_fd_sc_hd__a21oi_1)
   0.31    7.64 ^ hash/CA1/_2058_/Y (sky130_fd_sc_hd__xnor2_1)
   0.31    7.96 v hash/CA1/_2059_/Y (sky130_fd_sc_hd__clkinvlp_2)
   0.46    8.42 v hash/CA1/_3444_/COUT (sky130_fd_sc_hd__fa_1)
   0.06    8.49 ^ hash/CA1/_2376_/Y (sky130_fd_sc_hd__clkinv_1)
   0.30    8.78 v hash/CA1/_3656_/SUM (sky130_fd_sc_hd__ha_1)
   0.22    9.01 ^ hash/CA1/_3119_/Y (sky130_fd_sc_hd__a41oi_1)
   0.15    9.16 v hash/CA1/_3120_/Y (sky130_fd_sc_hd__o21ai_0)
   0.20    9.36 ^ hash/CA1/_3121_/Y (sky130_fd_sc_hd__a21oi_1)
   0.14    9.50 v hash/CA1/_3122_/Y (sky130_fd_sc_hd__o31ai_2)
   0.57   10.08 ^ hash/CA1/_3183_/Y (sky130_fd_sc_hd__a2111oi_1)
   0.12   10.20 v hash/CA1/_3184_/Y (sky130_fd_sc_hd__a211oi_2)
   0.21   10.40 v hash/CA1/_3190_/X (sky130_fd_sc_hd__a21o_1)
   0.16   10.57 ^ hash/CA1/_3191_/Y (sky130_fd_sc_hd__a21oi_1)
   0.12   10.69 ^ hash/CA1/_3192_/Y (sky130_fd_sc_hd__xnor2_1)
   0.00   10.69 ^ hash/p3_cap[28]$_DFF_P_/D (sky130_fd_sc_hd__dfxtp_1)
          10.69   data arrival time

  10.00   10.00   clock core_clock (rise edge)
   0.00   10.00   clock network delay (ideal)
   0.00   10.00   clock reconvergence pessimism
          10.00 ^ hash/p3_cap[28]$_DFF_P_/CLK (sky130_fd_sc_hd__dfxtp_1)
  -0.07    9.93   library setup time
           9.93   data required time
---------------------------------------------------------
           9.93   data required time
         -10.69   data arrival time
---------------------------------------------------------
          -0.76   slack (VIOLATED)



==========================================================================
resizer report_checks -path_delay min reg to reg
--------------------------------------------------------------------------
Startpoint: ready_dash$_SDFF_PP0_
            (rising edge-triggered flip-flop clocked by core_clock)
Endpoint: ready$_DFF_P_ (rising edge-triggered flip-flop clocked by core_clock)
Path Group: core_clock
Path Type: min

  Delay    Time   Description
---------------------------------------------------------
   0.00    0.00   clock core_clock (rise edge)
   0.00    0.00   clock network delay (ideal)
   0.00    0.00 ^ ready_dash$_SDFF_PP0_/CLK (sky130_fd_sc_hd__dfxtp_1)
   0.31    0.31 ^ ready_dash$_SDFF_PP0_/Q (sky130_fd_sc_hd__dfxtp_1)
   0.00    0.31 ^ ready$_DFF_P_/D (sky130_fd_sc_hd__dfxtp_1)
           0.31   data arrival time

   0.00    0.00   clock core_clock (rise edge)
   0.00    0.00   clock network delay (ideal)
   0.00    0.00   clock reconvergence pessimism
           0.00 ^ ready$_DFF_P_/CLK (sky130_fd_sc_hd__dfxtp_1)
  -0.04   -0.04   library hold time
          -0.04   data required time
---------------------------------------------------------
          -0.04   data required time
          -0.31   data arrival time
---------------------------------------------------------
           0.35   slack (MET)



==========================================================================
resizer critical path target clock latency max path
--------------------------------------------------------------------------
0.0000

==========================================================================
resizer critical path target clock latency min path
--------------------------------------------------------------------------
0.0000

==========================================================================
resizer critical path source clock latency min path
--------------------------------------------------------------------------
0.0000

==========================================================================
resizer critical path delay
--------------------------------------------------------------------------
10.6906

==========================================================================
resizer critical path slack
--------------------------------------------------------------------------
-0.7636

==========================================================================
resizer slack div critical path delay
--------------------------------------------------------------------------
-7.142724

==========================================================================
resizer report_power
--------------------------------------------------------------------------
Group                  Internal  Switching    Leakage      Total
                          Power      Power      Power      Power (Watts)
----------------------------------------------------------------
Sequential             1.90e-02   2.33e-03   2.80e-08   2.13e-02   6.0%
Combinational          1.44e-01   1.91e-01   6.57e-08   3.35e-01  94.0%
Clock                  0.00e+00   0.00e+00   0.00e+00   0.00e+00   0.0%
Macro                  0.00e+00   0.00e+00   0.00e+00   0.00e+00   0.0%
Pad                    0.00e+00   0.00e+00   0.00e+00   0.00e+00   0.0%
----------------------------------------------------------------
Total                  1.63e-01   1.94e-01   9.36e-08   3.57e-01 100.0%
                          45.7%      54.3%       0.0%
