
==========================================================================
global route report_tns
--------------------------------------------------------------------------
tns -7.77

==========================================================================
global route report_wns
--------------------------------------------------------------------------
wns -1.24

==========================================================================
global route report_worst_slack
--------------------------------------------------------------------------
worst slack -1.24

==========================================================================
global route report_clock_skew
--------------------------------------------------------------------------
Clock core_clock
   0.95 source latency w[59][0]$_SDFFCE_PN0P_/CLK ^
  -1.02 target latency w[61][10]$_SDFFCE_PN0P_/CLK ^
   0.00 CRPR
--------------
  -0.07 setup skew


==========================================================================
global route report_checks -path_delay min
--------------------------------------------------------------------------
Startpoint: ready_dash$_SDFF_PP0_
            (rising edge-triggered flip-flop clocked by core_clock)
Endpoint: ready$_DFF_P_ (rising edge-triggered flip-flop clocked by core_clock)
Path Group: core_clock
Path Type: min

Fanout     Cap    Slew   Delay    Time   Description
-----------------------------------------------------------------------------
                          0.00    0.00   clock core_clock (rise edge)
                          0.00    0.00   clock source latency
     2    0.12    0.00    0.00    0.00 ^ clk (in)
                                         clk (net)
                  0.01    0.01    0.01 ^ clkbuf_0_clk/A (sky130_fd_sc_hd__clkbuf_16)
     4    0.18    0.20    0.23    0.23 ^ clkbuf_0_clk/X (sky130_fd_sc_hd__clkbuf_16)
                                         clknet_0_clk (net)
                  0.20    0.01    0.25 ^ clkbuf_2_1_0_clk/A (sky130_fd_sc_hd__clkbuf_16)
     8    0.17    0.18    0.28    0.53 ^ clkbuf_2_1_0_clk/X (sky130_fd_sc_hd__clkbuf_16)
                                         clknet_2_1_0_clk (net)
                  0.18    0.00    0.54 ^ clkbuf_5_15__f_clk/A (sky130_fd_sc_hd__clkbuf_16)
    11    0.15    0.16    0.27    0.80 ^ clkbuf_5_15__f_clk/X (sky130_fd_sc_hd__clkbuf_16)
                                         clknet_5_15__leaf_clk (net)
                  0.16    0.00    0.81 ^ clkbuf_leaf_193_clk/A (sky130_fd_sc_hd__clkbuf_16)
    13    0.05    0.07    0.19    1.00 ^ clkbuf_leaf_193_clk/X (sky130_fd_sc_hd__clkbuf_16)
                                         clknet_leaf_193_clk (net)
                  0.07    0.00    1.00 ^ ready_dash$_SDFF_PP0_/CLK (sky130_fd_sc_hd__dfxtp_1)
     1    0.01    0.04    0.31    1.31 v ready_dash$_SDFF_PP0_/Q (sky130_fd_sc_hd__dfxtp_1)
                                         ready_dash (net)
                  0.04    0.00    1.31 v ready$_DFF_P_/D (sky130_fd_sc_hd__dfxtp_4)
                                  1.31   data arrival time

                          0.00    0.00   clock core_clock (rise edge)
                          0.00    0.00   clock source latency
     2    0.12    0.00    0.00    0.00 ^ clk (in)
                                         clk (net)
                  0.01    0.01    0.01 ^ clkbuf_0_clk/A (sky130_fd_sc_hd__clkbuf_16)
     4    0.18    0.20    0.23    0.23 ^ clkbuf_0_clk/X (sky130_fd_sc_hd__clkbuf_16)
                                         clknet_0_clk (net)
                  0.20    0.01    0.25 ^ clkbuf_2_1_0_clk/A (sky130_fd_sc_hd__clkbuf_16)
     8    0.17    0.18    0.28    0.53 ^ clkbuf_2_1_0_clk/X (sky130_fd_sc_hd__clkbuf_16)
                                         clknet_2_1_0_clk (net)
                  0.18    0.00    0.54 ^ clkbuf_5_15__f_clk/A (sky130_fd_sc_hd__clkbuf_16)
    11    0.15    0.16    0.27    0.80 ^ clkbuf_5_15__f_clk/X (sky130_fd_sc_hd__clkbuf_16)
                                         clknet_5_15__leaf_clk (net)
                  0.16    0.00    0.81 ^ clkbuf_leaf_194_clk/A (sky130_fd_sc_hd__clkbuf_16)
    14    0.05    0.07    0.19    1.00 ^ clkbuf_leaf_194_clk/X (sky130_fd_sc_hd__clkbuf_16)
                                         clknet_leaf_194_clk (net)
                  0.07    0.00    1.00 ^ ready$_DFF_P_/CLK (sky130_fd_sc_hd__dfxtp_4)
                          0.00    1.00   clock reconvergence pessimism
                         -0.04    0.96   library hold time
                                  0.96   data required time
-----------------------------------------------------------------------------
                                  0.96   data required time
                                 -1.31   data arrival time
-----------------------------------------------------------------------------
                                  0.35   slack (MET)



==========================================================================
global route report_checks -path_delay max
--------------------------------------------------------------------------
Startpoint: hash.p2_cap[12]$_DFF_P_
            (rising edge-triggered flip-flop clocked by core_clock)
Endpoint: hash.p3_cap[31]$_DFF_P_
          (rising edge-triggered flip-flop clocked by core_clock)
Path Group: core_clock
Path Type: max

Fanout     Cap    Slew   Delay    Time   Description
-----------------------------------------------------------------------------
                          0.00    0.00   clock core_clock (rise edge)
                          0.00    0.00   clock source latency
     2    0.12    0.00    0.00    0.00 ^ clk (in)
                                         clk (net)
                  0.01    0.01    0.01 ^ clkbuf_0_clk/A (sky130_fd_sc_hd__clkbuf_16)
     4    0.18    0.20    0.23    0.23 ^ clkbuf_0_clk/X (sky130_fd_sc_hd__clkbuf_16)
                                         clknet_0_clk (net)
                  0.20    0.01    0.24 ^ clkbuf_2_3_0_clk/A (sky130_fd_sc_hd__clkbuf_16)
     8    0.18    0.19    0.29    0.53 ^ clkbuf_2_3_0_clk/X (sky130_fd_sc_hd__clkbuf_16)
                                         clknet_2_3_0_clk (net)
                  0.19    0.00    0.54 ^ clkbuf_5_24__f_clk/A (sky130_fd_sc_hd__clkbuf_16)
    10    0.14    0.16    0.26    0.80 ^ clkbuf_5_24__f_clk/X (sky130_fd_sc_hd__clkbuf_16)
                                         clknet_5_24__leaf_clk (net)
                  0.16    0.00    0.80 ^ clkbuf_leaf_170_clk/A (sky130_fd_sc_hd__clkbuf_16)
    11    0.04    0.06    0.18    0.99 ^ clkbuf_leaf_170_clk/X (sky130_fd_sc_hd__clkbuf_16)
                                         clknet_leaf_170_clk (net)
                  0.06    0.00    0.99 ^ hash.p2_cap[12]$_DFF_P_/CLK (sky130_fd_sc_hd__dfxtp_4)
     8    0.06    0.09    0.41    1.39 v hash.p2_cap[12]$_DFF_P_/Q (sky130_fd_sc_hd__dfxtp_4)
                                         hash.CA2.S1.X[12] (net)
                  0.09    0.00    1.40 v _15232_/A (sky130_fd_sc_hd__xnor2_4)
     1    0.02    0.23    0.26    1.65 ^ _15232_/Y (sky130_fd_sc_hd__xnor2_4)
                                         _04620_ (net)
                  0.23    0.00    1.65 ^ _15233_/B (sky130_fd_sc_hd__xnor2_2)
     2    0.01    0.23    0.17    1.83 ^ _15233_/Y (sky130_fd_sc_hd__xnor2_2)
                                         _13405_ (net)
                  0.23    0.00    1.83 ^ _27951_/B (sky130_fd_sc_hd__ha_1)
     2    0.01    0.10    0.32    2.15 v _27951_/SUM (sky130_fd_sc_hd__ha_1)
                                         _13407_ (net)
                  0.10    0.00    2.15 v _15336_/A2 (sky130_fd_sc_hd__a211oi_2)
     2    0.01    0.20    0.27    2.42 ^ _15336_/Y (sky130_fd_sc_hd__a211oi_2)
                                         _04704_ (net)
                  0.20    0.00    2.42 ^ _15387_/A1 (sky130_fd_sc_hd__o21a_1)
     2    0.01    0.11    0.21    2.62 ^ _15387_/X (sky130_fd_sc_hd__o21a_1)
                                         _04747_ (net)
                  0.11    0.00    2.62 ^ _15446_/A1 (sky130_fd_sc_hd__o21ai_1)
     2    0.01    0.11    0.13    2.76 v _15446_/Y (sky130_fd_sc_hd__o21ai_1)
                                         _04798_ (net)
                  0.11    0.00    2.76 v _15486_/A3 (sky130_fd_sc_hd__o31a_2)
     3    0.02    0.10    0.37    3.13 v _15486_/X (sky130_fd_sc_hd__o31a_2)
                                         _04830_ (net)
                  0.10    0.00    3.13 v _15533_/A3 (sky130_fd_sc_hd__a31oi_4)
     4    0.03    0.29    0.32    3.45 ^ _15533_/Y (sky130_fd_sc_hd__a31oi_4)
                                         _04861_ (net)
                  0.29    0.00    3.45 ^ _15581_/A1 (sky130_fd_sc_hd__o21ai_0)
     1    0.00    0.09    0.15    3.60 v _15581_/Y (sky130_fd_sc_hd__o21ai_0)
                                         _04893_ (net)
                  0.09    0.00    3.60 v _15582_/A1 (sky130_fd_sc_hd__a21oi_1)
     2    0.01    0.24    0.24    3.84 ^ _15582_/Y (sky130_fd_sc_hd__a21oi_1)
                                         _04894_ (net)
                  0.24    0.00    3.84 ^ _15602_/B (sky130_fd_sc_hd__nor2_1)
     1    0.01    0.07    0.08    3.92 v _15602_/Y (sky130_fd_sc_hd__nor2_1)
                                         _04906_ (net)
                  0.07    0.00    3.92 v _15603_/A2 (sky130_fd_sc_hd__o21ai_0)
     1    0.01    0.19    0.19    4.12 ^ _15603_/Y (sky130_fd_sc_hd__o21ai_0)
                                         _04907_ (net)
                  0.19    0.00    4.12 ^ _15604_/B (sky130_fd_sc_hd__nand2_1)
     1    0.01    0.09    0.13    4.24 v _15604_/Y (sky130_fd_sc_hd__nand2_1)
                                         _04908_ (net)
                  0.09    0.00    4.24 v _15605_/B (sky130_fd_sc_hd__xor2_2)
     3    0.01    0.09    0.18    4.42 v _15605_/X (sky130_fd_sc_hd__xor2_2)
                                         _13547_ (net)
                  0.09    0.00    4.42 v _28036_/B (sky130_fd_sc_hd__ha_1)
     3    0.01    0.09    0.34    4.76 v _28036_/SUM (sky130_fd_sc_hd__ha_1)
                                         _13663_ (net)
                  0.09    0.00    4.76 v _18447_/B (sky130_fd_sc_hd__nand2_2)
     2    0.02    0.11    0.13    4.89 ^ _18447_/Y (sky130_fd_sc_hd__nand2_2)
                                         _06857_ (net)
                  0.11    0.00    4.89 ^ _18448_/B (sky130_fd_sc_hd__nor2_4)
     2    0.01    0.05    0.05    4.94 v _18448_/Y (sky130_fd_sc_hd__nor2_4)
                                         _06858_ (net)
                  0.05    0.00    4.94 v _18451_/A2 (sky130_fd_sc_hd__a21o_1)
     1    0.01    0.06    0.21    5.15 v _18451_/X (sky130_fd_sc_hd__a21o_1)
                                         _06861_ (net)
                  0.06    0.00    5.15 v _18452_/B1 (sky130_fd_sc_hd__a21oi_4)
     4    0.03    0.26    0.24    5.39 ^ _18452_/Y (sky130_fd_sc_hd__a21oi_4)
                                         _06862_ (net)
                  0.26    0.00    5.39 ^ rebuffer8/A (sky130_fd_sc_hd__buf_1)
     1    0.01    0.09    0.15    5.54 ^ rebuffer8/X (sky130_fd_sc_hd__buf_1)
                                         net1017 (net)
                  0.09    0.00    5.54 ^ _18493_/A2 (sky130_fd_sc_hd__o21ai_2)
     3    0.02    0.11    0.09    5.64 v _18493_/Y (sky130_fd_sc_hd__o21ai_2)
                                         _06895_ (net)
                  0.11    0.00    5.64 v rebuffer23/A (sky130_fd_sc_hd__clkbuf_2)
     1    0.00    0.03    0.13    5.77 v rebuffer23/X (sky130_fd_sc_hd__clkbuf_2)
                                         net1034 (net)
                  0.03    0.00    5.77 v _18494_/C (sky130_fd_sc_hd__or3_4)
     5    0.08    0.16    0.45    6.22 v _18494_/X (sky130_fd_sc_hd__or3_4)
                                         _06896_ (net)
                  0.16    0.01    6.23 v _20764_/B (sky130_fd_sc_hd__xnor2_4)
     1    0.02    0.21    0.25    6.48 ^ _20764_/Y (sky130_fd_sc_hd__xnor2_4)
                                         _14041_ (net)
                  0.21    0.00    6.48 ^ _28168_/A (sky130_fd_sc_hd__ha_4)
     4    0.02    0.06    0.26    6.74 v _28168_/SUM (sky130_fd_sc_hd__ha_4)
                                         _14043_ (net)
                  0.06    0.00    6.74 v _18885_/A2 (sky130_fd_sc_hd__o211ai_2)
     1    0.01    0.15    0.16    6.90 ^ _18885_/Y (sky130_fd_sc_hd__o211ai_2)
                                         _07131_ (net)
                  0.15    0.00    6.90 ^ _18887_/A1 (sky130_fd_sc_hd__o21ai_2)
     2    0.02    0.09    0.12    7.02 v _18887_/Y (sky130_fd_sc_hd__o21ai_2)
                                         _07133_ (net)
                  0.09    0.00    7.02 v _18913_/A3 (sky130_fd_sc_hd__o31ai_4)
     3    0.03    0.36    0.34    7.36 ^ _18913_/Y (sky130_fd_sc_hd__o31ai_4)
                                         _07151_ (net)
                  0.36    0.00    7.36 ^ _18956_/A1 (sky130_fd_sc_hd__o21ai_4)
     5    0.04    0.13    0.17    7.53 v _18956_/Y (sky130_fd_sc_hd__o21ai_4)
                                         _07183_ (net)
                  0.13    0.00    7.54 v _18990_/A2 (sky130_fd_sc_hd__a41oi_4)
     4    0.02    0.24    0.26    7.80 ^ _18990_/Y (sky130_fd_sc_hd__a41oi_4)
                                         _07211_ (net)
                  0.24    0.00    7.80 ^ _18991_/A (sky130_fd_sc_hd__nor2b_1)
     1    0.00    0.06    0.09    7.88 v _18991_/Y (sky130_fd_sc_hd__nor2b_1)
                                         _07212_ (net)
                  0.06    0.00    7.89 v _18992_/A1 (sky130_fd_sc_hd__o21ai_1)
     1    0.01    0.15    0.17    8.06 ^ _18992_/Y (sky130_fd_sc_hd__o21ai_1)
                                         _07213_ (net)
                  0.15    0.00    8.06 ^ _18993_/B (sky130_fd_sc_hd__nand2b_1)
     2    0.01    0.10    0.13    8.19 v _18993_/Y (sky130_fd_sc_hd__nand2b_1)
                                         _07214_ (net)
                  0.10    0.00    8.19 v _19158_/A1 (sky130_fd_sc_hd__a21o_1)
     1    0.01    0.07    0.22    8.40 v _19158_/X (sky130_fd_sc_hd__a21o_1)
                                         _07345_ (net)
                  0.07    0.00    8.40 v _19159_/A2 (sky130_fd_sc_hd__a21oi_4)
     3    0.02    0.21    0.23    8.64 ^ _19159_/Y (sky130_fd_sc_hd__a21oi_4)
                                         _07346_ (net)
                  0.21    0.00    8.64 ^ _20453_/A (sky130_fd_sc_hd__xnor2_2)
     1    0.01    0.08    0.12    8.76 v _20453_/Y (sky130_fd_sc_hd__xnor2_2)
                                         _12754_ (net)
                  0.08    0.00    8.76 v _27765_/A (sky130_fd_sc_hd__fa_1)
     1    0.01    0.15    0.62    9.38 ^ _27765_/SUM (sky130_fd_sc_hd__fa_1)
                                         _12758_ (net)
                  0.15    0.00    9.38 ^ _28214_/A (sky130_fd_sc_hd__ha_4)
     4    0.02    0.05    0.24    9.62 v _28214_/SUM (sky130_fd_sc_hd__ha_4)
                                         _14179_ (net)
                  0.05    0.00    9.62 v _23889_/A1 (sky130_fd_sc_hd__o21a_1)
     1    0.01    0.05    0.19    9.81 v _23889_/X (sky130_fd_sc_hd__o21a_1)
                                         _09685_ (net)
                  0.05    0.00    9.81 v _23890_/A2 (sky130_fd_sc_hd__o211ai_2)
     3    0.02    0.25    0.23   10.04 ^ _23890_/Y (sky130_fd_sc_hd__o211ai_2)
                                         _09686_ (net)
                  0.25    0.00   10.04 ^ _23895_/A1 (sky130_fd_sc_hd__o21ai_2)
     2    0.01    0.08    0.12   10.16 v _23895_/Y (sky130_fd_sc_hd__o21ai_2)
                                         _09691_ (net)
                  0.08    0.00   10.16 v _23896_/B2 (sky130_fd_sc_hd__a32o_2)
     3    0.02    0.08    0.29   10.45 v _23896_/X (sky130_fd_sc_hd__a32o_2)
                                         _09692_ (net)
                  0.08    0.00   10.45 v _23912_/D (sky130_fd_sc_hd__or4_4)
     2    0.01    0.09    0.44   10.89 v _23912_/X (sky130_fd_sc_hd__or4_4)
                                         _09704_ (net)
                  0.09    0.00   10.89 v _23927_/A2 (sky130_fd_sc_hd__a311oi_2)
     1    0.01    0.27    0.31   11.20 ^ _23927_/Y (sky130_fd_sc_hd__a311oi_2)
                                         _09717_ (net)
                  0.27    0.00   11.20 ^ _23929_/A (sky130_fd_sc_hd__nor2_2)
     3    0.01    0.08    0.10   11.30 v _23929_/Y (sky130_fd_sc_hd__nor2_2)
                                         _09719_ (net)
                  0.08    0.00   11.30 v _23951_/A1 (sky130_fd_sc_hd__o211a_1)
     2    0.01    0.09    0.28   11.59 v _23951_/X (sky130_fd_sc_hd__o211a_1)
                                         _09737_ (net)
                  0.09    0.00   11.59 v _23953_/C (sky130_fd_sc_hd__nor4b_2)
     1    0.01    0.24    0.26   11.85 ^ _23953_/Y (sky130_fd_sc_hd__nor4b_2)
                                         _09739_ (net)
                  0.24    0.00   11.85 ^ _23958_/B1 (sky130_fd_sc_hd__a211oi_2)
     1    0.01    0.08    0.10   11.95 v _23958_/Y (sky130_fd_sc_hd__a211oi_2)
                                         _09744_ (net)
                  0.08    0.00   11.95 v _23959_/B (sky130_fd_sc_hd__xnor2_1)
     1    0.01    0.09    0.15   12.09 v _23959_/Y (sky130_fd_sc_hd__xnor2_1)
                                         hash.CA1.p3[31] (net)
                  0.09    0.00   12.09 v hash.p3_cap[31]$_DFF_P_/D (sky130_fd_sc_hd__dfxtp_1)
                                 12.09   data arrival time

                         10.00   10.00   clock core_clock (rise edge)
                          0.00   10.00   clock source latency
     2    0.12    0.00    0.00   10.00 ^ clk (in)
                                         clk (net)
                  0.01    0.01   10.01 ^ clkbuf_0_clk/A (sky130_fd_sc_hd__clkbuf_16)
     4    0.18    0.20    0.23   10.23 ^ clkbuf_0_clk/X (sky130_fd_sc_hd__clkbuf_16)
                                         clknet_0_clk (net)
                  0.20    0.01   10.24 ^ clkbuf_2_3_0_clk/A (sky130_fd_sc_hd__clkbuf_16)
     8    0.18    0.19    0.29   10.53 ^ clkbuf_2_3_0_clk/X (sky130_fd_sc_hd__clkbuf_16)
                                         clknet_2_3_0_clk (net)
                  0.19    0.00   10.54 ^ clkbuf_5_29__f_clk/A (sky130_fd_sc_hd__clkbuf_16)
    10    0.13    0.15    0.26   10.79 ^ clkbuf_5_29__f_clk/X (sky130_fd_sc_hd__clkbuf_16)
                                         clknet_5_29__leaf_clk (net)
                  0.15    0.00   10.80 ^ clkbuf_leaf_127_clk/A (sky130_fd_sc_hd__clkbuf_16)
    11    0.04    0.06    0.18   10.98 ^ clkbuf_leaf_127_clk/X (sky130_fd_sc_hd__clkbuf_16)
                                         clknet_leaf_127_clk (net)
                  0.06    0.00   10.98 ^ hash.p3_cap[31]$_DFF_P_/CLK (sky130_fd_sc_hd__dfxtp_1)
                          0.00   10.98   clock reconvergence pessimism
                         -0.13   10.85   library setup time
                                 10.85   data required time
-----------------------------------------------------------------------------
                                 10.85   data required time
                                -12.09   data arrival time
-----------------------------------------------------------------------------
                                 -1.24   slack (VIOLATED)



==========================================================================
global route report_checks -unconstrained
--------------------------------------------------------------------------
Startpoint: hash.p2_cap[12]$_DFF_P_
            (rising edge-triggered flip-flop clocked by core_clock)
Endpoint: hash.p3_cap[31]$_DFF_P_
          (rising edge-triggered flip-flop clocked by core_clock)
Path Group: core_clock
Path Type: max

Fanout     Cap    Slew   Delay    Time   Description
-----------------------------------------------------------------------------
                          0.00    0.00   clock core_clock (rise edge)
                          0.00    0.00   clock source latency
     2    0.12    0.00    0.00    0.00 ^ clk (in)
                                         clk (net)
                  0.01    0.01    0.01 ^ clkbuf_0_clk/A (sky130_fd_sc_hd__clkbuf_16)
     4    0.18    0.20    0.23    0.23 ^ clkbuf_0_clk/X (sky130_fd_sc_hd__clkbuf_16)
                                         clknet_0_clk (net)
                  0.20    0.01    0.24 ^ clkbuf_2_3_0_clk/A (sky130_fd_sc_hd__clkbuf_16)
     8    0.18    0.19    0.29    0.53 ^ clkbuf_2_3_0_clk/X (sky130_fd_sc_hd__clkbuf_16)
                                         clknet_2_3_0_clk (net)
                  0.19    0.00    0.54 ^ clkbuf_5_24__f_clk/A (sky130_fd_sc_hd__clkbuf_16)
    10    0.14    0.16    0.26    0.80 ^ clkbuf_5_24__f_clk/X (sky130_fd_sc_hd__clkbuf_16)
                                         clknet_5_24__leaf_clk (net)
                  0.16    0.00    0.80 ^ clkbuf_leaf_170_clk/A (sky130_fd_sc_hd__clkbuf_16)
    11    0.04    0.06    0.18    0.99 ^ clkbuf_leaf_170_clk/X (sky130_fd_sc_hd__clkbuf_16)
                                         clknet_leaf_170_clk (net)
                  0.06    0.00    0.99 ^ hash.p2_cap[12]$_DFF_P_/CLK (sky130_fd_sc_hd__dfxtp_4)
     8    0.06    0.09    0.41    1.39 v hash.p2_cap[12]$_DFF_P_/Q (sky130_fd_sc_hd__dfxtp_4)
                                         hash.CA2.S1.X[12] (net)
                  0.09    0.00    1.40 v _15232_/A (sky130_fd_sc_hd__xnor2_4)
     1    0.02    0.23    0.26    1.65 ^ _15232_/Y (sky130_fd_sc_hd__xnor2_4)
                                         _04620_ (net)
                  0.23    0.00    1.65 ^ _15233_/B (sky130_fd_sc_hd__xnor2_2)
     2    0.01    0.23    0.17    1.83 ^ _15233_/Y (sky130_fd_sc_hd__xnor2_2)
                                         _13405_ (net)
                  0.23    0.00    1.83 ^ _27951_/B (sky130_fd_sc_hd__ha_1)
     2    0.01    0.10    0.32    2.15 v _27951_/SUM (sky130_fd_sc_hd__ha_1)
                                         _13407_ (net)
                  0.10    0.00    2.15 v _15336_/A2 (sky130_fd_sc_hd__a211oi_2)
     2    0.01    0.20    0.27    2.42 ^ _15336_/Y (sky130_fd_sc_hd__a211oi_2)
                                         _04704_ (net)
                  0.20    0.00    2.42 ^ _15387_/A1 (sky130_fd_sc_hd__o21a_1)
     2    0.01    0.11    0.21    2.62 ^ _15387_/X (sky130_fd_sc_hd__o21a_1)
                                         _04747_ (net)
                  0.11    0.00    2.62 ^ _15446_/A1 (sky130_fd_sc_hd__o21ai_1)
     2    0.01    0.11    0.13    2.76 v _15446_/Y (sky130_fd_sc_hd__o21ai_1)
                                         _04798_ (net)
                  0.11    0.00    2.76 v _15486_/A3 (sky130_fd_sc_hd__o31a_2)
     3    0.02    0.10    0.37    3.13 v _15486_/X (sky130_fd_sc_hd__o31a_2)
                                         _04830_ (net)
                  0.10    0.00    3.13 v _15533_/A3 (sky130_fd_sc_hd__a31oi_4)
     4    0.03    0.29    0.32    3.45 ^ _15533_/Y (sky130_fd_sc_hd__a31oi_4)
                                         _04861_ (net)
                  0.29    0.00    3.45 ^ _15581_/A1 (sky130_fd_sc_hd__o21ai_0)
     1    0.00    0.09    0.15    3.60 v _15581_/Y (sky130_fd_sc_hd__o21ai_0)
                                         _04893_ (net)
                  0.09    0.00    3.60 v _15582_/A1 (sky130_fd_sc_hd__a21oi_1)
     2    0.01    0.24    0.24    3.84 ^ _15582_/Y (sky130_fd_sc_hd__a21oi_1)
                                         _04894_ (net)
                  0.24    0.00    3.84 ^ _15602_/B (sky130_fd_sc_hd__nor2_1)
     1    0.01    0.07    0.08    3.92 v _15602_/Y (sky130_fd_sc_hd__nor2_1)
                                         _04906_ (net)
                  0.07    0.00    3.92 v _15603_/A2 (sky130_fd_sc_hd__o21ai_0)
     1    0.01    0.19    0.19    4.12 ^ _15603_/Y (sky130_fd_sc_hd__o21ai_0)
                                         _04907_ (net)
                  0.19    0.00    4.12 ^ _15604_/B (sky130_fd_sc_hd__nand2_1)
     1    0.01    0.09    0.13    4.24 v _15604_/Y (sky130_fd_sc_hd__nand2_1)
                                         _04908_ (net)
                  0.09    0.00    4.24 v _15605_/B (sky130_fd_sc_hd__xor2_2)
     3    0.01    0.09    0.18    4.42 v _15605_/X (sky130_fd_sc_hd__xor2_2)
                                         _13547_ (net)
                  0.09    0.00    4.42 v _28036_/B (sky130_fd_sc_hd__ha_1)
     3    0.01    0.09    0.34    4.76 v _28036_/SUM (sky130_fd_sc_hd__ha_1)
                                         _13663_ (net)
                  0.09    0.00    4.76 v _18447_/B (sky130_fd_sc_hd__nand2_2)
     2    0.02    0.11    0.13    4.89 ^ _18447_/Y (sky130_fd_sc_hd__nand2_2)
                                         _06857_ (net)
                  0.11    0.00    4.89 ^ _18448_/B (sky130_fd_sc_hd__nor2_4)
     2    0.01    0.05    0.05    4.94 v _18448_/Y (sky130_fd_sc_hd__nor2_4)
                                         _06858_ (net)
                  0.05    0.00    4.94 v _18451_/A2 (sky130_fd_sc_hd__a21o_1)
     1    0.01    0.06    0.21    5.15 v _18451_/X (sky130_fd_sc_hd__a21o_1)
                                         _06861_ (net)
                  0.06    0.00    5.15 v _18452_/B1 (sky130_fd_sc_hd__a21oi_4)
     4    0.03    0.26    0.24    5.39 ^ _18452_/Y (sky130_fd_sc_hd__a21oi_4)
                                         _06862_ (net)
                  0.26    0.00    5.39 ^ rebuffer8/A (sky130_fd_sc_hd__buf_1)
     1    0.01    0.09    0.15    5.54 ^ rebuffer8/X (sky130_fd_sc_hd__buf_1)
                                         net1017 (net)
                  0.09    0.00    5.54 ^ _18493_/A2 (sky130_fd_sc_hd__o21ai_2)
     3    0.02    0.11    0.09    5.64 v _18493_/Y (sky130_fd_sc_hd__o21ai_2)
                                         _06895_ (net)
                  0.11    0.00    5.64 v rebuffer23/A (sky130_fd_sc_hd__clkbuf_2)
     1    0.00    0.03    0.13    5.77 v rebuffer23/X (sky130_fd_sc_hd__clkbuf_2)
                                         net1034 (net)
                  0.03    0.00    5.77 v _18494_/C (sky130_fd_sc_hd__or3_4)
     5    0.08    0.16    0.45    6.22 v _18494_/X (sky130_fd_sc_hd__or3_4)
                                         _06896_ (net)
                  0.16    0.01    6.23 v _20764_/B (sky130_fd_sc_hd__xnor2_4)
     1    0.02    0.21    0.25    6.48 ^ _20764_/Y (sky130_fd_sc_hd__xnor2_4)
                                         _14041_ (net)
                  0.21    0.00    6.48 ^ _28168_/A (sky130_fd_sc_hd__ha_4)
     4    0.02    0.06    0.26    6.74 v _28168_/SUM (sky130_fd_sc_hd__ha_4)
                                         _14043_ (net)
                  0.06    0.00    6.74 v _18885_/A2 (sky130_fd_sc_hd__o211ai_2)
     1    0.01    0.15    0.16    6.90 ^ _18885_/Y (sky130_fd_sc_hd__o211ai_2)
                                         _07131_ (net)
                  0.15    0.00    6.90 ^ _18887_/A1 (sky130_fd_sc_hd__o21ai_2)
     2    0.02    0.09    0.12    7.02 v _18887_/Y (sky130_fd_sc_hd__o21ai_2)
                                         _07133_ (net)
                  0.09    0.00    7.02 v _18913_/A3 (sky130_fd_sc_hd__o31ai_4)
     3    0.03    0.36    0.34    7.36 ^ _18913_/Y (sky130_fd_sc_hd__o31ai_4)
                                         _07151_ (net)
                  0.36    0.00    7.36 ^ _18956_/A1 (sky130_fd_sc_hd__o21ai_4)
     5    0.04    0.13    0.17    7.53 v _18956_/Y (sky130_fd_sc_hd__o21ai_4)
                                         _07183_ (net)
                  0.13    0.00    7.54 v _18990_/A2 (sky130_fd_sc_hd__a41oi_4)
     4    0.02    0.24    0.26    7.80 ^ _18990_/Y (sky130_fd_sc_hd__a41oi_4)
                                         _07211_ (net)
                  0.24    0.00    7.80 ^ _18991_/A (sky130_fd_sc_hd__nor2b_1)
     1    0.00    0.06    0.09    7.88 v _18991_/Y (sky130_fd_sc_hd__nor2b_1)
                                         _07212_ (net)
                  0.06    0.00    7.89 v _18992_/A1 (sky130_fd_sc_hd__o21ai_1)
     1    0.01    0.15    0.17    8.06 ^ _18992_/Y (sky130_fd_sc_hd__o21ai_1)
                                         _07213_ (net)
                  0.15    0.00    8.06 ^ _18993_/B (sky130_fd_sc_hd__nand2b_1)
     2    0.01    0.10    0.13    8.19 v _18993_/Y (sky130_fd_sc_hd__nand2b_1)
                                         _07214_ (net)
                  0.10    0.00    8.19 v _19158_/A1 (sky130_fd_sc_hd__a21o_1)
     1    0.01    0.07    0.22    8.40 v _19158_/X (sky130_fd_sc_hd__a21o_1)
                                         _07345_ (net)
                  0.07    0.00    8.40 v _19159_/A2 (sky130_fd_sc_hd__a21oi_4)
     3    0.02    0.21    0.23    8.64 ^ _19159_/Y (sky130_fd_sc_hd__a21oi_4)
                                         _07346_ (net)
                  0.21    0.00    8.64 ^ _20453_/A (sky130_fd_sc_hd__xnor2_2)
     1    0.01    0.08    0.12    8.76 v _20453_/Y (sky130_fd_sc_hd__xnor2_2)
                                         _12754_ (net)
                  0.08    0.00    8.76 v _27765_/A (sky130_fd_sc_hd__fa_1)
     1    0.01    0.15    0.62    9.38 ^ _27765_/SUM (sky130_fd_sc_hd__fa_1)
                                         _12758_ (net)
                  0.15    0.00    9.38 ^ _28214_/A (sky130_fd_sc_hd__ha_4)
     4    0.02    0.05    0.24    9.62 v _28214_/SUM (sky130_fd_sc_hd__ha_4)
                                         _14179_ (net)
                  0.05    0.00    9.62 v _23889_/A1 (sky130_fd_sc_hd__o21a_1)
     1    0.01    0.05    0.19    9.81 v _23889_/X (sky130_fd_sc_hd__o21a_1)
                                         _09685_ (net)
                  0.05    0.00    9.81 v _23890_/A2 (sky130_fd_sc_hd__o211ai_2)
     3    0.02    0.25    0.23   10.04 ^ _23890_/Y (sky130_fd_sc_hd__o211ai_2)
                                         _09686_ (net)
                  0.25    0.00   10.04 ^ _23895_/A1 (sky130_fd_sc_hd__o21ai_2)
     2    0.01    0.08    0.12   10.16 v _23895_/Y (sky130_fd_sc_hd__o21ai_2)
                                         _09691_ (net)
                  0.08    0.00   10.16 v _23896_/B2 (sky130_fd_sc_hd__a32o_2)
     3    0.02    0.08    0.29   10.45 v _23896_/X (sky130_fd_sc_hd__a32o_2)
                                         _09692_ (net)
                  0.08    0.00   10.45 v _23912_/D (sky130_fd_sc_hd__or4_4)
     2    0.01    0.09    0.44   10.89 v _23912_/X (sky130_fd_sc_hd__or4_4)
                                         _09704_ (net)
                  0.09    0.00   10.89 v _23927_/A2 (sky130_fd_sc_hd__a311oi_2)
     1    0.01    0.27    0.31   11.20 ^ _23927_/Y (sky130_fd_sc_hd__a311oi_2)
                                         _09717_ (net)
                  0.27    0.00   11.20 ^ _23929_/A (sky130_fd_sc_hd__nor2_2)
     3    0.01    0.08    0.10   11.30 v _23929_/Y (sky130_fd_sc_hd__nor2_2)
                                         _09719_ (net)
                  0.08    0.00   11.30 v _23951_/A1 (sky130_fd_sc_hd__o211a_1)
     2    0.01    0.09    0.28   11.59 v _23951_/X (sky130_fd_sc_hd__o211a_1)
                                         _09737_ (net)
                  0.09    0.00   11.59 v _23953_/C (sky130_fd_sc_hd__nor4b_2)
     1    0.01    0.24    0.26   11.85 ^ _23953_/Y (sky130_fd_sc_hd__nor4b_2)
                                         _09739_ (net)
                  0.24    0.00   11.85 ^ _23958_/B1 (sky130_fd_sc_hd__a211oi_2)
     1    0.01    0.08    0.10   11.95 v _23958_/Y (sky130_fd_sc_hd__a211oi_2)
                                         _09744_ (net)
                  0.08    0.00   11.95 v _23959_/B (sky130_fd_sc_hd__xnor2_1)
     1    0.01    0.09    0.15   12.09 v _23959_/Y (sky130_fd_sc_hd__xnor2_1)
                                         hash.CA1.p3[31] (net)
                  0.09    0.00   12.09 v hash.p3_cap[31]$_DFF_P_/D (sky130_fd_sc_hd__dfxtp_1)
                                 12.09   data arrival time

                         10.00   10.00   clock core_clock (rise edge)
                          0.00   10.00   clock source latency
     2    0.12    0.00    0.00   10.00 ^ clk (in)
                                         clk (net)
                  0.01    0.01   10.01 ^ clkbuf_0_clk/A (sky130_fd_sc_hd__clkbuf_16)
     4    0.18    0.20    0.23   10.23 ^ clkbuf_0_clk/X (sky130_fd_sc_hd__clkbuf_16)
                                         clknet_0_clk (net)
                  0.20    0.01   10.24 ^ clkbuf_2_3_0_clk/A (sky130_fd_sc_hd__clkbuf_16)
     8    0.18    0.19    0.29   10.53 ^ clkbuf_2_3_0_clk/X (sky130_fd_sc_hd__clkbuf_16)
                                         clknet_2_3_0_clk (net)
                  0.19    0.00   10.54 ^ clkbuf_5_29__f_clk/A (sky130_fd_sc_hd__clkbuf_16)
    10    0.13    0.15    0.26   10.79 ^ clkbuf_5_29__f_clk/X (sky130_fd_sc_hd__clkbuf_16)
                                         clknet_5_29__leaf_clk (net)
                  0.15    0.00   10.80 ^ clkbuf_leaf_127_clk/A (sky130_fd_sc_hd__clkbuf_16)
    11    0.04    0.06    0.18   10.98 ^ clkbuf_leaf_127_clk/X (sky130_fd_sc_hd__clkbuf_16)
                                         clknet_leaf_127_clk (net)
                  0.06    0.00   10.98 ^ hash.p3_cap[31]$_DFF_P_/CLK (sky130_fd_sc_hd__dfxtp_1)
                          0.00   10.98   clock reconvergence pessimism
                         -0.13   10.85   library setup time
                                 10.85   data required time
-----------------------------------------------------------------------------
                                 10.85   data required time
                                -12.09   data arrival time
-----------------------------------------------------------------------------
                                 -1.24   slack (VIOLATED)



==========================================================================
global route report_check_types -max_slew -max_cap -max_fanout -violators
--------------------------------------------------------------------------

==========================================================================
global route max_slew_check_slack
--------------------------------------------------------------------------
0.254769891500473

==========================================================================
global route max_slew_check_limit
--------------------------------------------------------------------------
1.5

==========================================================================
global route max_slew_check_slack_limit
--------------------------------------------------------------------------
0.1698

==========================================================================
global route max_fanout_check_slack
--------------------------------------------------------------------------
1.0000000150474662e+30

==========================================================================
global route max_fanout_check_limit
--------------------------------------------------------------------------
1.0000000150474662e+30

==========================================================================
global route max_capacitance_check_slack
--------------------------------------------------------------------------
0.015490797348320484

==========================================================================
global route max_capacitance_check_limit
--------------------------------------------------------------------------
0.021067000925540924

==========================================================================
global route max_capacitance_check_slack_limit
--------------------------------------------------------------------------
0.7353

==========================================================================
global route max_slew_violation_count
--------------------------------------------------------------------------
max slew violation count 0

==========================================================================
global route max_fanout_violation_count
--------------------------------------------------------------------------
max fanout violation count 0

==========================================================================
global route max_cap_violation_count
--------------------------------------------------------------------------
max cap violation count 0

==========================================================================
global route setup_violation_count
--------------------------------------------------------------------------
setup violation count 19

==========================================================================
global route hold_violation_count
--------------------------------------------------------------------------
hold violation count 0

==========================================================================
global route report_checks -path_delay max reg to reg
--------------------------------------------------------------------------
Startpoint: hash.p2_cap[12]$_DFF_P_
            (rising edge-triggered flip-flop clocked by core_clock)
Endpoint: hash.p3_cap[31]$_DFF_P_
          (rising edge-triggered flip-flop clocked by core_clock)
Path Group: core_clock
Path Type: max

  Delay    Time   Description
---------------------------------------------------------
   0.00    0.00   clock core_clock (rise edge)
   0.00    0.00   clock source latency
   0.00    0.00 ^ clk (in)
   0.23    0.23 ^ clkbuf_0_clk/X (sky130_fd_sc_hd__clkbuf_16)
   0.30    0.53 ^ clkbuf_2_3_0_clk/X (sky130_fd_sc_hd__clkbuf_16)
   0.27    0.80 ^ clkbuf_5_24__f_clk/X (sky130_fd_sc_hd__clkbuf_16)
   0.19    0.99 ^ clkbuf_leaf_170_clk/X (sky130_fd_sc_hd__clkbuf_16)
   0.00    0.99 ^ hash.p2_cap[12]$_DFF_P_/CLK (sky130_fd_sc_hd__dfxtp_4)
   0.41    1.39 v hash.p2_cap[12]$_DFF_P_/Q (sky130_fd_sc_hd__dfxtp_4)
   0.26    1.65 ^ _15232_/Y (sky130_fd_sc_hd__xnor2_4)
   0.18    1.83 ^ _15233_/Y (sky130_fd_sc_hd__xnor2_2)
   0.32    2.15 v _27951_/SUM (sky130_fd_sc_hd__ha_1)
   0.27    2.42 ^ _15336_/Y (sky130_fd_sc_hd__a211oi_2)
   0.21    2.62 ^ _15387_/X (sky130_fd_sc_hd__o21a_1)
   0.13    2.76 v _15446_/Y (sky130_fd_sc_hd__o21ai_1)
   0.37    3.13 v _15486_/X (sky130_fd_sc_hd__o31a_2)
   0.32    3.45 ^ _15533_/Y (sky130_fd_sc_hd__a31oi_4)
   0.15    3.60 v _15581_/Y (sky130_fd_sc_hd__o21ai_0)
   0.24    3.84 ^ _15582_/Y (sky130_fd_sc_hd__a21oi_1)
   0.09    3.92 v _15602_/Y (sky130_fd_sc_hd__nor2_1)
   0.19    4.12 ^ _15603_/Y (sky130_fd_sc_hd__o21ai_0)
   0.13    4.24 v _15604_/Y (sky130_fd_sc_hd__nand2_1)
   0.18    4.42 v _15605_/X (sky130_fd_sc_hd__xor2_2)
   0.34    4.76 v _28036_/SUM (sky130_fd_sc_hd__ha_1)
   0.13    4.89 ^ _18447_/Y (sky130_fd_sc_hd__nand2_2)
   0.05    4.94 v _18448_/Y (sky130_fd_sc_hd__nor2_4)
   0.21    5.15 v _18451_/X (sky130_fd_sc_hd__a21o_1)
   0.24    5.39 ^ _18452_/Y (sky130_fd_sc_hd__a21oi_4)
   0.15    5.54 ^ rebuffer8/X (sky130_fd_sc_hd__buf_1)
   0.09    5.64 v _18493_/Y (sky130_fd_sc_hd__o21ai_2)
   0.13    5.77 v rebuffer23/X (sky130_fd_sc_hd__clkbuf_2)
   0.45    6.22 v _18494_/X (sky130_fd_sc_hd__or3_4)
   0.25    6.48 ^ _20764_/Y (sky130_fd_sc_hd__xnor2_4)
   0.26    6.74 v _28168_/SUM (sky130_fd_sc_hd__ha_4)
   0.16    6.90 ^ _18885_/Y (sky130_fd_sc_hd__o211ai_2)
   0.12    7.02 v _18887_/Y (sky130_fd_sc_hd__o21ai_2)
   0.34    7.36 ^ _18913_/Y (sky130_fd_sc_hd__o31ai_4)
   0.17    7.53 v _18956_/Y (sky130_fd_sc_hd__o21ai_4)
   0.26    7.80 ^ _18990_/Y (sky130_fd_sc_hd__a41oi_4)
   0.09    7.88 v _18991_/Y (sky130_fd_sc_hd__nor2b_1)
   0.17    8.06 ^ _18992_/Y (sky130_fd_sc_hd__o21ai_1)
   0.13    8.19 v _18993_/Y (sky130_fd_sc_hd__nand2b_1)
   0.22    8.40 v _19158_/X (sky130_fd_sc_hd__a21o_1)
   0.24    8.64 ^ _19159_/Y (sky130_fd_sc_hd__a21oi_4)
   0.12    8.76 v _20453_/Y (sky130_fd_sc_hd__xnor2_2)
   0.62    9.38 ^ _27765_/SUM (sky130_fd_sc_hd__fa_1)
   0.24    9.62 v _28214_/SUM (sky130_fd_sc_hd__ha_4)
   0.19    9.81 v _23889_/X (sky130_fd_sc_hd__o21a_1)
   0.23   10.04 ^ _23890_/Y (sky130_fd_sc_hd__o211ai_2)
   0.12   10.16 v _23895_/Y (sky130_fd_sc_hd__o21ai_2)
   0.29   10.45 v _23896_/X (sky130_fd_sc_hd__a32o_2)
   0.44   10.89 v _23912_/X (sky130_fd_sc_hd__or4_4)
   0.31   11.20 ^ _23927_/Y (sky130_fd_sc_hd__a311oi_2)
   0.10   11.30 v _23929_/Y (sky130_fd_sc_hd__nor2_2)
   0.28   11.59 v _23951_/X (sky130_fd_sc_hd__o211a_1)
   0.26   11.85 ^ _23953_/Y (sky130_fd_sc_hd__nor4b_2)
   0.10   11.95 v _23958_/Y (sky130_fd_sc_hd__a211oi_2)
   0.15   12.09 v _23959_/Y (sky130_fd_sc_hd__xnor2_1)
   0.00   12.09 v hash.p3_cap[31]$_DFF_P_/D (sky130_fd_sc_hd__dfxtp_1)
          12.09   data arrival time

  10.00   10.00   clock core_clock (rise edge)
   0.00   10.00   clock source latency
   0.00   10.00 ^ clk (in)
   0.23   10.23 ^ clkbuf_0_clk/X (sky130_fd_sc_hd__clkbuf_16)
   0.30   10.53 ^ clkbuf_2_3_0_clk/X (sky130_fd_sc_hd__clkbuf_16)
   0.26   10.79 ^ clkbuf_5_29__f_clk/X (sky130_fd_sc_hd__clkbuf_16)
   0.18   10.98 ^ clkbuf_leaf_127_clk/X (sky130_fd_sc_hd__clkbuf_16)
   0.00   10.98 ^ hash.p3_cap[31]$_DFF_P_/CLK (sky130_fd_sc_hd__dfxtp_1)
   0.00   10.98   clock reconvergence pessimism
  -0.13   10.85   library setup time
          10.85   data required time
---------------------------------------------------------
          10.85   data required time
         -12.09   data arrival time
---------------------------------------------------------
          -1.24   slack (VIOLATED)



==========================================================================
global route report_checks -path_delay min reg to reg
--------------------------------------------------------------------------
Startpoint: ready_dash$_SDFF_PP0_
            (rising edge-triggered flip-flop clocked by core_clock)
Endpoint: ready$_DFF_P_ (rising edge-triggered flip-flop clocked by core_clock)
Path Group: core_clock
Path Type: min

  Delay    Time   Description
---------------------------------------------------------
   0.00    0.00   clock core_clock (rise edge)
   0.00    0.00   clock source latency
   0.00    0.00 ^ clk (in)
   0.23    0.23 ^ clkbuf_0_clk/X (sky130_fd_sc_hd__clkbuf_16)
   0.30    0.53 ^ clkbuf_2_1_0_clk/X (sky130_fd_sc_hd__clkbuf_16)
   0.27    0.80 ^ clkbuf_5_15__f_clk/X (sky130_fd_sc_hd__clkbuf_16)
   0.19    1.00 ^ clkbuf_leaf_193_clk/X (sky130_fd_sc_hd__clkbuf_16)
   0.00    1.00 ^ ready_dash$_SDFF_PP0_/CLK (sky130_fd_sc_hd__dfxtp_1)
   0.31    1.31 v ready_dash$_SDFF_PP0_/Q (sky130_fd_sc_hd__dfxtp_1)
   0.00    1.31 v ready$_DFF_P_/D (sky130_fd_sc_hd__dfxtp_4)
           1.31   data arrival time

   0.00    0.00   clock core_clock (rise edge)
   0.00    0.00   clock source latency
   0.00    0.00 ^ clk (in)
   0.23    0.23 ^ clkbuf_0_clk/X (sky130_fd_sc_hd__clkbuf_16)
   0.30    0.53 ^ clkbuf_2_1_0_clk/X (sky130_fd_sc_hd__clkbuf_16)
   0.27    0.80 ^ clkbuf_5_15__f_clk/X (sky130_fd_sc_hd__clkbuf_16)
   0.20    1.00 ^ clkbuf_leaf_194_clk/X (sky130_fd_sc_hd__clkbuf_16)
   0.00    1.00 ^ ready$_DFF_P_/CLK (sky130_fd_sc_hd__dfxtp_4)
   0.00    1.00   clock reconvergence pessimism
  -0.04    0.96   library hold time
           0.96   data required time
---------------------------------------------------------
           0.96   data required time
          -1.31   data arrival time
---------------------------------------------------------
           0.35   slack (MET)



==========================================================================
global route critical path target clock latency max path
--------------------------------------------------------------------------
0.9900

==========================================================================
global route critical path target clock latency min path
--------------------------------------------------------------------------
1.0180

==========================================================================
global route critical path source clock latency min path
--------------------------------------------------------------------------
0.0000

==========================================================================
global route critical path delay
--------------------------------------------------------------------------
12.0914

==========================================================================
global route critical path slack
--------------------------------------------------------------------------
-1.2404

==========================================================================
global route slack div critical path delay
--------------------------------------------------------------------------
-10.258531

==========================================================================
global route report_power
--------------------------------------------------------------------------
Group                  Internal  Switching    Leakage      Total
                          Power      Power      Power      Power (Watts)
----------------------------------------------------------------
Sequential             2.40e-02   2.64e-03   2.77e-08   2.66e-02   4.4%
Combinational          2.20e-01   3.45e-01   6.99e-08   5.65e-01  93.5%
Clock                  7.16e-03   5.69e-03   5.28e-09   1.29e-02   2.1%
Macro                  0.00e+00   0.00e+00   0.00e+00   0.00e+00   0.0%
Pad                    0.00e+00   0.00e+00   0.00e+00   0.00e+00   0.0%
----------------------------------------------------------------
Total                  2.52e-01   3.53e-01   1.03e-07   6.05e-01 100.0%
                          41.6%      58.4%       0.0%
