
==========================================================================
global route report_tns
--------------------------------------------------------------------------
tns -12.05

==========================================================================
global route report_wns
--------------------------------------------------------------------------
wns -0.77

==========================================================================
global route report_worst_slack
--------------------------------------------------------------------------
worst slack -0.77

==========================================================================
global route report_clock_skew
--------------------------------------------------------------------------
Clock core_clock
   1.06 source latency reset_hash$_DFF_P_/CLK ^
  -0.93 target latency w_value1[17]$_DFF_P_/CLK ^
   0.00 CRPR
--------------
   0.12 setup skew


==========================================================================
global route report_checks -path_delay min
--------------------------------------------------------------------------
Startpoint: ready_dash$_SDFF_PP0_
            (rising edge-triggered flip-flop clocked by core_clock)
Endpoint: ready$_DFF_P_ (rising edge-triggered flip-flop clocked by core_clock)
Path Group: core_clock
Path Type: min

Fanout     Cap    Slew   Delay    Time   Description
-----------------------------------------------------------------------------
                          0.00    0.00   clock core_clock (rise edge)
                          0.00    0.00   clock source latency
     2    0.13    0.00    0.00    0.00 ^ clk (in)
                                         clk (net)
                  0.01    0.01    0.01 ^ clkbuf_0_clk/A (sky130_fd_sc_hd__clkbuf_16)
     4    0.19    0.20    0.23    0.24 ^ clkbuf_0_clk/X (sky130_fd_sc_hd__clkbuf_16)
                                         clknet_0_clk (net)
                  0.20    0.01    0.25 ^ clkbuf_2_1_0_clk/A (sky130_fd_sc_hd__clkbuf_16)
     8    0.19    0.20    0.30    0.54 ^ clkbuf_2_1_0_clk/X (sky130_fd_sc_hd__clkbuf_16)
                                         clknet_2_1_0_clk (net)
                  0.20    0.01    0.55 ^ clkbuf_5_13__f_clk/A (sky130_fd_sc_hd__clkbuf_16)
    10    0.15    0.16    0.27    0.82 ^ clkbuf_5_13__f_clk/X (sky130_fd_sc_hd__clkbuf_16)
                                         clknet_5_13__leaf_clk (net)
                  0.16    0.00    0.82 ^ clkbuf_leaf_182_clk/A (sky130_fd_sc_hd__clkbuf_16)
    10    0.04    0.06    0.18    1.00 ^ clkbuf_leaf_182_clk/X (sky130_fd_sc_hd__clkbuf_16)
                                         clknet_leaf_182_clk (net)
                  0.06    0.00    1.01 ^ ready_dash$_SDFF_PP0_/CLK (sky130_fd_sc_hd__dfxtp_1)
     1    0.04    0.19    0.43    1.43 v ready_dash$_SDFF_PP0_/Q (sky130_fd_sc_hd__dfxtp_1)
                                         ready_dash (net)
                  0.19    0.00    1.44 v ready$_DFF_P_/D (sky130_fd_sc_hd__dfxtp_1)
                                  1.44   data arrival time

                          0.00    0.00   clock core_clock (rise edge)
                          0.00    0.00   clock source latency
     2    0.13    0.00    0.00    0.00 ^ clk (in)
                                         clk (net)
                  0.01    0.01    0.01 ^ clkbuf_0_clk/A (sky130_fd_sc_hd__clkbuf_16)
     4    0.19    0.20    0.23    0.24 ^ clkbuf_0_clk/X (sky130_fd_sc_hd__clkbuf_16)
                                         clknet_0_clk (net)
                  0.20    0.01    0.25 ^ clkbuf_2_1_0_clk/A (sky130_fd_sc_hd__clkbuf_16)
     8    0.19    0.20    0.30    0.54 ^ clkbuf_2_1_0_clk/X (sky130_fd_sc_hd__clkbuf_16)
                                         clknet_2_1_0_clk (net)
                  0.20    0.01    0.55 ^ clkbuf_5_15__f_clk/A (sky130_fd_sc_hd__clkbuf_16)
     9    0.13    0.14    0.26    0.81 ^ clkbuf_5_15__f_clk/X (sky130_fd_sc_hd__clkbuf_16)
                                         clknet_5_15__leaf_clk (net)
                  0.14    0.00    0.81 ^ clkbuf_leaf_193_clk/A (sky130_fd_sc_hd__clkbuf_16)
    12    0.04    0.06    0.18    0.99 ^ clkbuf_leaf_193_clk/X (sky130_fd_sc_hd__clkbuf_16)
                                         clknet_leaf_193_clk (net)
                  0.06    0.00    0.99 ^ ready$_DFF_P_/CLK (sky130_fd_sc_hd__dfxtp_1)
                          0.00    0.99   clock reconvergence pessimism
                         -0.11    0.88   library hold time
                                  0.88   data required time
-----------------------------------------------------------------------------
                                  0.88   data required time
                                 -1.44   data arrival time
-----------------------------------------------------------------------------
                                  0.55   slack (MET)



==========================================================================
global route report_checks -path_delay max
--------------------------------------------------------------------------
Startpoint: hash.p3_cap[0]$_DFF_P_
            (rising edge-triggered flip-flop clocked by core_clock)
Endpoint: hash.p1_cap[31]$_DFF_P_
          (rising edge-triggered flip-flop clocked by core_clock)
Path Group: core_clock
Path Type: max

Fanout     Cap    Slew   Delay    Time   Description
-----------------------------------------------------------------------------
                          0.00    0.00   clock core_clock (rise edge)
                          0.00    0.00   clock source latency
     2    0.13    0.00    0.00    0.00 ^ clk (in)
                                         clk (net)
                  0.01    0.01    0.01 ^ clkbuf_0_clk/A (sky130_fd_sc_hd__clkbuf_16)
     4    0.19    0.20    0.23    0.24 ^ clkbuf_0_clk/X (sky130_fd_sc_hd__clkbuf_16)
                                         clknet_0_clk (net)
                  0.20    0.01    0.25 ^ clkbuf_2_1_0_clk/A (sky130_fd_sc_hd__clkbuf_16)
     8    0.19    0.20    0.30    0.54 ^ clkbuf_2_1_0_clk/X (sky130_fd_sc_hd__clkbuf_16)
                                         clknet_2_1_0_clk (net)
                  0.20    0.01    0.55 ^ clkbuf_5_10__f_clk/A (sky130_fd_sc_hd__clkbuf_16)
    10    0.13    0.14    0.26    0.81 ^ clkbuf_5_10__f_clk/X (sky130_fd_sc_hd__clkbuf_16)
                                         clknet_5_10__leaf_clk (net)
                  0.14    0.00    0.81 ^ clkbuf_leaf_214_clk/A (sky130_fd_sc_hd__clkbuf_16)
    11    0.04    0.06    0.18    0.99 ^ clkbuf_leaf_214_clk/X (sky130_fd_sc_hd__clkbuf_16)
                                         clknet_leaf_214_clk (net)
                  0.06    0.00    0.99 ^ hash.p3_cap[0]$_DFF_P_/CLK (sky130_fd_sc_hd__dfxtp_2)
     1    0.01    0.04    0.33    1.32 v hash.p3_cap[0]$_DFF_P_/Q (sky130_fd_sc_hd__dfxtp_2)
                                         hash.CA2.p3[0] (net)
                  0.04    0.00    1.32 v _27514_/A (sky130_fd_sc_hd__ha_4)
     3    0.02    0.05    0.17    1.50 v _27514_/COUT (sky130_fd_sc_hd__ha_4)
                                         _12080_ (net)
                  0.05    0.00    1.50 v _27309_/CIN (sky130_fd_sc_hd__fa_2)
     3    0.03    0.14    0.43    1.92 v _27309_/COUT (sky130_fd_sc_hd__fa_2)
                                         _12081_ (net)
                  0.14    0.00    1.92 v _14791_/A2 (sky130_fd_sc_hd__a211oi_4)
     2    0.01    0.22    0.31    2.23 ^ _14791_/Y (sky130_fd_sc_hd__a211oi_4)
                                         _04398_ (net)
                  0.22    0.00    2.23 ^ _14795_/A1 (sky130_fd_sc_hd__o211ai_1)
     3    0.01    0.16    0.20    2.43 v _14795_/Y (sky130_fd_sc_hd__o211ai_1)
                                         _04402_ (net)
                  0.16    0.00    2.43 v _14799_/C (sky130_fd_sc_hd__and4_4)
     2    0.03    0.06    0.26    2.69 v _14799_/X (sky130_fd_sc_hd__and4_4)
                                         _04406_ (net)
                  0.06    0.00    2.69 v _14804_/B (sky130_fd_sc_hd__nor4bb_4)
     3    0.02    0.38    0.41    3.11 ^ _14804_/Y (sky130_fd_sc_hd__nor4bb_4)
                                         _04411_ (net)
                  0.38    0.00    3.11 ^ _14806_/A (sky130_fd_sc_hd__or4_4)
     2    0.02    0.07    0.24    3.35 ^ _14806_/X (sky130_fd_sc_hd__or4_4)
                                         _04413_ (net)
                  0.07    0.00    3.35 ^ _14812_/A1 (sky130_fd_sc_hd__a21oi_4)
     3    0.02    0.10    0.07    3.42 v _14812_/Y (sky130_fd_sc_hd__a21oi_4)
                                         _04419_ (net)
                  0.10    0.00    3.42 v _14885_/A2 (sky130_fd_sc_hd__o21a_1)
     1    0.01    0.07    0.22    3.64 v _14885_/X (sky130_fd_sc_hd__o21a_1)
                                         _04479_ (net)
                  0.07    0.00    3.64 v _14886_/A (sky130_fd_sc_hd__nor2_4)
     2    0.03    0.19    0.20    3.84 ^ _14886_/Y (sky130_fd_sc_hd__nor2_4)
                                         _04480_ (net)
                  0.19    0.00    3.84 ^ _14887_/B (sky130_fd_sc_hd__xor2_4)
     5    0.05    0.38    0.36    4.20 ^ _14887_/X (sky130_fd_sc_hd__xor2_4)
                                         _04481_ (net)
                  0.38    0.00    4.21 ^ _14895_/B (sky130_fd_sc_hd__xnor2_4)
     1    0.02    0.11    0.13    4.34 v _14895_/Y (sky130_fd_sc_hd__xnor2_4)
                                         _12096_ (net)
                  0.11    0.00    4.34 v _27313_/A (sky130_fd_sc_hd__fa_1)
     1    0.00    0.07    0.56    4.90 ^ _27313_/SUM (sky130_fd_sc_hd__fa_1)
                                         _12100_ (net)
                  0.07    0.00    4.90 ^ _20197_/A (sky130_fd_sc_hd__inv_1)
     1    0.01    0.04    0.06    4.96 v _20197_/Y (sky130_fd_sc_hd__inv_1)
                                         _12102_ (net)
                  0.04    0.00    4.96 v _27314_/CIN (sky130_fd_sc_hd__fa_1)
     2    0.01    0.09    0.50    5.46 ^ _27314_/SUM (sky130_fd_sc_hd__fa_1)
                                         _12104_ (net)
                  0.09    0.00    5.46 ^ _19627_/A (sky130_fd_sc_hd__inv_1)
     1    0.01    0.04    0.06    5.52 v _19627_/Y (sky130_fd_sc_hd__inv_1)
                                         _12107_ (net)
                  0.04    0.00    5.52 v _27315_/CIN (sky130_fd_sc_hd__fa_2)
     2    0.01    0.09    0.37    5.90 v _27315_/COUT (sky130_fd_sc_hd__fa_2)
                                         _12108_ (net)
                  0.09    0.00    5.90 v _17055_/A (sky130_fd_sc_hd__nor2b_4)
     3    0.02    0.12    0.16    6.06 ^ _17055_/Y (sky130_fd_sc_hd__nor2b_4)
                                         _06012_ (net)
                  0.12    0.00    6.06 ^ _17096_/A1 (sky130_fd_sc_hd__o211ai_1)
     2    0.02    0.19    0.21    6.27 v _17096_/Y (sky130_fd_sc_hd__o211ai_1)
                                         _06045_ (net)
                  0.19    0.00    6.27 v _17117_/A2 (sky130_fd_sc_hd__a211oi_4)
     2    0.02    0.28    0.38    6.64 ^ _17117_/Y (sky130_fd_sc_hd__a211oi_4)
                                         _06062_ (net)
                  0.28    0.00    6.64 ^ _17137_/A1 (sky130_fd_sc_hd__o21ai_4)
     5    0.04    0.13    0.17    6.82 v _17137_/Y (sky130_fd_sc_hd__o21ai_4)
                                         _06078_ (net)
                  0.13    0.00    6.82 v _17226_/A1 (sky130_fd_sc_hd__o31ai_4)
     2    0.01    0.24    0.32    7.14 ^ _17226_/Y (sky130_fd_sc_hd__o31ai_4)
                                         _06151_ (net)
                  0.24    0.00    7.14 ^ _17291_/B (sky130_fd_sc_hd__nand3_2)
     2    0.02    0.13    0.17    7.31 v _17291_/Y (sky130_fd_sc_hd__nand3_2)
                                         _06204_ (net)
                  0.13    0.00    7.31 v _17314_/A2 (sky130_fd_sc_hd__a31oi_4)
     3    0.01    0.18    0.23    7.54 ^ _17314_/Y (sky130_fd_sc_hd__a31oi_4)
                                         _06224_ (net)
                  0.18    0.00    7.54 ^ _17358_/C (sky130_fd_sc_hd__nor4_1)
     1    0.00    0.06    0.08    7.62 v _17358_/Y (sky130_fd_sc_hd__nor4_1)
                                         _06263_ (net)
                  0.06    0.00    7.62 v _17361_/B (sky130_fd_sc_hd__or4_4)
     2    0.02    0.11    0.56    8.18 v _17361_/X (sky130_fd_sc_hd__or4_4)
                                         _06266_ (net)
                  0.11    0.00    8.18 v _17362_/B (sky130_fd_sc_hd__xor2_2)
     1    0.01    0.11    0.18    8.36 v _17362_/X (sky130_fd_sc_hd__xor2_2)
                                         _06267_ (net)
                  0.11    0.00    8.36 v _17363_/B (sky130_fd_sc_hd__xnor2_2)
     1    0.02    0.29    0.28    8.64 ^ _17363_/Y (sky130_fd_sc_hd__xnor2_2)
                                         _06268_ (net)
                  0.29    0.00    8.64 ^ _17364_/B (sky130_fd_sc_hd__nand2_8)
     5    0.05    0.18    0.13    8.77 v _17364_/Y (sky130_fd_sc_hd__nand2_8)
                                         _06269_ (net)
                  0.18    0.00    8.78 v _20323_/B (sky130_fd_sc_hd__xnor2_4)
     1    0.01    0.16    0.22    8.99 ^ _20323_/Y (sky130_fd_sc_hd__xnor2_4)
                                         _13616_ (net)
                  0.16    0.00    8.99 ^ _27741_/B (sky130_fd_sc_hd__ha_4)
     3    0.02    0.06    0.24    9.24 v _27741_/SUM (sky130_fd_sc_hd__ha_4)
                                         _13618_ (net)
                  0.06    0.00    9.24 v _23177_/C (sky130_fd_sc_hd__and3_4)
     3    0.02    0.05    0.20    9.44 v _23177_/X (sky130_fd_sc_hd__and3_4)
                                         _09246_ (net)
                  0.05    0.00    9.44 v _23180_/A1 (sky130_fd_sc_hd__a221oi_4)
     2    0.01    0.24    0.30    9.74 ^ _23180_/Y (sky130_fd_sc_hd__a221oi_4)
                                         _09249_ (net)
                  0.24    0.00    9.74 ^ _23181_/A (sky130_fd_sc_hd__clkinv_2)
     3    0.02    0.11    0.15    9.89 v _23181_/Y (sky130_fd_sc_hd__clkinv_2)
                                         _09250_ (net)
                  0.11    0.00    9.89 v _23193_/A1 (sky130_fd_sc_hd__o31ai_4)
     1    0.02    0.26    0.33   10.22 ^ _23193_/Y (sky130_fd_sc_hd__o31ai_4)
                                         _09260_ (net)
                  0.26    0.00   10.22 ^ _23196_/A2 (sky130_fd_sc_hd__a21oi_4)
     4    0.03    0.09    0.14   10.36 v _23196_/Y (sky130_fd_sc_hd__a21oi_4)
                                         _09263_ (net)
                  0.09    0.00   10.36 v _23216_/A1 (sky130_fd_sc_hd__a41o_4)
     3    0.01    0.05    0.24   10.60 v _23216_/X (sky130_fd_sc_hd__a41o_4)
                                         _09279_ (net)
                  0.05    0.00   10.60 v _23244_/D (sky130_fd_sc_hd__or4_4)
     2    0.02    0.11    0.46   11.06 v _23244_/X (sky130_fd_sc_hd__or4_4)
                                         _09303_ (net)
                  0.11    0.00   11.06 v _23260_/A1 (sky130_fd_sc_hd__a31oi_4)
     1    0.01    0.15    0.18   11.23 ^ _23260_/Y (sky130_fd_sc_hd__a31oi_4)
                                         _09316_ (net)
                  0.15    0.00   11.23 ^ _23261_/A1 (sky130_fd_sc_hd__o21bai_1)
     1    0.01    0.07    0.12   11.35 v _23261_/Y (sky130_fd_sc_hd__o21bai_1)
                                         _09317_ (net)
                  0.07    0.00   11.35 v _23262_/B (sky130_fd_sc_hd__xor2_1)
     1    0.01    0.08    0.16   11.51 v _23262_/X (sky130_fd_sc_hd__xor2_1)
                                         _09318_ (net)
                  0.08    0.00   11.51 v _23263_/B (sky130_fd_sc_hd__xnor2_1)
     1    0.01    0.06    0.14   11.66 v _23263_/Y (sky130_fd_sc_hd__xnor2_1)
                                         hash.CA1.p1[31] (net)
                  0.06    0.00   11.66 v hash.p1_cap[31]$_DFF_P_/D (sky130_fd_sc_hd__dfxtp_1)
                                 11.66   data arrival time

                         10.00   10.00   clock core_clock (rise edge)
                          0.00   10.00   clock source latency
     2    0.13    0.00    0.00   10.00 ^ clk (in)
                                         clk (net)
                  0.01    0.01   10.01 ^ clkbuf_0_clk/A (sky130_fd_sc_hd__clkbuf_16)
     4    0.19    0.20    0.23   10.24 ^ clkbuf_0_clk/X (sky130_fd_sc_hd__clkbuf_16)
                                         clknet_0_clk (net)
                  0.20    0.01   10.25 ^ clkbuf_2_1_0_clk/A (sky130_fd_sc_hd__clkbuf_16)
     8    0.19    0.20    0.30   10.54 ^ clkbuf_2_1_0_clk/X (sky130_fd_sc_hd__clkbuf_16)
                                         clknet_2_1_0_clk (net)
                  0.20    0.01   10.55 ^ clkbuf_5_11__f_clk/A (sky130_fd_sc_hd__clkbuf_16)
     9    0.14    0.15    0.27   10.82 ^ clkbuf_5_11__f_clk/X (sky130_fd_sc_hd__clkbuf_16)
                                         clknet_5_11__leaf_clk (net)
                  0.15    0.00   10.82 ^ clkbuf_leaf_203_clk/A (sky130_fd_sc_hd__clkbuf_16)
    12    0.04    0.06    0.18   11.00 ^ clkbuf_leaf_203_clk/X (sky130_fd_sc_hd__clkbuf_16)
                                         clknet_leaf_203_clk (net)
                  0.06    0.00   11.00 ^ hash.p1_cap[31]$_DFF_P_/CLK (sky130_fd_sc_hd__dfxtp_1)
                          0.00   11.00   clock reconvergence pessimism
                         -0.11   10.89   library setup time
                                 10.89   data required time
-----------------------------------------------------------------------------
                                 10.89   data required time
                                -11.66   data arrival time
-----------------------------------------------------------------------------
                                 -0.77   slack (VIOLATED)



==========================================================================
global route report_checks -unconstrained
--------------------------------------------------------------------------
Startpoint: hash.p3_cap[0]$_DFF_P_
            (rising edge-triggered flip-flop clocked by core_clock)
Endpoint: hash.p1_cap[31]$_DFF_P_
          (rising edge-triggered flip-flop clocked by core_clock)
Path Group: core_clock
Path Type: max

Fanout     Cap    Slew   Delay    Time   Description
-----------------------------------------------------------------------------
                          0.00    0.00   clock core_clock (rise edge)
                          0.00    0.00   clock source latency
     2    0.13    0.00    0.00    0.00 ^ clk (in)
                                         clk (net)
                  0.01    0.01    0.01 ^ clkbuf_0_clk/A (sky130_fd_sc_hd__clkbuf_16)
     4    0.19    0.20    0.23    0.24 ^ clkbuf_0_clk/X (sky130_fd_sc_hd__clkbuf_16)
                                         clknet_0_clk (net)
                  0.20    0.01    0.25 ^ clkbuf_2_1_0_clk/A (sky130_fd_sc_hd__clkbuf_16)
     8    0.19    0.20    0.30    0.54 ^ clkbuf_2_1_0_clk/X (sky130_fd_sc_hd__clkbuf_16)
                                         clknet_2_1_0_clk (net)
                  0.20    0.01    0.55 ^ clkbuf_5_10__f_clk/A (sky130_fd_sc_hd__clkbuf_16)
    10    0.13    0.14    0.26    0.81 ^ clkbuf_5_10__f_clk/X (sky130_fd_sc_hd__clkbuf_16)
                                         clknet_5_10__leaf_clk (net)
                  0.14    0.00    0.81 ^ clkbuf_leaf_214_clk/A (sky130_fd_sc_hd__clkbuf_16)
    11    0.04    0.06    0.18    0.99 ^ clkbuf_leaf_214_clk/X (sky130_fd_sc_hd__clkbuf_16)
                                         clknet_leaf_214_clk (net)
                  0.06    0.00    0.99 ^ hash.p3_cap[0]$_DFF_P_/CLK (sky130_fd_sc_hd__dfxtp_2)
     1    0.01    0.04    0.33    1.32 v hash.p3_cap[0]$_DFF_P_/Q (sky130_fd_sc_hd__dfxtp_2)
                                         hash.CA2.p3[0] (net)
                  0.04    0.00    1.32 v _27514_/A (sky130_fd_sc_hd__ha_4)
     3    0.02    0.05    0.17    1.50 v _27514_/COUT (sky130_fd_sc_hd__ha_4)
                                         _12080_ (net)
                  0.05    0.00    1.50 v _27309_/CIN (sky130_fd_sc_hd__fa_2)
     3    0.03    0.14    0.43    1.92 v _27309_/COUT (sky130_fd_sc_hd__fa_2)
                                         _12081_ (net)
                  0.14    0.00    1.92 v _14791_/A2 (sky130_fd_sc_hd__a211oi_4)
     2    0.01    0.22    0.31    2.23 ^ _14791_/Y (sky130_fd_sc_hd__a211oi_4)
                                         _04398_ (net)
                  0.22    0.00    2.23 ^ _14795_/A1 (sky130_fd_sc_hd__o211ai_1)
     3    0.01    0.16    0.20    2.43 v _14795_/Y (sky130_fd_sc_hd__o211ai_1)
                                         _04402_ (net)
                  0.16    0.00    2.43 v _14799_/C (sky130_fd_sc_hd__and4_4)
     2    0.03    0.06    0.26    2.69 v _14799_/X (sky130_fd_sc_hd__and4_4)
                                         _04406_ (net)
                  0.06    0.00    2.69 v _14804_/B (sky130_fd_sc_hd__nor4bb_4)
     3    0.02    0.38    0.41    3.11 ^ _14804_/Y (sky130_fd_sc_hd__nor4bb_4)
                                         _04411_ (net)
                  0.38    0.00    3.11 ^ _14806_/A (sky130_fd_sc_hd__or4_4)
     2    0.02    0.07    0.24    3.35 ^ _14806_/X (sky130_fd_sc_hd__or4_4)
                                         _04413_ (net)
                  0.07    0.00    3.35 ^ _14812_/A1 (sky130_fd_sc_hd__a21oi_4)
     3    0.02    0.10    0.07    3.42 v _14812_/Y (sky130_fd_sc_hd__a21oi_4)
                                         _04419_ (net)
                  0.10    0.00    3.42 v _14885_/A2 (sky130_fd_sc_hd__o21a_1)
     1    0.01    0.07    0.22    3.64 v _14885_/X (sky130_fd_sc_hd__o21a_1)
                                         _04479_ (net)
                  0.07    0.00    3.64 v _14886_/A (sky130_fd_sc_hd__nor2_4)
     2    0.03    0.19    0.20    3.84 ^ _14886_/Y (sky130_fd_sc_hd__nor2_4)
                                         _04480_ (net)
                  0.19    0.00    3.84 ^ _14887_/B (sky130_fd_sc_hd__xor2_4)
     5    0.05    0.38    0.36    4.20 ^ _14887_/X (sky130_fd_sc_hd__xor2_4)
                                         _04481_ (net)
                  0.38    0.00    4.21 ^ _14895_/B (sky130_fd_sc_hd__xnor2_4)
     1    0.02    0.11    0.13    4.34 v _14895_/Y (sky130_fd_sc_hd__xnor2_4)
                                         _12096_ (net)
                  0.11    0.00    4.34 v _27313_/A (sky130_fd_sc_hd__fa_1)
     1    0.00    0.07    0.56    4.90 ^ _27313_/SUM (sky130_fd_sc_hd__fa_1)
                                         _12100_ (net)
                  0.07    0.00    4.90 ^ _20197_/A (sky130_fd_sc_hd__inv_1)
     1    0.01    0.04    0.06    4.96 v _20197_/Y (sky130_fd_sc_hd__inv_1)
                                         _12102_ (net)
                  0.04    0.00    4.96 v _27314_/CIN (sky130_fd_sc_hd__fa_1)
     2    0.01    0.09    0.50    5.46 ^ _27314_/SUM (sky130_fd_sc_hd__fa_1)
                                         _12104_ (net)
                  0.09    0.00    5.46 ^ _19627_/A (sky130_fd_sc_hd__inv_1)
     1    0.01    0.04    0.06    5.52 v _19627_/Y (sky130_fd_sc_hd__inv_1)
                                         _12107_ (net)
                  0.04    0.00    5.52 v _27315_/CIN (sky130_fd_sc_hd__fa_2)
     2    0.01    0.09    0.37    5.90 v _27315_/COUT (sky130_fd_sc_hd__fa_2)
                                         _12108_ (net)
                  0.09    0.00    5.90 v _17055_/A (sky130_fd_sc_hd__nor2b_4)
     3    0.02    0.12    0.16    6.06 ^ _17055_/Y (sky130_fd_sc_hd__nor2b_4)
                                         _06012_ (net)
                  0.12    0.00    6.06 ^ _17096_/A1 (sky130_fd_sc_hd__o211ai_1)
     2    0.02    0.19    0.21    6.27 v _17096_/Y (sky130_fd_sc_hd__o211ai_1)
                                         _06045_ (net)
                  0.19    0.00    6.27 v _17117_/A2 (sky130_fd_sc_hd__a211oi_4)
     2    0.02    0.28    0.38    6.64 ^ _17117_/Y (sky130_fd_sc_hd__a211oi_4)
                                         _06062_ (net)
                  0.28    0.00    6.64 ^ _17137_/A1 (sky130_fd_sc_hd__o21ai_4)
     5    0.04    0.13    0.17    6.82 v _17137_/Y (sky130_fd_sc_hd__o21ai_4)
                                         _06078_ (net)
                  0.13    0.00    6.82 v _17226_/A1 (sky130_fd_sc_hd__o31ai_4)
     2    0.01    0.24    0.32    7.14 ^ _17226_/Y (sky130_fd_sc_hd__o31ai_4)
                                         _06151_ (net)
                  0.24    0.00    7.14 ^ _17291_/B (sky130_fd_sc_hd__nand3_2)
     2    0.02    0.13    0.17    7.31 v _17291_/Y (sky130_fd_sc_hd__nand3_2)
                                         _06204_ (net)
                  0.13    0.00    7.31 v _17314_/A2 (sky130_fd_sc_hd__a31oi_4)
     3    0.01    0.18    0.23    7.54 ^ _17314_/Y (sky130_fd_sc_hd__a31oi_4)
                                         _06224_ (net)
                  0.18    0.00    7.54 ^ _17358_/C (sky130_fd_sc_hd__nor4_1)
     1    0.00    0.06    0.08    7.62 v _17358_/Y (sky130_fd_sc_hd__nor4_1)
                                         _06263_ (net)
                  0.06    0.00    7.62 v _17361_/B (sky130_fd_sc_hd__or4_4)
     2    0.02    0.11    0.56    8.18 v _17361_/X (sky130_fd_sc_hd__or4_4)
                                         _06266_ (net)
                  0.11    0.00    8.18 v _17362_/B (sky130_fd_sc_hd__xor2_2)
     1    0.01    0.11    0.18    8.36 v _17362_/X (sky130_fd_sc_hd__xor2_2)
                                         _06267_ (net)
                  0.11    0.00    8.36 v _17363_/B (sky130_fd_sc_hd__xnor2_2)
     1    0.02    0.29    0.28    8.64 ^ _17363_/Y (sky130_fd_sc_hd__xnor2_2)
                                         _06268_ (net)
                  0.29    0.00    8.64 ^ _17364_/B (sky130_fd_sc_hd__nand2_8)
     5    0.05    0.18    0.13    8.77 v _17364_/Y (sky130_fd_sc_hd__nand2_8)
                                         _06269_ (net)
                  0.18    0.00    8.78 v _20323_/B (sky130_fd_sc_hd__xnor2_4)
     1    0.01    0.16    0.22    8.99 ^ _20323_/Y (sky130_fd_sc_hd__xnor2_4)
                                         _13616_ (net)
                  0.16    0.00    8.99 ^ _27741_/B (sky130_fd_sc_hd__ha_4)
     3    0.02    0.06    0.24    9.24 v _27741_/SUM (sky130_fd_sc_hd__ha_4)
                                         _13618_ (net)
                  0.06    0.00    9.24 v _23177_/C (sky130_fd_sc_hd__and3_4)
     3    0.02    0.05    0.20    9.44 v _23177_/X (sky130_fd_sc_hd__and3_4)
                                         _09246_ (net)
                  0.05    0.00    9.44 v _23180_/A1 (sky130_fd_sc_hd__a221oi_4)
     2    0.01    0.24    0.30    9.74 ^ _23180_/Y (sky130_fd_sc_hd__a221oi_4)
                                         _09249_ (net)
                  0.24    0.00    9.74 ^ _23181_/A (sky130_fd_sc_hd__clkinv_2)
     3    0.02    0.11    0.15    9.89 v _23181_/Y (sky130_fd_sc_hd__clkinv_2)
                                         _09250_ (net)
                  0.11    0.00    9.89 v _23193_/A1 (sky130_fd_sc_hd__o31ai_4)
     1    0.02    0.26    0.33   10.22 ^ _23193_/Y (sky130_fd_sc_hd__o31ai_4)
                                         _09260_ (net)
                  0.26    0.00   10.22 ^ _23196_/A2 (sky130_fd_sc_hd__a21oi_4)
     4    0.03    0.09    0.14   10.36 v _23196_/Y (sky130_fd_sc_hd__a21oi_4)
                                         _09263_ (net)
                  0.09    0.00   10.36 v _23216_/A1 (sky130_fd_sc_hd__a41o_4)
     3    0.01    0.05    0.24   10.60 v _23216_/X (sky130_fd_sc_hd__a41o_4)
                                         _09279_ (net)
                  0.05    0.00   10.60 v _23244_/D (sky130_fd_sc_hd__or4_4)
     2    0.02    0.11    0.46   11.06 v _23244_/X (sky130_fd_sc_hd__or4_4)
                                         _09303_ (net)
                  0.11    0.00   11.06 v _23260_/A1 (sky130_fd_sc_hd__a31oi_4)
     1    0.01    0.15    0.18   11.23 ^ _23260_/Y (sky130_fd_sc_hd__a31oi_4)
                                         _09316_ (net)
                  0.15    0.00   11.23 ^ _23261_/A1 (sky130_fd_sc_hd__o21bai_1)
     1    0.01    0.07    0.12   11.35 v _23261_/Y (sky130_fd_sc_hd__o21bai_1)
                                         _09317_ (net)
                  0.07    0.00   11.35 v _23262_/B (sky130_fd_sc_hd__xor2_1)
     1    0.01    0.08    0.16   11.51 v _23262_/X (sky130_fd_sc_hd__xor2_1)
                                         _09318_ (net)
                  0.08    0.00   11.51 v _23263_/B (sky130_fd_sc_hd__xnor2_1)
     1    0.01    0.06    0.14   11.66 v _23263_/Y (sky130_fd_sc_hd__xnor2_1)
                                         hash.CA1.p1[31] (net)
                  0.06    0.00   11.66 v hash.p1_cap[31]$_DFF_P_/D (sky130_fd_sc_hd__dfxtp_1)
                                 11.66   data arrival time

                         10.00   10.00   clock core_clock (rise edge)
                          0.00   10.00   clock source latency
     2    0.13    0.00    0.00   10.00 ^ clk (in)
                                         clk (net)
                  0.01    0.01   10.01 ^ clkbuf_0_clk/A (sky130_fd_sc_hd__clkbuf_16)
     4    0.19    0.20    0.23   10.24 ^ clkbuf_0_clk/X (sky130_fd_sc_hd__clkbuf_16)
                                         clknet_0_clk (net)
                  0.20    0.01   10.25 ^ clkbuf_2_1_0_clk/A (sky130_fd_sc_hd__clkbuf_16)
     8    0.19    0.20    0.30   10.54 ^ clkbuf_2_1_0_clk/X (sky130_fd_sc_hd__clkbuf_16)
                                         clknet_2_1_0_clk (net)
                  0.20    0.01   10.55 ^ clkbuf_5_11__f_clk/A (sky130_fd_sc_hd__clkbuf_16)
     9    0.14    0.15    0.27   10.82 ^ clkbuf_5_11__f_clk/X (sky130_fd_sc_hd__clkbuf_16)
                                         clknet_5_11__leaf_clk (net)
                  0.15    0.00   10.82 ^ clkbuf_leaf_203_clk/A (sky130_fd_sc_hd__clkbuf_16)
    12    0.04    0.06    0.18   11.00 ^ clkbuf_leaf_203_clk/X (sky130_fd_sc_hd__clkbuf_16)
                                         clknet_leaf_203_clk (net)
                  0.06    0.00   11.00 ^ hash.p1_cap[31]$_DFF_P_/CLK (sky130_fd_sc_hd__dfxtp_1)
                          0.00   11.00   clock reconvergence pessimism
                         -0.11   10.89   library setup time
                                 10.89   data required time
-----------------------------------------------------------------------------
                                 10.89   data required time
                                -11.66   data arrival time
-----------------------------------------------------------------------------
                                 -0.77   slack (VIOLATED)



==========================================================================
global route report_check_types -max_slew -max_cap -max_fanout -violators
--------------------------------------------------------------------------
max slew

Pin                                    Limit    Slew   Slack
------------------------------------------------------------
hash.h6_out[30]$_DFFE_PN_/DE            1.50    5.89   -4.39 (VIOLATED)
hash.h6_out[0]$_DFFE_PN_/DE             1.50    5.89   -4.39 (VIOLATED)
hash.h2_out[1]$_DFFE_PN_/DE             1.50    5.89   -4.39 (VIOLATED)
hash.h2_out[3]$_DFFE_PN_/DE             1.50    5.89   -4.39 (VIOLATED)
hash.h2_out[2]$_DFFE_PN_/DE             1.50    5.89   -4.39 (VIOLATED)
hash.h2_out[5]$_DFFE_PN_/DE             1.50    5.89   -4.39 (VIOLATED)
hash.h2_out[6]$_DFFE_PN_/DE             1.50    5.89   -4.39 (VIOLATED)
hash.h2_out[4]$_DFFE_PN_/DE             1.50    5.89   -4.39 (VIOLATED)
hash.h0_out[1]$_DFFE_PN_/DE             1.50    5.89   -4.39 (VIOLATED)
hash.h0_out[2]$_DFFE_PN_/DE             1.50    5.89   -4.39 (VIOLATED)
hash.h0_out[4]$_DFFE_PN_/DE             1.50    5.89   -4.39 (VIOLATED)
_18750_/Y                               1.50    5.89   -4.39 (VIOLATED)
hash.h0_out[3]$_DFFE_PN_/DE             1.50    5.89   -4.39 (VIOLATED)
hash.h0_out[0]$_DFFE_PN_/DE             1.50    5.89   -4.39 (VIOLATED)
hash.h0_out[6]$_DFFE_PN_/DE             1.50    5.89   -4.39 (VIOLATED)
hash.h1_out[3]$_DFFE_PN_/DE             1.50    5.89   -4.39 (VIOLATED)
hash.h2_out[0]$_DFFE_PN_/DE             1.50    5.89   -4.39 (VIOLATED)
hash.h6_out[1]$_DFFE_PN_/DE             1.50    5.89   -4.39 (VIOLATED)
hash.h6_out[2]$_DFFE_PN_/DE             1.50    5.89   -4.39 (VIOLATED)
hash.h1_out[1]$_DFFE_PN_/DE             1.50    5.89   -4.39 (VIOLATED)
hash.h1_out[5]$_DFFE_PN_/DE             1.50    5.89   -4.39 (VIOLATED)
hash.h1_out[6]$_DFFE_PN_/DE             1.50    5.89   -4.39 (VIOLATED)
hash.h1_out[4]$_DFFE_PN_/DE             1.50    5.89   -4.39 (VIOLATED)
hash.h0_out[5]$_DFFE_PN_/DE             1.50    5.89   -4.39 (VIOLATED)
hash.h1_out[0]$_DFFE_PN_/DE             1.50    5.89   -4.39 (VIOLATED)
hash.h1_out[10]$_DFFE_PN_/DE            1.50    5.89   -4.39 (VIOLATED)
hash.h1_out[2]$_DFFE_PN_/DE             1.50    5.89   -4.39 (VIOLATED)
hash.h1_out[7]$_DFFE_PN_/DE             1.50    5.89   -4.39 (VIOLATED)
hash.h2_out[8]$_DFFE_PN_/DE             1.50    5.89   -4.39 (VIOLATED)
hash.h2_out[7]$_DFFE_PN_/DE             1.50    5.89   -4.39 (VIOLATED)
hash.h0_out[7]$_DFFE_PN_/DE             1.50    5.89   -4.39 (VIOLATED)
hash.h0_out[18]$_DFFE_PN_/DE            1.50    5.89   -4.39 (VIOLATED)
hash.h0_out[10]$_DFFE_PN_/DE            1.50    5.89   -4.39 (VIOLATED)
hash.h0_out[11]$_DFFE_PN_/DE            1.50    5.89   -4.39 (VIOLATED)
hash.h0_out[17]$_DFFE_PN_/DE            1.50    5.89   -4.39 (VIOLATED)
hash.h0_out[8]$_DFFE_PN_/DE             1.50    5.89   -4.39 (VIOLATED)
hash.h0_out[9]$_DFFE_PN_/DE             1.50    5.89   -4.39 (VIOLATED)
hash.h2_out[9]$_DFFE_PN_/DE             1.50    5.89   -4.39 (VIOLATED)
hash.h0_out[12]$_DFFE_PN_/DE            1.50    5.89   -4.39 (VIOLATED)
hash.h0_out[14]$_DFFE_PN_/DE            1.50    5.89   -4.39 (VIOLATED)
hash.h0_out[16]$_DFFE_PN_/DE            1.50    5.89   -4.39 (VIOLATED)
hash.h0_out[15]$_DFFE_PN_/DE            1.50    5.89   -4.39 (VIOLATED)
hash.h1_out[8]$_DFFE_PN_/DE             1.50    5.89   -4.39 (VIOLATED)
hash.h0_out[13]$_DFFE_PN_/DE            1.50    5.89   -4.39 (VIOLATED)
hash.h1_out[9]$_DFFE_PN_/DE             1.50    5.89   -4.39 (VIOLATED)
hash.h2_out[11]$_DFFE_PN_/DE            1.50    5.89   -4.39 (VIOLATED)
hash.h5_out[29]$_DFFE_PN_/DE            1.50    5.89   -4.39 (VIOLATED)
hash.h5_out[31]$_DFFE_PN_/DE            1.50    5.89   -4.39 (VIOLATED)
hash.h7_out[18]$_DFFE_PN_/DE            1.50    5.89   -4.39 (VIOLATED)
hash.h5_out[30]$_DFFE_PN_/DE            1.50    5.89   -4.39 (VIOLATED)
hash.h7_out[29]$_DFFE_PN_/DE            1.50    5.89   -4.39 (VIOLATED)
hash.h7_out[30]$_DFFE_PN_/DE            1.50    5.89   -4.39 (VIOLATED)
hash.h7_out[23]$_DFFE_PN_/DE            1.50    5.89   -4.39 (VIOLATED)
hash.h7_out[31]$_DFFE_PN_/DE            1.50    5.89   -4.39 (VIOLATED)
hash.h7_out[27]$_DFFE_PN_/DE            1.50    5.89   -4.39 (VIOLATED)
hash.h7_out[25]$_DFFE_PN_/DE            1.50    5.89   -4.39 (VIOLATED)
hash.h7_out[26]$_DFFE_PN_/DE            1.50    5.89   -4.39 (VIOLATED)
hash.h7_out[28]$_DFFE_PN_/DE            1.50    5.89   -4.39 (VIOLATED)
hash.h3_out[28]$_DFFE_PN_/DE            1.50    5.89   -4.39 (VIOLATED)
hash.h3_out[29]$_DFFE_PN_/DE            1.50    5.89   -4.39 (VIOLATED)
hash.h1_out[11]$_DFFE_PN_/DE            1.50    5.89   -4.39 (VIOLATED)
hash.h1_out[12]$_DFFE_PN_/DE            1.50    5.89   -4.39 (VIOLATED)
hash.h3_out[30]$_DFFE_PN_/DE            1.50    5.89   -4.39 (VIOLATED)
hash.h3_out[26]$_DFFE_PN_/DE            1.50    5.89   -4.39 (VIOLATED)
hash.h3_out[27]$_DFFE_PN_/DE            1.50    5.89   -4.39 (VIOLATED)
hash.h3_out[31]$_DFFE_PN_/DE            1.50    5.89   -4.39 (VIOLATED)
hash.h7_out[24]$_DFFE_PN_/DE            1.50    5.89   -4.39 (VIOLATED)
hash.h5_out[18]$_DFFE_PN_/DE            1.50    5.89   -4.39 (VIOLATED)
hash.h5_out[26]$_DFFE_PN_/DE            1.50    5.89   -4.39 (VIOLATED)
hash.h7_out[16]$_DFFE_PN_/DE            1.50    5.89   -4.39 (VIOLATED)
hash.h7_out[17]$_DFFE_PN_/DE            1.50    5.89   -4.39 (VIOLATED)
hash.h2_out[10]$_DFFE_PN_/DE            1.50    5.89   -4.39 (VIOLATED)
hash.h2_out[13]$_DFFE_PN_/DE            1.50    5.89   -4.39 (VIOLATED)
hash.h7_out[20]$_DFFE_PN_/DE            1.50    5.89   -4.39 (VIOLATED)
hash.h7_out[21]$_DFFE_PN_/DE            1.50    5.89   -4.39 (VIOLATED)
hash.h3_out[24]$_DFFE_PN_/DE            1.50    5.89   -4.39 (VIOLATED)
hash.h3_out[25]$_DFFE_PN_/DE            1.50    5.89   -4.39 (VIOLATED)
hash.h2_out[12]$_DFFE_PN_/DE            1.50    5.89   -4.39 (VIOLATED)
hash.h3_out[23]$_DFFE_PN_/DE            1.50    5.89   -4.39 (VIOLATED)
hash.h7_out[19]$_DFFE_PN_/DE            1.50    5.89   -4.39 (VIOLATED)
hash.h7_out[22]$_DFFE_PN_/DE            1.50    5.89   -4.39 (VIOLATED)
hash.h1_out[13]$_DFFE_PN_/DE            1.50    5.89   -4.39 (VIOLATED)
hash.h2_out[14]$_DFFE_PN_/DE            1.50    5.89   -4.39 (VIOLATED)
hash.h3_out[22]$_DFFE_PN_/DE            1.50    5.89   -4.39 (VIOLATED)
hash.h3_out[20]$_DFFE_PN_/DE            1.50    5.89   -4.39 (VIOLATED)
hash.h5_out[24]$_DFFE_PN_/DE            1.50    5.89   -4.39 (VIOLATED)
hash.h5_out[28]$_DFFE_PN_/DE            1.50    5.89   -4.39 (VIOLATED)
hash.h7_out[14]$_DFFE_PN_/DE            1.50    5.89   -4.39 (VIOLATED)
hash.h5_out[22]$_DFFE_PN_/DE            1.50    5.89   -4.39 (VIOLATED)
hash.h7_out[12]$_DFFE_PN_/DE            1.50    5.89   -4.39 (VIOLATED)
hash.h5_out[21]$_DFFE_PN_/DE            1.50    5.89   -4.39 (VIOLATED)
hash.h5_out[23]$_DFFE_PN_/DE            1.50    5.89   -4.39 (VIOLATED)
hash.h5_out[27]$_DFFE_PN_/DE            1.50    5.89   -4.39 (VIOLATED)
hash.h7_out[15]$_DFFE_PN_/DE            1.50    5.89   -4.39 (VIOLATED)
hash.h5_out[19]$_DFFE_PN_/DE            1.50    5.89   -4.39 (VIOLATED)
hash.h1_out[14]$_DFFE_PN_/DE            1.50    5.89   -4.39 (VIOLATED)
hash.h1_out[15]$_DFFE_PN_/DE            1.50    5.89   -4.39 (VIOLATED)
hash.h5_out[25]$_DFFE_PN_/DE            1.50    5.89   -4.39 (VIOLATED)
hash.h1_out[16]$_DFFE_PN_/DE            1.50    5.89   -4.39 (VIOLATED)
hash.h7_out[13]$_DFFE_PN_/DE            1.50    5.89   -4.39 (VIOLATED)
hash.h0_out[19]$_DFFE_PN_/DE            1.50    5.89   -4.39 (VIOLATED)
hash.h2_out[16]$_DFFE_PN_/DE            1.50    5.89   -4.39 (VIOLATED)
hash.h4_out[24]$_DFFE_PN_/DE            1.50    5.89   -4.39 (VIOLATED)
hash.h5_out[20]$_DFFE_PN_/DE            1.50    5.89   -4.39 (VIOLATED)
hash.h5_out[17]$_DFFE_PN_/DE            1.50    5.89   -4.39 (VIOLATED)
hash.h0_out[28]$_DFFE_PN_/DE            1.50    5.89   -4.39 (VIOLATED)
hash.h0_out[30]$_DFFE_PN_/DE            1.50    5.89   -4.39 (VIOLATED)
hash.h1_out[28]$_DFFE_PN_/DE            1.50    5.89   -4.39 (VIOLATED)
hash.h1_out[30]$_DFFE_PN_/DE            1.50    5.89   -4.39 (VIOLATED)
hash.h0_out[22]$_DFFE_PN_/DE            1.50    5.89   -4.39 (VIOLATED)
hash.h0_out[27]$_DFFE_PN_/DE            1.50    5.89   -4.39 (VIOLATED)
hash.h2_out[17]$_DFFE_PN_/DE            1.50    5.89   -4.39 (VIOLATED)
hash.h4_out[28]$_DFFE_PN_/DE            1.50    5.89   -4.39 (VIOLATED)
hash.h5_out[10]$_DFFE_PN_/DE            1.50    5.89   -4.39 (VIOLATED)
hash.h5_out[15]$_DFFE_PN_/DE            1.50    5.89   -4.39 (VIOLATED)
hash.h1_out[17]$_DFFE_PN_/DE            1.50    5.89   -4.39 (VIOLATED)
hash.h2_out[18]$_DFFE_PN_/DE            1.50    5.89   -4.39 (VIOLATED)
hash.h0_out[20]$_DFFE_PN_/DE            1.50    5.89   -4.39 (VIOLATED)
hash.h0_out[21]$_DFFE_PN_/DE            1.50    5.89   -4.39 (VIOLATED)
hash.h2_out[15]$_DFFE_PN_/DE            1.50    5.89   -4.39 (VIOLATED)
hash.h4_out[21]$_DFFE_PN_/DE            1.50    5.89   -4.39 (VIOLATED)
hash.h5_out[16]$_DFFE_PN_/DE            1.50    5.89   -4.39 (VIOLATED)
hash.h0_out[25]$_DFFE_PN_/DE            1.50    5.89   -4.39 (VIOLATED)
hash.h1_out[19]$_DFFE_PN_/DE            1.50    5.89   -4.39 (VIOLATED)
hash.h0_out[24]$_DFFE_PN_/DE            1.50    5.89   -4.39 (VIOLATED)
hash.h0_out[23]$_DFFE_PN_/DE            1.50    5.89   -4.39 (VIOLATED)
hash.h7_out[10]$_DFFE_PN_/DE            1.50    5.89   -4.39 (VIOLATED)
hash.h1_out[18]$_DFFE_PN_/DE            1.50    5.89   -4.39 (VIOLATED)
hash.h2_out[19]$_DFFE_PN_/DE            1.50    5.89   -4.39 (VIOLATED)
hash.h4_out[22]$_DFFE_PN_/DE            1.50    5.89   -4.39 (VIOLATED)
hash.h4_out[23]$_DFFE_PN_/DE            1.50    5.89   -4.39 (VIOLATED)
hash.h0_out[26]$_DFFE_PN_/DE            1.50    5.89   -4.39 (VIOLATED)
hash.h1_out[21]$_DFFE_PN_/DE            1.50    5.89   -4.39 (VIOLATED)
hash.h2_out[20]$_DFFE_PN_/DE            1.50    5.89   -4.39 (VIOLATED)
hash.h4_out[20]$_DFFE_PN_/DE            1.50    5.89   -4.39 (VIOLATED)
hash.h5_out[13]$_DFFE_PN_/DE            1.50    5.89   -4.39 (VIOLATED)
hash.h7_out[11]$_DFFE_PN_/DE            1.50    5.89   -4.39 (VIOLATED)
hash.h0_out[29]$_DFFE_PN_/DE            1.50    5.89   -4.39 (VIOLATED)
hash.h0_out[31]$_DFFE_PN_/DE            1.50    5.89   -4.39 (VIOLATED)
hash.h4_out[25]$_DFFE_PN_/DE            1.50    5.89   -4.39 (VIOLATED)
hash.h4_out[29]$_DFFE_PN_/DE            1.50    5.89   -4.39 (VIOLATED)
hash.h1_out[20]$_DFFE_PN_/DE            1.50    5.89   -4.39 (VIOLATED)
hash.h1_out[23]$_DFFE_PN_/DE            1.50    5.89   -4.39 (VIOLATED)
hash.h6_out[3]$_DFFE_PN_/DE             1.50    5.89   -4.39 (VIOLATED)
hash.h4_out[26]$_DFFE_PN_/DE            1.50    5.89   -4.39 (VIOLATED)
hash.h5_out[12]$_DFFE_PN_/DE            1.50    5.89   -4.39 (VIOLATED)
hash.h5_out[11]$_DFFE_PN_/DE            1.50    5.89   -4.39 (VIOLATED)
hash.h7_out[9]$_DFFE_PN_/DE             1.50    5.89   -4.39 (VIOLATED)
hash.h1_out[25]$_DFFE_PN_/DE            1.50    5.89   -4.39 (VIOLATED)
hash.h1_out[26]$_DFFE_PN_/DE            1.50    5.89   -4.39 (VIOLATED)
hash.h1_out[27]$_DFFE_PN_/DE            1.50    5.89   -4.39 (VIOLATED)
hash.h5_out[9]$_DFFE_PN_/DE             1.50    5.89   -4.39 (VIOLATED)
hash.h1_out[29]$_DFFE_PN_/DE            1.50    5.89   -4.39 (VIOLATED)
hash.h1_out[31]$_DFFE_PN_/DE            1.50    5.89   -4.39 (VIOLATED)
hash.h4_out[4]$_DFFE_PN_/DE             1.50    5.89   -4.39 (VIOLATED)
hash.h4_out[2]$_DFFE_PN_/DE             1.50    5.89   -4.39 (VIOLATED)
hash.h1_out[24]$_DFFE_PN_/DE            1.50    5.89   -4.39 (VIOLATED)
hash.h4_out[1]$_DFFE_PN_/DE             1.50    5.89   -4.39 (VIOLATED)
hash.h4_out[31]$_DFFE_PN_/DE            1.50    5.89   -4.39 (VIOLATED)
hash.h4_out[18]$_DFFE_PN_/DE            1.50    5.89   -4.39 (VIOLATED)
hash.h4_out[19]$_DFFE_PN_/DE            1.50    5.89   -4.39 (VIOLATED)
hash.h4_out[16]$_DFFE_PN_/DE            1.50    5.89   -4.39 (VIOLATED)
hash.h4_out[17]$_DFFE_PN_/DE            1.50    5.89   -4.39 (VIOLATED)
hash.h3_out[16]$_DFFE_PN_/DE            1.50    5.89   -4.39 (VIOLATED)
hash.h3_out[21]$_DFFE_PN_/DE            1.50    5.89   -4.39 (VIOLATED)
hash.h4_out[30]$_DFFE_PN_/DE            1.50    5.89   -4.39 (VIOLATED)
hash.h1_out[22]$_DFFE_PN_/DE            1.50    5.89   -4.39 (VIOLATED)
hash.h2_out[22]$_DFFE_PN_/DE            1.50    5.89   -4.39 (VIOLATED)
hash.h3_out[4]$_DFFE_PN_/DE             1.50    5.89   -4.39 (VIOLATED)
hash.h4_out[0]$_DFFE_PN_/DE             1.50    5.89   -4.39 (VIOLATED)
hash.h5_out[8]$_DFFE_PN_/DE             1.50    5.89   -4.39 (VIOLATED)
hash.h4_out[27]$_DFFE_PN_/DE            1.50    5.89   -4.39 (VIOLATED)
hash.h7_out[8]$_DFFE_PN_/DE             1.50    5.89   -4.39 (VIOLATED)
hash.h2_out[21]$_DFFE_PN_/DE            1.50    5.89   -4.39 (VIOLATED)
hash.h2_out[25]$_DFFE_PN_/DE            1.50    5.89   -4.39 (VIOLATED)
hash.h3_out[19]$_DFFE_PN_/DE            1.50    5.89   -4.39 (VIOLATED)
hash.h3_out[17]$_DFFE_PN_/DE            1.50    5.89   -4.39 (VIOLATED)
hash.h4_out[14]$_DFFE_PN_/DE            1.50    5.89   -4.39 (VIOLATED)
hash.h5_out[14]$_DFFE_PN_/DE            1.50    5.89   -4.39 (VIOLATED)
hash.h5_out[7]$_DFFE_PN_/DE             1.50    5.89   -4.39 (VIOLATED)
hash.h6_out[28]$_DFFE_PN_/DE            1.50    5.89   -4.39 (VIOLATED)
hash.h6_out[29]$_DFFE_PN_/DE            1.50    5.89   -4.39 (VIOLATED)
hash.h6_out[31]$_DFFE_PN_/DE            1.50    5.89   -4.39 (VIOLATED)
hash.h6_out[21]$_DFFE_PN_/DE            1.50    5.89   -4.39 (VIOLATED)
hash.h3_out[0]$_DFFE_PN_/DE             1.50    5.89   -4.39 (VIOLATED)
hash.h6_out[19]$_DFFE_PN_/DE            1.50    5.89   -4.39 (VIOLATED)
hash.h6_out[22]$_DFFE_PN_/DE            1.50    5.89   -4.39 (VIOLATED)
hash.h6_out[23]$_DFFE_PN_/DE            1.50    5.89   -4.39 (VIOLATED)
hash.h6_out[18]$_DFFE_PN_/DE            1.50    5.89   -4.39 (VIOLATED)
hash.h6_out[25]$_DFFE_PN_/DE            1.50    5.89   -4.39 (VIOLATED)
hash.h6_out[26]$_DFFE_PN_/DE            1.50    5.89   -4.39 (VIOLATED)
hash.h6_out[13]$_DFFE_PN_/DE            1.50    5.89   -4.39 (VIOLATED)
hash.h6_out[20]$_DFFE_PN_/DE            1.50    5.89   -4.39 (VIOLATED)
hash.h4_out[12]$_DFFE_PN_/DE            1.50    5.89   -4.39 (VIOLATED)
hash.h4_out[15]$_DFFE_PN_/DE            1.50    5.89   -4.39 (VIOLATED)
hash.h6_out[16]$_DFFE_PN_/DE            1.50    5.89   -4.39 (VIOLATED)
hash.h6_out[6]$_DFFE_PN_/DE             1.50    5.89   -4.39 (VIOLATED)
hash.h2_out[29]$_DFFE_PN_/DE            1.50    5.89   -4.39 (VIOLATED)
hash.h2_out[31]$_DFFE_PN_/DE            1.50    5.89   -4.39 (VIOLATED)
hash.h3_out[2]$_DFFE_PN_/DE             1.50    5.89   -4.39 (VIOLATED)
hash.h6_out[15]$_DFFE_PN_/DE            1.50    5.89   -4.39 (VIOLATED)
hash.h2_out[24]$_DFFE_PN_/DE            1.50    5.89   -4.39 (VIOLATED)
hash.h6_out[14]$_DFFE_PN_/DE            1.50    5.89   -4.39 (VIOLATED)
hash.h6_out[17]$_DFFE_PN_/DE            1.50    5.89   -4.39 (VIOLATED)
hash.h6_out[24]$_DFFE_PN_/DE            1.50    5.89   -4.39 (VIOLATED)
hash.h6_out[27]$_DFFE_PN_/DE            1.50    5.89   -4.39 (VIOLATED)
hash.h3_out[5]$_DFFE_PN_/DE             1.50    5.89   -4.39 (VIOLATED)
hash.h3_out[13]$_DFFE_PN_/DE            1.50    5.89   -4.39 (VIOLATED)
hash.h4_out[10]$_DFFE_PN_/DE            1.50    5.89   -4.39 (VIOLATED)
hash.h7_out[7]$_DFFE_PN_/DE             1.50    5.89   -4.39 (VIOLATED)
hash.h2_out[26]$_DFFE_PN_/DE            1.50    5.89   -4.39 (VIOLATED)
hash.h3_out[1]$_DFFE_PN_/DE             1.50    5.89   -4.39 (VIOLATED)
hash.h3_out[6]$_DFFE_PN_/DE             1.50    5.89   -4.39 (VIOLATED)
hash.h2_out[23]$_DFFE_PN_/DE            1.50    5.89   -4.39 (VIOLATED)
hash.h2_out[27]$_DFFE_PN_/DE            1.50    5.89   -4.39 (VIOLATED)
hash.h2_out[28]$_DFFE_PN_/DE            1.50    5.89   -4.39 (VIOLATED)
hash.h2_out[30]$_DFFE_PN_/DE            1.50    5.89   -4.39 (VIOLATED)
hash.h3_out[3]$_DFFE_PN_/DE             1.50    5.89   -4.39 (VIOLATED)
hash.h4_out[7]$_DFFE_PN_/DE             1.50    5.89   -4.39 (VIOLATED)
hash.h3_out[18]$_DFFE_PN_/DE            1.50    5.89   -4.39 (VIOLATED)
hash.h4_out[8]$_DFFE_PN_/DE             1.50    5.89   -4.39 (VIOLATED)
hash.h3_out[7]$_DFFE_PN_/DE             1.50    5.89   -4.39 (VIOLATED)
hash.h4_out[3]$_DFFE_PN_/DE             1.50    5.89   -4.39 (VIOLATED)
hash.h3_out[14]$_DFFE_PN_/DE            1.50    5.89   -4.39 (VIOLATED)
hash.h6_out[4]$_DFFE_PN_/DE             1.50    5.89   -4.39 (VIOLATED)
hash.h4_out[5]$_DFFE_PN_/DE             1.50    5.89   -4.39 (VIOLATED)
hash.h5_out[6]$_DFFE_PN_/DE             1.50    5.89   -4.39 (VIOLATED)
hash.h7_out[5]$_DFFE_PN_/DE             1.50    5.89   -4.39 (VIOLATED)
hash.h4_out[6]$_DFFE_PN_/DE             1.50    5.89   -4.39 (VIOLATED)
hash.h5_out[1]$_DFFE_PN_/DE             1.50    5.89   -4.39 (VIOLATED)
hash.h5_out[5]$_DFFE_PN_/DE             1.50    5.89   -4.39 (VIOLATED)
hash.h7_out[3]$_DFFE_PN_/DE             1.50    5.89   -4.39 (VIOLATED)
hash.h7_out[4]$_DFFE_PN_/DE             1.50    5.89   -4.39 (VIOLATED)
hash.h7_out[6]$_DFFE_PN_/DE             1.50    5.89   -4.39 (VIOLATED)
hash.h3_out[9]$_DFFE_PN_/DE             1.50    5.89   -4.39 (VIOLATED)
hash.h4_out[11]$_DFFE_PN_/DE            1.50    5.89   -4.39 (VIOLATED)
hash.h4_out[13]$_DFFE_PN_/DE            1.50    5.89   -4.39 (VIOLATED)
hash.h4_out[9]$_DFFE_PN_/DE             1.50    5.89   -4.39 (VIOLATED)
hash.h7_out[0]$_DFFE_PN_/DE             1.50    5.89   -4.39 (VIOLATED)
hash.h7_out[1]$_DFFE_PN_/DE             1.50    5.89   -4.39 (VIOLATED)
hash.h7_out[2]$_DFFE_PN_/DE             1.50    5.89   -4.39 (VIOLATED)
hash.h3_out[10]$_DFFE_PN_/DE            1.50    5.89   -4.39 (VIOLATED)
hash.h3_out[8]$_DFFE_PN_/DE             1.50    5.89   -4.39 (VIOLATED)
hash.h3_out[12]$_DFFE_PN_/DE            1.50    5.89   -4.39 (VIOLATED)
hash.h5_out[4]$_DFFE_PN_/DE             1.50    5.89   -4.39 (VIOLATED)
hash.h6_out[8]$_DFFE_PN_/DE             1.50    5.89   -4.39 (VIOLATED)
hash.h3_out[11]$_DFFE_PN_/DE            1.50    5.89   -4.39 (VIOLATED)
hash.h5_out[0]$_DFFE_PN_/DE             1.50    5.89   -4.39 (VIOLATED)
hash.h5_out[2]$_DFFE_PN_/DE             1.50    5.89   -4.39 (VIOLATED)
hash.h6_out[5]$_DFFE_PN_/DE             1.50    5.89   -4.39 (VIOLATED)
hash.h5_out[3]$_DFFE_PN_/DE             1.50    5.89   -4.39 (VIOLATED)
hash.h6_out[10]$_DFFE_PN_/DE            1.50    5.89   -4.39 (VIOLATED)
hash.h6_out[11]$_DFFE_PN_/DE            1.50    5.89   -4.39 (VIOLATED)
hash.h6_out[12]$_DFFE_PN_/DE            1.50    5.89   -4.39 (VIOLATED)
hash.h3_out[15]$_DFFE_PN_/DE            1.50    5.89   -4.39 (VIOLATED)
hash.h6_out[7]$_DFFE_PN_/DE             1.50    5.89   -4.39 (VIOLATED)
hash.h6_out[9]$_DFFE_PN_/DE             1.50    5.89   -4.39 (VIOLATED)
_18072_/B                               1.50    2.87   -1.37 (VIOLATED)
_17468_/A                               1.50    2.87   -1.37 (VIOLATED)
clone56/A1                              1.50    2.87   -1.37 (VIOLATED)
_18105_/A                               1.50    2.87   -1.37 (VIOLATED)
_18094_/A1                              1.50    2.87   -1.37 (VIOLATED)
_18108_/A                               1.50    2.87   -1.37 (VIOLATED)
_18175_/A                               1.50    2.87   -1.37 (VIOLATED)
_18534_/A                               1.50    2.87   -1.37 (VIOLATED)
_17725_/A                               1.50    2.87   -1.37 (VIOLATED)
_17733_/A                               1.50    2.87   -1.37 (VIOLATED)
_17744_/A                               1.50    2.87   -1.37 (VIOLATED)
_17495_/A                               1.50    2.87   -1.37 (VIOLATED)
_17719_/A                               1.50    2.87   -1.37 (VIOLATED)
_17729_/A                               1.50    2.87   -1.37 (VIOLATED)
_17504_/A                               1.50    2.87   -1.37 (VIOLATED)
_17514_/A                               1.50    2.87   -1.37 (VIOLATED)
_17518_/A                               1.50    2.87   -1.37 (VIOLATED)
_17523_/A                               1.50    2.87   -1.37 (VIOLATED)
_17531_/A                               1.50    2.87   -1.37 (VIOLATED)
_18209_/A                               1.50    2.87   -1.37 (VIOLATED)
_18213_/C1                              1.50    2.87   -1.37 (VIOLATED)
_18215_/A                               1.50    2.87   -1.37 (VIOLATED)
_18212_/A                               1.50    2.87   -1.37 (VIOLATED)
_18224_/A                               1.50    2.87   -1.37 (VIOLATED)
load_slew345/X                          1.51    2.87   -1.36 (VIOLATED)
_15361_/Y                               1.49    2.83   -1.34 (VIOLATED)
_16613_/A1                              1.50    2.83   -1.33 (VIOLATED)
_16755_/A1                              1.50    2.83   -1.33 (VIOLATED)
_16897_/A1                              1.50    2.83   -1.33 (VIOLATED)
_21421_/A                               1.50    2.83   -1.33 (VIOLATED)
_16471_/A1                              1.50    2.83   -1.33 (VIOLATED)
_21314_/A                               1.50    2.83   -1.33 (VIOLATED)
_21565_/A                               1.50    2.83   -1.33 (VIOLATED)
_21493_/A                               1.50    2.83   -1.33 (VIOLATED)
_15364_/A2                              1.50    2.83   -1.33 (VIOLATED)
_16036_/A1                              1.50    2.83   -1.33 (VIOLATED)
_16183_/A1                              1.50    2.83   -1.33 (VIOLATED)
_16329_/A1                              1.50    2.83   -1.33 (VIOLATED)
_21710_/A                               1.50    2.83   -1.33 (VIOLATED)
_21782_/A                               1.50    2.83   -1.33 (VIOLATED)
_21854_/A                               1.50    2.83   -1.33 (VIOLATED)
_21638_/A                               1.50    2.83   -1.33 (VIOLATED)
_22279_/A                               1.50    2.83   -1.33 (VIOLATED)
_22495_/A                               1.50    2.83   -1.33 (VIOLATED)
_22423_/A                               1.50    2.83   -1.33 (VIOLATED)
_22351_/A                               1.50    2.83   -1.33 (VIOLATED)
_22639_/A                               1.50    2.83   -1.33 (VIOLATED)
_22711_/A                               1.50    2.83   -1.33 (VIOLATED)
_22783_/A                               1.50    2.83   -1.33 (VIOLATED)
_22567_/A                               1.50    2.83   -1.33 (VIOLATED)
_22928_/A                               1.50    2.83   -1.33 (VIOLATED)
_23000_/A                               1.50    2.83   -1.33 (VIOLATED)
_23072_/A                               1.50    2.83   -1.33 (VIOLATED)
_21998_/A                               1.50    2.83   -1.33 (VIOLATED)
_22099_/A                               1.50    2.83   -1.33 (VIOLATED)
_22206_/A                               1.50    2.83   -1.33 (VIOLATED)
_21926_/A                               1.50    2.83   -1.33 (VIOLATED)
_22856_/A                               1.50    2.83   -1.33 (VIOLATED)
_20642_/A                               1.50    2.71   -1.21 (VIOLATED)
_20583_/B1                              1.50    2.71   -1.21 (VIOLATED)
_23988_/B                               1.50    2.71   -1.21 (VIOLATED)
_24800_/A                               1.50    2.71   -1.21 (VIOLATED)
_20578_/B1                              1.50    2.71   -1.21 (VIOLATED)
_20586_/B1                              1.50    2.71   -1.21 (VIOLATED)
_20569_/A                               1.50    2.71   -1.21 (VIOLATED)
_20576_/A                               1.50    2.71   -1.21 (VIOLATED)
_21181_/A                               1.50    2.71   -1.21 (VIOLATED)
_21195_/B1                              1.50    2.71   -1.21 (VIOLATED)
_21173_/B1_N                            1.50    2.71   -1.21 (VIOLATED)
_21144_/B1_N                            1.50    2.71   -1.21 (VIOLATED)
_21116_/B1_N                            1.50    2.71   -1.21 (VIOLATED)
reset_hash_dash$_DFF_P_/D               1.50    2.71   -1.21 (VIOLATED)
_21238_/B1_N                            1.50    2.71   -1.21 (VIOLATED)
_20597_/A                               1.50    2.71   -1.21 (VIOLATED)
_20600_/A                               1.50    2.71   -1.21 (VIOLATED)
_21249_/A                               1.50    2.71   -1.21 (VIOLATED)
_20594_/A                               1.50    2.71   -1.21 (VIOLATED)
_20591_/A                               1.50    2.71   -1.21 (VIOLATED)
_20588_/A                               1.50    2.71   -1.21 (VIOLATED)
_24430_/A                               1.50    2.71   -1.21 (VIOLATED)
_24364_/A                               1.50    2.71   -1.21 (VIOLATED)
_24403_/A                               1.50    2.71   -1.21 (VIOLATED)
_24443_/A                               1.50    2.71   -1.21 (VIOLATED)
_24456_/A                               1.50    2.71   -1.21 (VIOLATED)
_24243_/A                               1.50    2.71   -1.21 (VIOLATED)
load_slew349/X                          1.51    2.71   -1.20 (VIOLATED)
_20483_/A                               1.50    1.99   -0.49 (VIOLATED)
_20489_/A                               1.50    1.99   -0.49 (VIOLATED)
_20450_/A                               1.50    1.99   -0.49 (VIOLATED)
_20452_/A                               1.50    1.99   -0.49 (VIOLATED)
_20458_/A                               1.50    1.99   -0.49 (VIOLATED)
_20481_/A                               1.50    1.99   -0.49 (VIOLATED)
_20506_/A                               1.50    1.99   -0.49 (VIOLATED)
_20486_/A                               1.50    1.99   -0.49 (VIOLATED)
_20455_/A                               1.50    1.99   -0.49 (VIOLATED)
_20520_/A                               1.50    1.99   -0.49 (VIOLATED)
_20517_/A                               1.50    1.99   -0.49 (VIOLATED)
_20527_/A                               1.50    1.99   -0.49 (VIOLATED)
_20475_/A                               1.50    1.99   -0.49 (VIOLATED)
_20465_/A                               1.50    1.99   -0.49 (VIOLATED)
_20496_/A                               1.50    1.99   -0.49 (VIOLATED)
_20530_/A                               1.50    1.99   -0.49 (VIOLATED)
_20472_/A                               1.50    1.99   -0.49 (VIOLATED)
_20470_/A                               1.50    1.99   -0.49 (VIOLATED)
_20479_/A                               1.50    1.99   -0.49 (VIOLATED)
_20522_/A                               1.50    1.99   -0.49 (VIOLATED)
_20491_/A                               1.50    1.99   -0.49 (VIOLATED)
_20499_/A                               1.50    1.99   -0.49 (VIOLATED)
_15305_/A                               1.50    1.99   -0.49 (VIOLATED)
_20449_/A                               1.50    1.99   -0.49 (VIOLATED)
_20511_/A                               1.50    1.99   -0.49 (VIOLATED)
_20558_/C1                              1.50    1.99   -0.49 (VIOLATED)
reset_hash$_DFF_P_/D                    1.50    1.99   -0.49 (VIOLATED)
_16165_/A                               1.50    1.99   -0.49 (VIOLATED)
load_slew771/X                          1.51    1.99   -0.49 (VIOLATED)
_20509_/A                               1.50    1.71   -0.21 (VIOLATED)
_20501_/A                               1.50    1.71   -0.21 (VIOLATED)
_16384_/C                               1.50    1.71   -0.21 (VIOLATED)
_23948_/A                               1.50    1.71   -0.21 (VIOLATED)
_22210_/C                               1.50    1.71   -0.21 (VIOLATED)
_22787_/A                               1.50    1.71   -0.21 (VIOLATED)
_21569_/A                               1.50    1.71   -0.21 (VIOLATED)
_15668_/A                               1.50    1.71   -0.21 (VIOLATED)
_16952_/A                               1.50    1.71   -0.21 (VIOLATED)
_16091_/A                               1.50    1.71   -0.21 (VIOLATED)
_16238_/A                               1.50    1.71   -0.21 (VIOLATED)
_20563_/A                               1.50    1.71   -0.21 (VIOLATED)
_20551_/B1                              1.50    1.71   -0.21 (VIOLATED)
_20546_/A                               1.50    1.71   -0.21 (VIOLATED)
_20549_/B1                              1.50    1.71   -0.21 (VIOLATED)
load_slew771/A                          1.50    1.71   -0.21 (VIOLATED)
_20544_/A                               1.50    1.71   -0.21 (VIOLATED)
_16311_/A                               1.50    1.71   -0.21 (VIOLATED)
_16018_/A                               1.50    1.71   -0.21 (VIOLATED)
_20538_/A                               1.50    1.71   -0.21 (VIOLATED)
_20468_/A                               1.50    1.71   -0.21 (VIOLATED)
_20462_/A                               1.50    1.71   -0.21 (VIOLATED)
load_slew772/X                          1.51    1.71   -0.20 (VIOLATED)

max capacitance

Pin                                    Limit     Cap   Slack
------------------------------------------------------------
_18750_/Y                               0.32    1.34   -1.01 (VIOLATED)
load_slew345/X                          0.13    0.25   -0.12 (VIOLATED)
load_slew349/X                          0.13    0.24   -0.11 (VIOLATED)
_15361_/Y                               0.08    0.16   -0.08 (VIOLATED)
load_slew771/X                          0.13    0.18   -0.05 (VIOLATED)
load_slew772/X                          0.13    0.15   -0.02 (VIOLATED)


==========================================================================
global route max_slew_check_slack
--------------------------------------------------------------------------
-4.392866611480713

==========================================================================
global route max_slew_check_limit
--------------------------------------------------------------------------
1.5

==========================================================================
global route max_slew_check_slack_limit
--------------------------------------------------------------------------
-2.9286

==========================================================================
global route max_fanout_check_slack
--------------------------------------------------------------------------
1.0000000150474662e+30

==========================================================================
global route max_fanout_check_limit
--------------------------------------------------------------------------
1.0000000150474662e+30

==========================================================================
global route max_capacitance_check_slack
--------------------------------------------------------------------------
-1.0139528512954712

==========================================================================
global route max_capacitance_check_limit
--------------------------------------------------------------------------
0.3213599920272827

==========================================================================
global route max_capacitance_check_slack_limit
--------------------------------------------------------------------------
-3.1552

==========================================================================
global route max_slew_violation_count
--------------------------------------------------------------------------
max slew violation count 395

==========================================================================
global route max_fanout_violation_count
--------------------------------------------------------------------------
max fanout violation count 0

==========================================================================
global route max_cap_violation_count
--------------------------------------------------------------------------
max cap violation count 6

==========================================================================
global route setup_violation_count
--------------------------------------------------------------------------
setup violation count 36

==========================================================================
global route hold_violation_count
--------------------------------------------------------------------------
hold violation count 0

==========================================================================
global route report_checks -path_delay max reg to reg
--------------------------------------------------------------------------
Startpoint: hash.p3_cap[0]$_DFF_P_
            (rising edge-triggered flip-flop clocked by core_clock)
Endpoint: hash.p1_cap[31]$_DFF_P_
          (rising edge-triggered flip-flop clocked by core_clock)
Path Group: core_clock
Path Type: max

  Delay    Time   Description
---------------------------------------------------------
   0.00    0.00   clock core_clock (rise edge)
   0.00    0.00   clock source latency
   0.00    0.00 ^ clk (in)
   0.24    0.24 ^ clkbuf_0_clk/X (sky130_fd_sc_hd__clkbuf_16)
   0.31    0.54 ^ clkbuf_2_1_0_clk/X (sky130_fd_sc_hd__clkbuf_16)
   0.26    0.81 ^ clkbuf_5_10__f_clk/X (sky130_fd_sc_hd__clkbuf_16)
   0.18    0.99 ^ clkbuf_leaf_214_clk/X (sky130_fd_sc_hd__clkbuf_16)
   0.00    0.99 ^ hash.p3_cap[0]$_DFF_P_/CLK (sky130_fd_sc_hd__dfxtp_2)
   0.33    1.32 v hash.p3_cap[0]$_DFF_P_/Q (sky130_fd_sc_hd__dfxtp_2)
   0.17    1.50 v _27514_/COUT (sky130_fd_sc_hd__ha_4)
   0.43    1.92 v _27309_/COUT (sky130_fd_sc_hd__fa_2)
   0.31    2.23 ^ _14791_/Y (sky130_fd_sc_hd__a211oi_4)
   0.20    2.43 v _14795_/Y (sky130_fd_sc_hd__o211ai_1)
   0.27    2.69 v _14799_/X (sky130_fd_sc_hd__and4_4)
   0.41    3.11 ^ _14804_/Y (sky130_fd_sc_hd__nor4bb_4)
   0.24    3.35 ^ _14806_/X (sky130_fd_sc_hd__or4_4)
   0.07    3.42 v _14812_/Y (sky130_fd_sc_hd__a21oi_4)
   0.22    3.64 v _14885_/X (sky130_fd_sc_hd__o21a_1)
   0.20    3.84 ^ _14886_/Y (sky130_fd_sc_hd__nor2_4)
   0.36    4.20 ^ _14887_/X (sky130_fd_sc_hd__xor2_4)
   0.13    4.34 v _14895_/Y (sky130_fd_sc_hd__xnor2_4)
   0.56    4.90 ^ _27313_/SUM (sky130_fd_sc_hd__fa_1)
   0.06    4.96 v _20197_/Y (sky130_fd_sc_hd__inv_1)
   0.50    5.46 ^ _27314_/SUM (sky130_fd_sc_hd__fa_1)
   0.06    5.52 v _19627_/Y (sky130_fd_sc_hd__inv_1)
   0.37    5.90 v _27315_/COUT (sky130_fd_sc_hd__fa_2)
   0.16    6.06 ^ _17055_/Y (sky130_fd_sc_hd__nor2b_4)
   0.21    6.27 v _17096_/Y (sky130_fd_sc_hd__o211ai_1)
   0.38    6.64 ^ _17117_/Y (sky130_fd_sc_hd__a211oi_4)
   0.17    6.82 v _17137_/Y (sky130_fd_sc_hd__o21ai_4)
   0.32    7.14 ^ _17226_/Y (sky130_fd_sc_hd__o31ai_4)
   0.17    7.31 v _17291_/Y (sky130_fd_sc_hd__nand3_2)
   0.23    7.54 ^ _17314_/Y (sky130_fd_sc_hd__a31oi_4)
   0.08    7.62 v _17358_/Y (sky130_fd_sc_hd__nor4_1)
   0.56    8.18 v _17361_/X (sky130_fd_sc_hd__or4_4)
   0.18    8.36 v _17362_/X (sky130_fd_sc_hd__xor2_2)
   0.28    8.64 ^ _17363_/Y (sky130_fd_sc_hd__xnor2_2)
   0.13    8.77 v _17364_/Y (sky130_fd_sc_hd__nand2_8)
   0.22    8.99 ^ _20323_/Y (sky130_fd_sc_hd__xnor2_4)
   0.24    9.24 v _27741_/SUM (sky130_fd_sc_hd__ha_4)
   0.20    9.44 v _23177_/X (sky130_fd_sc_hd__and3_4)
   0.30    9.74 ^ _23180_/Y (sky130_fd_sc_hd__a221oi_4)
   0.15    9.89 v _23181_/Y (sky130_fd_sc_hd__clkinv_2)
   0.33   10.22 ^ _23193_/Y (sky130_fd_sc_hd__o31ai_4)
   0.14   10.36 v _23196_/Y (sky130_fd_sc_hd__a21oi_4)
   0.24   10.60 v _23216_/X (sky130_fd_sc_hd__a41o_4)
   0.46   11.06 v _23244_/X (sky130_fd_sc_hd__or4_4)
   0.18   11.23 ^ _23260_/Y (sky130_fd_sc_hd__a31oi_4)
   0.12   11.35 v _23261_/Y (sky130_fd_sc_hd__o21bai_1)
   0.16   11.51 v _23262_/X (sky130_fd_sc_hd__xor2_1)
   0.14   11.66 v _23263_/Y (sky130_fd_sc_hd__xnor2_1)
   0.00   11.66 v hash.p1_cap[31]$_DFF_P_/D (sky130_fd_sc_hd__dfxtp_1)
          11.66   data arrival time

  10.00   10.00   clock core_clock (rise edge)
   0.00   10.00   clock source latency
   0.00   10.00 ^ clk (in)
   0.24   10.24 ^ clkbuf_0_clk/X (sky130_fd_sc_hd__clkbuf_16)
   0.31   10.54 ^ clkbuf_2_1_0_clk/X (sky130_fd_sc_hd__clkbuf_16)
   0.27   10.82 ^ clkbuf_5_11__f_clk/X (sky130_fd_sc_hd__clkbuf_16)
   0.19   11.00 ^ clkbuf_leaf_203_clk/X (sky130_fd_sc_hd__clkbuf_16)
   0.00   11.00 ^ hash.p1_cap[31]$_DFF_P_/CLK (sky130_fd_sc_hd__dfxtp_1)
   0.00   11.00   clock reconvergence pessimism
  -0.11   10.89   library setup time
          10.89   data required time
---------------------------------------------------------
          10.89   data required time
         -11.66   data arrival time
---------------------------------------------------------
          -0.77   slack (VIOLATED)



==========================================================================
global route report_checks -path_delay min reg to reg
--------------------------------------------------------------------------
Startpoint: ready_dash$_SDFF_PP0_
            (rising edge-triggered flip-flop clocked by core_clock)
Endpoint: ready$_DFF_P_ (rising edge-triggered flip-flop clocked by core_clock)
Path Group: core_clock
Path Type: min

  Delay    Time   Description
---------------------------------------------------------
   0.00    0.00   clock core_clock (rise edge)
   0.00    0.00   clock source latency
   0.00    0.00 ^ clk (in)
   0.24    0.24 ^ clkbuf_0_clk/X (sky130_fd_sc_hd__clkbuf_16)
   0.31    0.54 ^ clkbuf_2_1_0_clk/X (sky130_fd_sc_hd__clkbuf_16)
   0.27    0.82 ^ clkbuf_5_13__f_clk/X (sky130_fd_sc_hd__clkbuf_16)
   0.19    1.00 ^ clkbuf_leaf_182_clk/X (sky130_fd_sc_hd__clkbuf_16)
   0.00    1.01 ^ ready_dash$_SDFF_PP0_/CLK (sky130_fd_sc_hd__dfxtp_1)
   0.43    1.43 v ready_dash$_SDFF_PP0_/Q (sky130_fd_sc_hd__dfxtp_1)
   0.00    1.44 v ready$_DFF_P_/D (sky130_fd_sc_hd__dfxtp_1)
           1.44   data arrival time

   0.00    0.00   clock core_clock (rise edge)
   0.00    0.00   clock source latency
   0.00    0.00 ^ clk (in)
   0.24    0.24 ^ clkbuf_0_clk/X (sky130_fd_sc_hd__clkbuf_16)
   0.31    0.54 ^ clkbuf_2_1_0_clk/X (sky130_fd_sc_hd__clkbuf_16)
   0.27    0.81 ^ clkbuf_5_15__f_clk/X (sky130_fd_sc_hd__clkbuf_16)
   0.18    0.99 ^ clkbuf_leaf_193_clk/X (sky130_fd_sc_hd__clkbuf_16)
   0.00    0.99 ^ ready$_DFF_P_/CLK (sky130_fd_sc_hd__dfxtp_1)
   0.00    0.99   clock reconvergence pessimism
  -0.11    0.88   library hold time
           0.88   data required time
---------------------------------------------------------
           0.88   data required time
          -1.44   data arrival time
---------------------------------------------------------
           0.55   slack (MET)



==========================================================================
global route critical path target clock latency max path
--------------------------------------------------------------------------
1.0319

==========================================================================
global route critical path target clock latency min path
--------------------------------------------------------------------------
1.0576

==========================================================================
global route critical path source clock latency min path
--------------------------------------------------------------------------
0.0000

==========================================================================
global route critical path delay
--------------------------------------------------------------------------
11.6566

==========================================================================
global route critical path slack
--------------------------------------------------------------------------
-0.7676

==========================================================================
global route slack div critical path delay
--------------------------------------------------------------------------
-6.585111

==========================================================================
global route report_power
--------------------------------------------------------------------------
Group                  Internal  Switching    Leakage      Total
                          Power      Power      Power      Power (Watts)
----------------------------------------------------------------
Sequential             1.93e-02   3.26e-03   2.77e-08   2.26e-02   4.6%
Combinational          1.86e-01   2.73e-01   5.43e-08   4.59e-01  92.8%
Clock                  7.10e-03   5.79e-03   5.22e-09   1.29e-02   2.6%
Macro                  0.00e+00   0.00e+00   0.00e+00   0.00e+00   0.0%
Pad                    0.00e+00   0.00e+00   0.00e+00   0.00e+00   0.0%
----------------------------------------------------------------
Total                  2.12e-01   2.82e-01   8.72e-08   4.95e-01 100.0%
                          42.9%      57.1%       0.0%
